Component: ARM Compiler 5.06 update 7 (build 960) Tool: armlink [4d3601]

==============================================================================

Section Cross References

    adc0_singleended_multichannel_timertrigger.o(i.ADC0SS2_IRQHandler) refers to adc0_singleended_multichannel_timertrigger.o(.data) for getADCValue
    adc0_singleended_multichannel_timertrigger.o(i.ADC0SS2_IRQHandler) refers to adc0_singleended_multichannel_timertrigger.o(.bss) for dstBufferProcess
    adc0_singleended_multichannel_timertrigger.o(i.ConfigureUART) refers to uartstdio.o(i.UARTStdioConfig) for UARTStdioConfig
    adc0_singleended_multichannel_timertrigger.o(i.main) refers to sysctl.o(i.SysCtlClockFreqSet) for SysCtlClockFreqSet
    adc0_singleended_multichannel_timertrigger.o(i.main) refers to adc0_singleended_multichannel_timertrigger.o(i.ConfigureUART) for ConfigureUART
    adc0_singleended_multichannel_timertrigger.o(i.main) refers to uartstdio.o(i.UARTprintf) for UARTprintf
    adc0_singleended_multichannel_timertrigger.o(i.main) refers to adc.o(i.ADCSequenceStepConfigure) for ADCSequenceStepConfigure
    adc0_singleended_multichannel_timertrigger.o(i.main) refers to timer.o(i.TimerControlTrigger) for TimerControlTrigger
    adc0_singleended_multichannel_timertrigger.o(i.main) refers to arm_cfft_q15.o(i.arm_cfft_q15) for arm_cfft_q15
    adc0_singleended_multichannel_timertrigger.o(i.main) refers to arm_cmplx_mag_q15.o(i.arm_cmplx_mag_q15) for arm_cmplx_mag_q15
    adc0_singleended_multichannel_timertrigger.o(i.main) refers to arm_max_q15.o(i.arm_max_q15) for arm_max_q15
    adc0_singleended_multichannel_timertrigger.o(i.main) refers to dflt_clz.o(x$fpl$dflt) for __aeabi_i2d
    adc0_singleended_multichannel_timertrigger.o(i.main) refers to dmul.o(x$fpl$dmul) for __aeabi_dmul
    adc0_singleended_multichannel_timertrigger.o(i.main) refers to daddsub_clz.o(x$fpl$dsub) for __aeabi_dsub
    adc0_singleended_multichannel_timertrigger.o(i.main) refers to dfix.o(x$fpl$dfix) for __aeabi_d2iz
    adc0_singleended_multichannel_timertrigger.o(i.main) refers to adc0_singleended_multichannel_timertrigger.o(.data) for bgetConvStatus
    adc0_singleended_multichannel_timertrigger.o(i.main) refers to adc0_singleended_multichannel_timertrigger.o(.bss) for dstBufferProcess
    adc0_singleended_multichannel_timertrigger.o(i.main) refers to arm_const_structs.o(.constdata) for arm_cfft_sR_q15_len1024
    system_msp432e401y.o(i.SystemCoreClockUpdate) refers to system_msp432e401y.o(.data) for SystemCoreClock
    system_msp432e401y.o(i.SystemInit) refers to system_msp432e401y.o(.data) for SystemCoreClock
    startup_msp432e401y_uvision.o(STACK) refers (Special) to heapauxi.o(.text) for __use_two_region_memory
    startup_msp432e401y_uvision.o(HEAP) refers (Special) to heapauxi.o(.text) for __use_two_region_memory
    startup_msp432e401y_uvision.o(RESET) refers (Special) to heapauxi.o(.text) for __use_two_region_memory
    startup_msp432e401y_uvision.o(RESET) refers to startup_msp432e401y_uvision.o(STACK) for __initial_sp
    startup_msp432e401y_uvision.o(RESET) refers to startup_msp432e401y_uvision.o(.text) for Reset_Handler
    startup_msp432e401y_uvision.o(RESET) refers to adc0_singleended_multichannel_timertrigger.o(i.ADC0SS2_IRQHandler) for ADC0SS2_IRQHandler
    startup_msp432e401y_uvision.o(.text) refers (Special) to heapauxi.o(.text) for __use_two_region_memory
    startup_msp432e401y_uvision.o(.text) refers to system_msp432e401y.o(i.SystemInit) for SystemInit
    startup_msp432e401y_uvision.o(.text) refers to __main.o(!!!main) for __main
    startup_msp432e401y_uvision.o(.text) refers to startup_msp432e401y_uvision.o(HEAP) for Heap_Mem
    startup_msp432e401y_uvision.o(.text) refers to startup_msp432e401y_uvision.o(STACK) for Stack_Mem
    uartstdio.o(i.UARTStdioConfig) refers to uartstdio.o(.constdata) for g_ui32UARTPeriph
    uartstdio.o(i.UARTStdioConfig) refers to uartstdio.o(.data) for g_ui32Base
    uartstdio.o(i.UARTgetc) refers to uartstdio.o(.data) for g_ui32Base
    uartstdio.o(i.UARTgets) refers to uartstdio.o(i.UARTwrite) for UARTwrite
    uartstdio.o(i.UARTgets) refers to uartstdio.o(.data) for g_ui32Base
    uartstdio.o(i.UARTprintf) refers to uartstdio.o(i.UARTvprintf) for UARTvprintf
    uartstdio.o(i.UARTvprintf) refers to uartstdio.o(i.UARTwrite) for UARTwrite
    uartstdio.o(i.UARTvprintf) refers to uartstdio.o(.constdata) for g_pcHex
    uartstdio.o(i.UARTwrite) refers to uartstdio.o(.data) for g_ui32Base
    uartstdio.o(.constdata) refers to uartstdio.o(.conststring) for .conststring
    adc.o(i.ADCIntRegister) refers to adc.o(i._ADCIntNumberGet) for _ADCIntNumberGet
    adc.o(i.ADCIntRegister) refers to interrupt.o(i.IntRegister) for IntRegister
    adc.o(i.ADCIntRegister) refers to interrupt.o(i.IntEnable) for IntEnable
    adc.o(i.ADCIntUnregister) refers to adc.o(i._ADCIntNumberGet) for _ADCIntNumberGet
    adc.o(i.ADCIntUnregister) refers to interrupt.o(i.IntDisable) for IntDisable
[...]
    libshutdown.o(.ARM.Collect$$libshutdown$$00000000) refers (Special) to libshutdown2.o(.ARM.Collect$$libshutdown$$00000002) for __rt_lib_shutdown_fini_1
    libshutdown.o(.ARM.Collect$$libshutdown$$00000000) refers (Special) to libshutdown2.o(.ARM.Collect$$libshutdown$$00000009) for __rt_lib_shutdown_fp_trap_1
    libshutdown.o(.ARM.Collect$$libshutdown$$00000000) refers (Special) to libshutdown2.o(.ARM.Collect$$libshutdown$$00000011) for __rt_lib_shutdown_heap_1
    libshutdown.o(.ARM.Collect$$libshutdown$$00000000) refers (Special) to libshutdown2.o(.ARM.Collect$$libshutdown$$00000012) for __rt_lib_shutdown_return
    libshutdown.o(.ARM.Collect$$libshutdown$$00000000) refers (Special) to libshutdown2.o(.ARM.Collect$$libshutdown$$0000000C) for __rt_lib_shutdown_signal_1
    libshutdown.o(.ARM.Collect$$libshutdown$$00000000) refers (Special) to libshutdown2.o(.ARM.Collect$$libshutdown$$00000006) for __rt_lib_shutdown_stdio_1
    libshutdown.o(.ARM.Collect$$libshutdown$$00000000) refers (Special) to libshutdown2.o(.ARM.Collect$$libshutdown$$0000000E) for __rt_lib_shutdown_user_alloc_1
    sys_command.o(.text) refers (Special) to use_no_semi.o(.text) for __I$use$semihosting
    sys_command.o(.text) refers (Special) to indicate_semi.o(.text) for __semihosting_library_function
    defsig_rtmem_outer.o(.text) refers to defsig_rtmem_inner.o(.text) for __rt_SIGRTMEM_inner
    defsig_rtmem_outer.o(.text) refers to defsig_exit.o(.text) for __sig_exit
    defsig_rtmem_formal.o(.text) refers to rt_raise.o(.text) for __rt_raise
    rt_raise.o(.text) refers to __raise.o(.text) for __raise
    rt_raise.o(.text) refers to sys_exit.o(.text) for _sys_exit
    defsig_exit.o(.text) refers to sys_exit.o(.text) for _sys_exit
    defsig_rtmem_inner.o(.text) refers to defsig_general.o(.text) for __default_signal_display
    __raise.o(.text) refers to defsig.o(CL$$defsig) for __default_signal_handler
    defsig_general.o(.text) refers to sys_wrch.o(.text) for _ttywrch
    sys_wrch.o(.text) refers (Special) to use_no_semi.o(.text) for __I$use$semihosting
    sys_wrch.o(.text) refers (Special) to indicate_semi.o(.text) for __semihosting_library_function
    defsig.o(CL$$defsig) refers to defsig_rtmem_inner.o(.text) for __rt_SIGRTMEM_inner
    defsig_abrt_inner.o(.text) refers to defsig_general.o(.text) for __default_signal_display
    defsig_fpe_inner.o(.text) refers to defsig_general.o(.text) for __default_signal_display
    defsig_rtred_inner.o(.text) refers to defsig_general.o(.text) for __default_signal_display
    defsig_stak_inner.o(.text) refers to defsig_general.o(.text) for __default_signal_display
    defsig_pvfn_inner.o(.text) refers to defsig_general.o(.text) for __default_signal_display
    defsig_cppl_inner.o(.text) refers to defsig_general.o(.text) for __default_signal_display
    defsig_segv_inner.o(.text) refers to defsig_general.o(.text) for __default_signal_display
    defsig_other.o(.text) refers to defsig_general.o(.text) for __default_signal_display


==============================================================================

Removing Unused input sections from the image.

    Removing adc0_singleended_multichannel_timertrigger.o(.rev16_text), (4 bytes).
    Removing adc0_singleended_multichannel_timertrigger.o(.revsh_text), (4 bytes).
    Removing adc0_singleended_multichannel_timertrigger.o(.rrx_text), (6 bytes).
    Removing system_msp432e401y.o(.rev16_text), (4 bytes).
    Removing system_msp432e401y.o(.revsh_text), (4 bytes).
    Removing system_msp432e401y.o(.rrx_text), (6 bytes).
    Removing system_msp432e401y.o(i.SystemCoreClockUpdate), (240 bytes).
    Removing uartstdio.o(.rev16_text), (4 bytes).
    Removing uartstdio.o(.revsh_text), (4 bytes).
    Removing uartstdio.o(.rrx_text), (6 bytes).
    Removing uartstdio.o(i.UARTgetc), (24 bytes).
    Removing uartstdio.o(i.UARTgets), (156 bytes).
    Removing adc.o(.rev16_text), (4 bytes).
    Removing adc.o(.revsh_text), (4 bytes).
    Removing adc.o(.rrx_text), (6 bytes).
    Removing adc.o(i.ADCBusy), (8 bytes).
    Removing adc.o(i.ADCClockConfigGet), (32 bytes).
    Removing adc.o(i.ADCClockConfigSet), (28 bytes).
    Removing adc.o(i.ADCComparatorConfigure), (10 bytes).
    Removing adc.o(i.ADCComparatorIntClear), (4 bytes).
    Removing adc.o(i.ADCComparatorIntDisable), (14 bytes).
    Removing adc.o(i.ADCComparatorIntEnable), (14 bytes).
    Removing adc.o(i.ADCComparatorIntStatus), (4 bytes).
    Removing adc.o(i.ADCComparatorRegionSet), (14 bytes).
    Removing adc.o(i.ADCComparatorReset), (28 bytes).
    Removing adc.o(i.ADCHardwareOversampleConfigure), (18 bytes).
    Removing adc.o(i.ADCIntClear), (8 bytes).
    Removing adc.o(i.ADCIntClearEx), (4 bytes).
    Removing adc.o(i.ADCIntDisable), (12 bytes).
    Removing adc.o(i.ADCIntDisableEx), (8 bytes).
    Removing adc.o(i.ADCIntEnable), (14 bytes).
    Removing adc.o(i.ADCIntEnableEx), (8 bytes).
    Removing adc.o(i.ADCIntRegister), (26 bytes).
    Removing adc.o(i.ADCIntStatus), (44 bytes).
    Removing adc.o(i.ADCIntStatusEx), (18 bytes).
    Removing adc.o(i.ADCIntUnregister), (22 bytes).
    Removing adc.o(i.ADCPhaseDelayGet), (4 bytes).
    Removing adc.o(i.ADCPhaseDelaySet), (4 bytes).
    Removing adc.o(i.ADCProcessorTrigger), (22 bytes).
    Removing adc.o(i.ADCReferenceGet), (8 bytes).
    Removing adc.o(i.ADCReferenceSet), (12 bytes).
    Removing adc.o(i.ADCSequenceConfigure), (38 bytes).
    Removing adc.o(i.ADCSequenceDMADisable), (14 bytes).
    Removing adc.o(i.ADCSequenceDMAEnable), (14 bytes).
    Removing adc.o(i.ADCSequenceDataGet), (28 bytes).
    Removing adc.o(i.ADCSequenceDisable), (12 bytes).
    Removing adc.o(i.ADCSequenceEnable), (12 bytes).
    Removing adc.o(i.ADCSequenceOverflow), (10 bytes).
    Removing adc.o(i.ADCSequenceOverflowClear), (8 bytes).
    Removing adc.o(i.ADCSequenceUnderflow), (10 bytes).
    Removing adc.o(i.ADCSequenceUnderflowClear), (8 bytes).
    Removing adc.o(i.ADCSoftwareOversampleConfigure), (48 bytes).
    Removing adc.o(i.ADCSoftwareOversampleDataGet), (76 bytes).
    Removing adc.o(i.ADCSoftwareOversampleStepConfigure), (128 bytes).
    Removing adc.o(i._ADCIntNumberGet), (24 bytes).
    Removing adc.o(.data), (6 bytes).
    Removing sysctl.o(.emb_text), (6 bytes).
    Removing sysctl.o(i.SysCtlAltClkConfig), (12 bytes).
    Removing sysctl.o(i.SysCtlClockOutConfig), (20 bytes).
    Removing sysctl.o(i.SysCtlDeepSleep), (32 bytes).
    Removing sysctl.o(i.SysCtlDeepSleepClockConfigSet), (64 bytes).
    Removing sysctl.o(i.SysCtlDeepSleepPowerSet), (12 bytes).
    Removing sysctl.o(i.SysCtlFlashSectorSizeGet), (20 bytes).
    Removing sysctl.o(i.SysCtlFlashSizeGet), (16 bytes).
    Removing sysctl.o(i.SysCtlIntClear), (12 bytes).
    Removing sysctl.o(i.SysCtlIntDisable), (16 bytes).
    Removing sysctl.o(i.SysCtlIntEnable), (16 bytes).
    Removing sysctl.o(i.SysCtlIntRegister), (20 bytes).
    Removing sysctl.o(i.SysCtlIntStatus), (16 bytes).
    Removing sysctl.o(i.SysCtlIntUnregister), (18 bytes).
    Removing sysctl.o(i.SysCtlLDODeepSleepGet), (12 bytes).
    Removing sysctl.o(i.SysCtlLDODeepSleepSet), (12 bytes).
    Removing sysctl.o(i.SysCtlMOSCConfigSet), (12 bytes).
    Removing sysctl.o(i.SysCtlNMIClear), (16 bytes).
    Removing sysctl.o(i.SysCtlNMIStatus), (12 bytes).
    Removing sysctl.o(i.SysCtlPIOSCCalibrate), (72 bytes).
    Removing sysctl.o(i.SysCtlPeripheralClockGating), (28 bytes).
    Removing sysctl.o(i.SysCtlPeripheralDeepSleepDisable), (40 bytes).
    Removing sysctl.o(i.SysCtlPeripheralDeepSleepEnable), (40 bytes).
    Removing sysctl.o(i.SysCtlPeripheralDisable), (40 bytes).
    Removing sysctl.o(i.SysCtlPeripheralEnable), (40 bytes).
    Removing sysctl.o(i.SysCtlPeripheralPowerOff), (40 bytes).
    Removing sysctl.o(i.SysCtlPeripheralPowerOn), (40 bytes).
    Removing sysctl.o(i.SysCtlPeripheralPresent), (44 bytes).
    Removing sysctl.o(i.SysCtlPeripheralReady), (44 bytes).
    Removing sysctl.o(i.SysCtlPeripheralReset), (60 bytes).
    Removing sysctl.o(i.SysCtlPeripheralSleepDisable), (40 bytes).
    Removing sysctl.o(i.SysCtlPeripheralSleepEnable), (40 bytes).
    Removing sysctl.o(i.SysCtlReset), (16 bytes).
    Removing sysctl.o(i.SysCtlResetBehaviorGet), (12 bytes).
    Removing sysctl.o(i.SysCtlResetBehaviorSet), (12 bytes).
    Removing sysctl.o(i.SysCtlResetCauseClear), (16 bytes).
    Removing sysctl.o(i.SysCtlResetCauseGet), (12 bytes).
    Removing sysctl.o(i.SysCtlSRAMSizeGet), (16 bytes).
    Removing sysctl.o(i.SysCtlSleep), (4 bytes).
    Removing sysctl.o(i.SysCtlSleepPowerSet), (12 bytes).
    Removing sysctl.o(i.SysCtlVCOGet), (88 bytes).
    Removing sysctl.o(i.SysCtlVoltageEventClear), (16 bytes).
    Removing sysctl.o(i.SysCtlVoltageEventConfig), (12 bytes).
    Removing sysctl.o(i.SysCtlVoltageEventStatus), (12 bytes).
    Removing timer.o(.rev16_text), (4 bytes).
    Removing timer.o(.revsh_text), (4 bytes).
    Removing timer.o(.rrx_text), (6 bytes).
    Removing timer.o(i.TimerADCEventGet), (4 bytes).
    Removing timer.o(i.TimerADCEventSet), (4 bytes).
    Removing timer.o(i.TimerClockSourceGet), (6 bytes).
    Removing timer.o(i.TimerClockSourceSet), (6 bytes).
    Removing timer.o(i.TimerConfigure), (52 bytes).
    Removing timer.o(i.TimerControlEvent), (18 bytes).
    Removing timer.o(i.TimerControlLevel), (22 bytes).
    Removing timer.o(i.TimerControlStall), (22 bytes).
    Removing timer.o(i.TimerControlWaitOnTrigger), (46 bytes).
    Removing timer.o(i.TimerDMAEventGet), (4 bytes).
    Removing timer.o(i.TimerDMAEventSet), (4 bytes).
    Removing timer.o(i.TimerDisable), (14 bytes).
    Removing timer.o(i.TimerEnable), (14 bytes).
    Removing timer.o(i.TimerIntClear), (4 bytes).
    Removing timer.o(i.TimerIntDisable), (8 bytes).
    Removing timer.o(i.TimerIntEnable), (8 bytes).
    Removing timer.o(i.TimerIntRegister), (26 bytes).
    Removing timer.o(i.TimerIntStatus), (10 bytes).
    Removing timer.o(i.TimerIntUnregister), (22 bytes).
    Removing timer.o(i.TimerLoadGet), (12 bytes).
    Removing timer.o(i.TimerLoadSet), (18 bytes).
    Removing timer.o(i.TimerMatchGet), (12 bytes).
    Removing timer.o(i.TimerMatchSet), (18 bytes).
    Removing timer.o(i.TimerPrescaleGet), (12 bytes).
    Removing timer.o(i.TimerPrescaleMatchGet), (12 bytes).
    Removing timer.o(i.TimerPrescaleMatchSet), (18 bytes).
    Removing timer.o(i.TimerPrescaleSet), (18 bytes).
    Removing timer.o(i.TimerRTCDisable), (10 bytes).
    Removing timer.o(i.TimerRTCEnable), (10 bytes).
    Removing timer.o(i.TimerSynchronize), (4 bytes).
    Removing timer.o(i.TimerUpdateMode), (38 bytes).
    Removing timer.o(i.TimerValueGet), (12 bytes).
    Removing timer.o(i._TimerIntNumberGet), (48 bytes).
    Removing timer.o(.constdata), (64 bytes).
    Removing arm_const_structs.o(.rev16_text), (4 bytes).
    Removing arm_const_structs.o(.revsh_text), (4 bytes).
    Removing arm_const_structs.o(.rrx_text), (6 bytes).
    Removing arm_const_structs.o(.constdata), (16 bytes).
    Removing arm_const_structs.o(.constdata), (16 bytes).
    Removing arm_const_structs.o(.constdata), (16 bytes).
    Removing arm_const_structs.o(.constdata), (16 bytes).
    Removing arm_const_structs.o(.constdata), (16 bytes).
    Removing arm_const_structs.o(.constdata), (16 bytes).
    Removing arm_const_structs.o(.constdata), (16 bytes).
    Removing arm_const_structs.o(.constdata), (16 bytes).
    Removing arm_const_structs.o(.constdata), (16 bytes).
    Removing arm_const_structs.o(.constdata), (16 bytes).
    Removing arm_const_structs.o(.constdata), (16 bytes).
    Removing arm_const_structs.o(.constdata), (16 bytes).
    Removing arm_const_structs.o(.constdata), (16 bytes).
    Removing arm_const_structs.o(.constdata), (16 bytes).
    Removing arm_const_structs.o(.constdata), (16 bytes).
    Removing arm_const_structs.o(.constdata), (16 bytes).
    Removing arm_const_structs.o(.constdata), (16 bytes).
    Removing arm_const_structs.o(.constdata), (16 bytes).
    Removing arm_const_structs.o(.constdata), (16 bytes).
    Removing arm_const_structs.o(.constdata), (16 bytes).
    Removing arm_const_structs.o(.constdata), (16 bytes).
    Removing arm_const_structs.o(.constdata), (16 bytes).
    Removing arm_const_structs.o(.constdata), (16 bytes).
    Removing arm_const_structs.o(.constdata), (16 bytes).
    Removing arm_const_structs.o(.constdata), (16 bytes).
    Removing arm_const_structs.o(.constdata), (16 bytes).
    Removing arm_const_structs.o(.constdata), (16 bytes).
    Removing arm_const_structs.o(.constdata), (16 bytes).
    Removing arm_const_structs.o(.constdata), (16 bytes).
    Removing arm_const_structs.o(.constdata), (16 bytes).
    Removing arm_const_structs.o(.constdata), (16 bytes).
    Removing arm_const_structs.o(.constdata), (16 bytes).
    Removing arm_const_structs.o(.constdata), (16 bytes).
    Removing arm_const_structs.o(.constdata), (16 bytes).
    Removing arm_const_structs.o(.constdata), (16 bytes).
    Removing arm_const_structs.o(.constdata), (24 bytes).
    Removing arm_const_structs.o(.constdata), (24 bytes).
    Removing arm_const_structs.o(.constdata), (24 bytes).
    Removing arm_const_structs.o(.constdata), (24 bytes).
    Removing arm_const_structs.o(.constdata), (24 bytes).
    Removing arm_const_structs.o(.constdata), (24 bytes).
    Removing arm_const_structs.o(.constdata), (24 bytes).
    Removing arm_const_structs.o(.constdata), (24 bytes).
    Removing arm_const_structs.o(.constdata), (24 bytes).
    Removing arm_const_structs.o(.constdata), (24 bytes).
    Removing arm_const_structs.o(.constdata), (24 bytes).
    Removing arm_const_structs.o(.constdata), (24 bytes).
    Removing arm_const_structs.o(.constdata), (24 bytes).
    Removing arm_const_structs.o(.constdata), (24 bytes).
    Removing arm_const_structs.o(.constdata), (24 bytes).
    Removing arm_const_structs.o(.constdata), (24 bytes).
    Removing arm_const_structs.o(.constdata), (24 bytes).
    Removing arm_const_structs.o(.constdata), (24 bytes).
    Removing arm_const_structs.o(.constdata), (24 bytes).
    Removing arm_const_structs.o(.constdata), (24 bytes).
    Removing arm_const_structs.o(.constdata), (24 bytes).
    Removing arm_const_structs.o(.constdata), (24 bytes).
    Removing arm_const_structs.o(.constdata), (24 bytes).
    Removing arm_const_structs.o(.constdata), (24 bytes).
    Removing arm_const_structs.o(.constdata), (24 bytes).
    Removing arm_const_structs.o(.constdata), (24 bytes).
    Removing arm_const_structs.o(.constdata), (24 bytes).
    Removing arm_const_structs.o(.constdata), (24 bytes).
    Removing arm_const_structs.o(.constdata), (24 bytes).
    Removing arm_const_structs.o(.constdata), (24 bytes).
    Removing arm_const_structs.o(.constdata), (24 bytes).
    Removing arm_const_structs.o(.constdata), (24 bytes).
    Removing arm_const_structs.o(.constdata), (24 bytes).
    Removing arm_const_structs.o(.constdata), (24 bytes).
    Removing arm_cmplx_mag_q15.o(.rev16_text), (4 bytes).
    Removing arm_cmplx_mag_q15.o(.revsh_text), (4 bytes).
    Removing arm_cmplx_mag_q15.o(.rrx_text), (6 bytes).
    Removing arm_max_q15.o(.rev16_text), (4 bytes).
    Removing arm_max_q15.o(.revsh_text), (4 bytes).
    Removing arm_max_q15.o(.rrx_text), (6 bytes).
    Removing arm_cfft_q15.o(.rev16_text), (4 bytes).
    Removing arm_cfft_q15.o(.revsh_text), (4 bytes).
    Removing arm_cfft_q15.o(.rrx_text), (6 bytes).
    Removing cpu.o(.emb_text), (38 bytes).
    Removing interrupt.o(i.IntDisable), (92 bytes).
    Removing interrupt.o(i.IntEnable), (92 bytes).
    Removing interrupt.o(i.IntIsEnabled), (96 bytes).
    Removing interrupt.o(i.IntMasterDisable), (14 bytes).
    Removing interrupt.o(i.IntMasterEnable), (14 bytes).
    Removing interrupt.o(i.IntPendClear), (64 bytes).
    Removing interrupt.o(i.IntPendSet), (76 bytes).
    Removing interrupt.o(i.IntPriorityGet), (24 bytes).
    Removing interrupt.o(i.IntPriorityGroupingGet), (36 bytes).
    Removing interrupt.o(i.IntPriorityGroupingSet), (28 bytes).
    Removing interrupt.o(i.IntPriorityMaskGet), (4 bytes).
    Removing interrupt.o(i.IntPriorityMaskSet), (4 bytes).
    Removing interrupt.o(i.IntPrioritySet), (36 bytes).
    Removing interrupt.o(i.IntRegister), (48 bytes).
    Removing interrupt.o(i.IntTrigger), (12 bytes).
    Removing interrupt.o(i.IntUnregister), (20 bytes).
    Removing interrupt.o(i._IntDefaultHandler), (2 bytes).
    Removing interrupt.o(.constdata), (268 bytes).
    Removing interrupt.o(vtable), (620 bytes).
    Removing arm_common_tables.o(.rev16_text), (4 bytes).
    Removing arm_common_tables.o(.revsh_text), (4 bytes).
    Removing arm_common_tables.o(.rrx_text), (6 bytes).
    Removing arm_common_tables.o(.constdata), (2048 bytes).
    Removing arm_common_tables.o(.constdata), (256 bytes).
    Removing arm_common_tables.o(.constdata), (512 bytes).
    Removing arm_common_tables.o(.constdata), (1024 bytes).
    Removing arm_common_tables.o(.constdata), (2048 bytes).
    Removing arm_common_tables.o(.constdata), (4096 bytes).
    Removing arm_common_tables.o(.constdata), (8192 bytes).
    Removing arm_common_tables.o(.constdata), (16384 bytes).
    Removing arm_common_tables.o(.constdata), (32768 bytes).
    Removing arm_common_tables.o(.constdata), (65536 bytes).
    Removing arm_common_tables.o(.constdata), (128 bytes).
    Removing arm_common_tables.o(.constdata), (256 bytes).
    Removing arm_common_tables.o(.constdata), (512 bytes).
    Removing arm_common_tables.o(.constdata), (1024 bytes).
    Removing arm_common_tables.o(.constdata), (2048 bytes).
    Removing arm_common_tables.o(.constdata), (4096 bytes).
    Removing arm_common_tables.o(.constdata), (8192 bytes).
    Removing arm_common_tables.o(.constdata), (16384 bytes).
    Removing arm_common_tables.o(.constdata), (32768 bytes).
    Removing arm_common_tables.o(.constdata), (96 bytes).
    Removing arm_common_tables.o(.constdata), (192 bytes).
    Removing arm_common_tables.o(.constdata), (384 bytes).
    Removing arm_common_tables.o(.constdata), (768 bytes).
    Removing arm_common_tables.o(.constdata), (1536 bytes).
    Removing arm_common_tables.o(.constdata), (3072 bytes).
    Removing arm_common_tables.o(.constdata), (6144 bytes).
    Removing arm_common_tables.o(.constdata), (12288 bytes).
    Removing arm_common_tables.o(.constdata), (24576 bytes).
    Removing arm_common_tables.o(.constdata), (48 bytes).
    Removing arm_common_tables.o(.constdata), (96 bytes).
    Removing arm_common_tables.o(.constdata), (192 bytes).
    Removing arm_common_tables.o(.constdata), (384 bytes).
    Removing arm_common_tables.o(.constdata), (768 bytes).
    Removing arm_common_tables.o(.constdata), (1536 bytes).
    Removing arm_common_tables.o(.constdata), (6144 bytes).
    Removing arm_common_tables.o(.constdata), (12288 bytes).
    Removing arm_common_tables.o(.constdata), (24 bytes).
    Removing arm_common_tables.o(.constdata), (48 bytes).
    Removing arm_common_tables.o(.constdata), (112 bytes).
    Removing arm_common_tables.o(.constdata), (224 bytes).
    Removing arm_common_tables.o(.constdata), (480 bytes).
    Removing arm_common_tables.o(.constdata), (960 bytes).
    Removing arm_common_tables.o(.constdata), (1984 bytes).
    Removing arm_common_tables.o(.constdata), (3968 bytes).
    Removing arm_common_tables.o(.constdata), (8064 bytes).
    Removing arm_common_tables.o(.constdata), (40 bytes).
    Removing arm_common_tables.o(.constdata), (96 bytes).
    Removing arm_common_tables.o(.constdata), (112 bytes).
    Removing arm_common_tables.o(.constdata), (416 bytes).
    Removing arm_common_tables.o(.constdata), (880 bytes).
    Removing arm_common_tables.o(.constdata), (896 bytes).
    Removing arm_common_tables.o(.constdata), (3600 bytes).
    Removing arm_common_tables.o(.constdata), (7616 bytes).
    Removing arm_common_tables.o(.constdata), (8064 bytes).
    Removing arm_common_tables.o(.constdata), (24 bytes).
    Removing arm_common_tables.o(.constdata), (48 bytes).
    Removing arm_common_tables.o(.constdata), (112 bytes).
    Removing arm_common_tables.o(.constdata), (224 bytes).
    Removing arm_common_tables.o(.constdata), (480 bytes).
    Removing arm_common_tables.o(.constdata), (960 bytes).
    Removing arm_common_tables.o(.constdata), (3968 bytes).
    Removing arm_common_tables.o(.constdata), (8064 bytes).
    Removing arm_common_tables.o(.constdata), (256 bytes).
    Removing arm_common_tables.o(.constdata), (512 bytes).
    Removing arm_common_tables.o(.constdata), (1024 bytes).
    Removing arm_common_tables.o(.constdata), (2048 bytes).
    Removing arm_common_tables.o(.constdata), (4096 bytes).
    Removing arm_common_tables.o(.constdata), (8192 bytes).
    Removing arm_common_tables.o(.constdata), (16384 bytes).
    Removing arm_common_tables.o(.constdata), (32768 bytes).
    Removing arm_common_tables.o(.constdata), (128 bytes).
    Removing arm_common_tables.o(.constdata), (256 bytes).
    Removing arm_common_tables.o(.constdata), (512 bytes).
    Removing arm_common_tables.o(.constdata), (1024 bytes).
    Removing arm_common_tables.o(.constdata), (2048 bytes).
    Removing arm_common_tables.o(.constdata), (4096 bytes).
    Removing arm_common_tables.o(.constdata), (8192 bytes).
    Removing arm_common_tables.o(.constdata), (16384 bytes).
    Removing arm_common_tables.o(.constdata), (32768 bytes).
    Removing arm_common_tables.o(.constdata), (32768 bytes).
    Removing arm_common_tables.o(.constdata), (32768 bytes).
    Removing arm_common_tables.o(.constdata), (32768 bytes).
    Removing arm_common_tables.o(.constdata), (16384 bytes).
    Removing arm_common_tables.o(.constdata), (16384 bytes).
    Removing arm_common_tables.o(.constdata), (1024 bytes).
    Removing arm_common_tables.o(.constdata), (512 bytes).
    Removing arm_common_tables.o(.constdata), (4096 bytes).
    Removing arm_common_tables.o(.constdata), (2048 bytes).
    Removing arm_common_tables.o(.constdata), (16384 bytes).
    Removing arm_common_tables.o(.constdata), (8192 bytes).
    Removing arm_common_tables.o(.constdata), (65536 bytes).
    Removing arm_common_tables.o(.constdata), (32768 bytes).
    Removing arm_common_tables.o(.constdata), (512 bytes).
    Removing arm_common_tables.o(.constdata), (256 bytes).
    Removing arm_common_tables.o(.constdata), (2048 bytes).
    Removing arm_common_tables.o(.constdata), (1024 bytes).
    Removing arm_common_tables.o(.constdata), (8192 bytes).
    Removing arm_common_tables.o(.constdata), (4096 bytes).
    Removing arm_common_tables.o(.constdata), (32768 bytes).
    Removing arm_common_tables.o(.constdata), (16384 bytes).
    Removing arm_common_tables.o(.constdata), (1024 bytes).
    Removing arm_common_tables.o(.constdata), (512 bytes).
    Removing arm_common_tables.o(.constdata), (4096 bytes).
    Removing arm_common_tables.o(.constdata), (2048 bytes).
    Removing arm_common_tables.o(.constdata), (16384 bytes).
    Removing arm_common_tables.o(.constdata), (8192 bytes).
    Removing arm_common_tables.o(.constdata), (65536 bytes).
    Removing arm_common_tables.o(.constdata), (32768 bytes).
    Removing arm_common_tables.o(.constdata), (128 bytes).
    Removing arm_common_tables.o(.constdata), (256 bytes).
    Removing arm_common_tables.o(.constdata), (2052 bytes).
    Removing arm_common_tables.o(.constdata), (2052 bytes).
    Removing arm_common_tables.o(.constdata), (1026 bytes).
    Removing arm_sqrt_q15.o(.rev16_text), (4 bytes).
    Removing arm_sqrt_q15.o(.revsh_text), (4 bytes).
    Removing arm_sqrt_q15.o(.rrx_text), (6 bytes).
    Removing arm_cfft_radix4_q15.o(.rev16_text), (4 bytes).
    Removing arm_cfft_radix4_q15.o(.revsh_text), (4 bytes).
    Removing arm_cfft_radix4_q15.o(.rrx_text), (6 bytes).
    Removing arm_cfft_radix4_q15.o(i.arm_cfft_radix4_q15), (54 bytes).
    Removing arm_bitreversal.o(.rev16_text), (4 bytes).
    Removing arm_bitreversal.o(.revsh_text), (4 bytes).
    Removing arm_bitreversal.o(.rrx_text), (6 bytes).
    Removing arm_bitreversal.o(i.arm_bitreversal_f32), (170 bytes).
    Removing arm_bitreversal.o(i.arm_bitreversal_q15), (100 bytes).
    Removing arm_bitreversal.o(i.arm_bitreversal_q31), (164 bytes).

367 unused section(s) (total 920540 bytes) removed from the image.

==============================================================================

Image Symbol Table

    Local Symbols

    Symbol Name                              Value     Ov Type        Size  Object(Section)

    RESET                                    0x00000000   Section      508  startup_msp432e401y_uvision.o(RESET)
    ../clib/angel/boardlib.s                 0x00000000   Number         0  boardinit3.o ABSOLUTE
    ../clib/angel/boardlib.s                 0x00000000   Number         0  boardinit1.o ABSOLUTE
    ../clib/angel/boardlib.s                 0x00000000   Number         0  boardinit2.o ABSOLUTE
    ../clib/angel/boardlib.s                 0x00000000   Number         0  boardshut.o ABSOLUTE
    ../clib/angel/handlers.s                 0x00000000   Number         0  __scatter_zi.o ABSOLUTE
    ../clib/angel/handlers.s                 0x00000000   Number         0  __scatter_copy.o ABSOLUTE
    ../clib/angel/kernel.s                   0x00000000   Number         0  __rtentry4.o ABSOLUTE
    ../clib/angel/kernel.s                   0x00000000   Number         0  rtexit2.o ABSOLUTE
    ../clib/angel/kernel.s                   0x00000000   Number         0  __rtentry2.o ABSOLUTE
    ../clib/angel/kernel.s                   0x00000000   Number         0  rtexit.o ABSOLUTE
    ../clib/angel/kernel.s                   0x00000000   Number         0  __rtentry.o ABSOLUTE
    ../clib/angel/rt.s                       0x00000000   Number         0  rt_raise.o ABSOLUTE
    ../clib/angel/scatter.s                  0x00000000   Number         0  __scatter.o ABSOLUTE
    ../clib/angel/startup.s                  0x00000000   Number         0  __main.o ABSOLUTE
    ../clib/angel/sys.s                      0x00000000   Number         0  indicate_semi.o ABSOLUTE
    ../clib/angel/sys.s                      0x00000000   Number         0  sys_stackheap_outer.o ABSOLUTE
    ../clib/angel/sys.s                      0x00000000   Number         0  libspace.o ABSOLUTE
    ../clib/angel/sys.s                      0x00000000   Number         0  use_no_semi.o ABSOLUTE
    ../clib/angel/sysapp.c                   0x00000000   Number         0  sys_wrch.o ABSOLUTE
    ../clib/angel/sysapp.c                   0x00000000   Number         0  sys_command.o ABSOLUTE
    ../clib/angel/sysapp.c                   0x00000000   Number         0  sys_exit.o ABSOLUTE
    ../clib/armsys.c                         0x00000000   Number         0  argv_veneer.o ABSOLUTE
    ../clib/armsys.c                         0x00000000   Number         0  argv_veneer.o ABSOLUTE
    ../clib/armsys.c                         0x00000000   Number         0  no_argv.o ABSOLUTE
    ../clib/armsys.c                         0x00000000   Number         0  _get_argv_nomalloc.o ABSOLUTE
    ../clib/heapalloc.c                      0x00000000   Number         0  hrguard.o ABSOLUTE
    ../clib/heapaux.c                        0x00000000   Number         0  heapauxi.o ABSOLUTE
    ../clib/libinit.s                        0x00000000   Number         0  libshutdown.o ABSOLUTE
    ../clib/libinit.s                        0x00000000   Number         0  libshutdown2.o ABSOLUTE
    ../clib/libinit.s                        0x00000000   Number         0  libinit2.o ABSOLUTE
    ../clib/libinit.s                        0x00000000   Number         0  libinit.o ABSOLUTE
    ../clib/signal.c                         0x00000000   Number         0  defsig_pvfn_inner.o ABSOLUTE
    ../clib/signal.c                         0x00000000   Number         0  defsig_stak_inner.o ABSOLUTE
    ../clib/signal.c                         0x00000000   Number         0  defsig_rtred_inner.o ABSOLUTE
    ../clib/signal.c                         0x00000000   Number         0  defsig_fpe_inner.o ABSOLUTE
    ../clib/signal.c                         0x00000000   Number         0  defsig_abrt_inner.o ABSOLUTE
    ../clib/signal.c                         0x00000000   Number         0  defsig_cppl_inner.o ABSOLUTE
    ../clib/signal.c                         0x00000000   Number         0  defsig_rtmem_outer.o ABSOLUTE
    ../clib/signal.c                         0x00000000   Number         0  defsig_segv_inner.o ABSOLUTE
    ../clib/signal.c                         0x00000000   Number         0  defsig_other.o ABSOLUTE
    ../clib/signal.c                         0x00000000   Number         0  defsig_general.o ABSOLUTE
    ../clib/signal.c                         0x00000000   Number         0  defsig_rtmem_inner.o ABSOLUTE
    ../clib/signal.c                         0x00000000   Number         0  defsig_exit.o ABSOLUTE
    ../clib/signal.c                         0x00000000   Number         0  defsig_rtmem_formal.o ABSOLUTE
    ../clib/signal.c                         0x00000000   Number         0  __raise.o ABSOLUTE
    ../clib/signal.s                         0x00000000   Number         0  defsig.o ABSOLUTE
    ../clib/stdlib.c                         0x00000000   Number         0  exit.o ABSOLUTE
    ../fplib/daddsub.s                       0x00000000   Number         0  daddsub_clz.o ABSOLUTE
    ../fplib/dfix.s                          0x00000000   Number         0  dfix.o ABSOLUTE
    ../fplib/dflt.s                          0x00000000   Number         0  dflt_clz.o ABSOLUTE
    ../fplib/dmul.s                          0x00000000   Number         0  dmul.o ABSOLUTE
    ../fplib/dnaninf.s                       0x00000000   Number         0  dnaninf.o ABSOLUTE
    ../fplib/dretinf.s                       0x00000000   Number         0  dretinf.o ABSOLUTE
    ../fplib/fpinit.s                        0x00000000   Number         0  fpinit.o ABSOLUTE
    ../fplib/usenofp.s                       0x00000000   Number         0  usenofp.o ABSOLUTE
    ..\\adc0_singleended_multichannel_timertrigger.c 0x00000000   Number         0  adc0_singleended_multichannel_timertrigger.o ABSOLUTE
    ..\\system_msp432e401y.c                 0x00000000   Number         0  system_msp432e401y.o ABSOLUTE
    ..\\uartstdio.c                          0x00000000   Number         0  uartstdio.o ABSOLUTE
    ..\adc0_singleended_multichannel_timertrigger.c 0x00000000   Number         0  adc0_singleended_multichannel_timertrigger.o ABSOLUTE
    ..\system_msp432e401y.c                  0x00000000   Number         0  system_msp432e401y.o ABSOLUTE
    ..\uartstdio.c                           0x00000000   Number         0  uartstdio.o ABSOLUTE
    dc.s                                     0x00000000   Number         0  dc.o ABSOLUTE
    source/third_party/CMSIS/DSP_Lib/Source/CommonTables/arm_common_tables.c 0x00000000   Number         0  arm_common_tables.o ABSOLUTE
    source/third_party/CMSIS/DSP_Lib/Source/CommonTables/arm_common_tables.c 0x00000000   Number         0  arm_common_tables.o ABSOLUTE
    source/third_party/CMSIS/DSP_Lib/Source/CommonTables/arm_const_structs.c 0x00000000   Number         0  arm_const_structs.o ABSOLUTE
    source/third_party/CMSIS/DSP_Lib/Source/CommonTables/arm_const_structs.c 0x00000000   Number         0  arm_const_structs.o ABSOLUTE
    source/third_party/CMSIS/DSP_Lib/Source/ComplexMathFunctions/arm_cmplx_mag_q15.c 0x00000000   Number         0  arm_cmplx_mag_q15.o ABSOLUTE
    source/third_party/CMSIS/DSP_Lib/Source/ComplexMathFunctions/arm_cmplx_mag_q15.c 0x00000000   Number         0  arm_cmplx_mag_q15.o ABSOLUTE
    source/third_party/CMSIS/DSP_Lib/Source/FastMathFunctions/arm_sqrt_q15.c 0x00000000   Number         0  arm_sqrt_q15.o ABSOLUTE
    source/third_party/CMSIS/DSP_Lib/Source/FastMathFunctions/arm_sqrt_q15.c 0x00000000   Number         0  arm_sqrt_q15.o ABSOLUTE
    source/third_party/CMSIS/DSP_Lib/Source/StatisticsFunctions/arm_max_q15.c 0x00000000   Number         0  arm_max_q15.o ABSOLUTE
    source/third_party/CMSIS/DSP_Lib/Source/StatisticsFunctions/arm_max_q15.c 0x00000000   Number         0  arm_max_q15.o ABSOLUTE
    source/third_party/CMSIS/DSP_Lib/Source/TransformFunctions/arm_bitreversal.c 0x00000000   Number         0  arm_bitreversal.o ABSOLUTE
    source/third_party/CMSIS/DSP_Lib/Source/TransformFunctions/arm_bitreversal.c 0x00000000   Number         0  arm_bitreversal.o ABSOLUTE
    source/third_party/CMSIS/DSP_Lib/Source/TransformFunctions/arm_bitreversal2.S 0x00000000   Number         0  arm_bitreversal2.o ABSOLUTE
    source/third_party/CMSIS/DSP_Lib/Source/TransformFunctions/arm_cfft_q15.c 0x00000000   Number         0  arm_cfft_q15.o ABSOLUTE
    source/third_party/CMSIS/DSP_Lib/Source/TransformFunctions/arm_cfft_q15.c 0x00000000   Number         0  arm_cfft_q15.o ABSOLUTE
    source/third_party/CMSIS/DSP_Lib/Source/TransformFunctions/arm_cfft_radix4_q15.c 0x00000000   Number         0  arm_cfft_radix4_q15.o ABSOLUTE
    source/third_party/CMSIS/DSP_Lib/Source/TransformFunctions/arm_cfft_radix4_q15.c 0x00000000   Number         0  arm_cfft_radix4_q15.o ABSOLUTE
    source/ti/devices/msp432e4/driverlib/adc.c 0x00000000   Number         0  adc.o ABSOLUTE
    source/ti/devices/msp432e4/driverlib/adc.c 0x00000000   Number         0  adc.o ABSOLUTE
    source/ti/devices/msp432e4/driverlib/cpu.c 0x00000000   Number         0  cpu.o ABSOLUTE
    source/ti/devices/msp432e4/driverlib/cpu.c 0x00000000   Number         0  cpu.o ABSOLUTE
    source/ti/devices/msp432e4/driverlib/interrupt.c 0x00000000   Number         0  interrupt.o ABSOLUTE
    source/ti/devices/msp432e4/driverlib/sysctl.c 0x00000000   Number         0  sysctl.o ABSOLUTE
    source/ti/devices/msp432e4/driverlib/sysctl.c 0x00000000   Number         0  sysctl.o ABSOLUTE
    source/ti/devices/msp432e4/driverlib/timer.c 0x00000000   Number         0  timer.o ABSOLUTE
    source/ti/devices/msp432e4/driverlib/timer.c 0x00000000   Number         0  timer.o ABSOLUTE
    startup_msp432e401y_uvision.s            0x00000000   Number         0  startup_msp432e401y_uvision.o ABSOLUTE
    !!!main                                  0x000001fc   Section        8  __main.o(!!!main)
    !!!scatter                               0x00000204   Section       52  __scatter.o(!!!scatter)
    !!handler_copy                           0x00000238   Section       26  __scatter_copy.o(!!handler_copy)
    !!handler_zi                             0x00000254   Section       28  __scatter_zi.o(!!handler_zi)
    . text                                   0x00000270   Section      192  arm_bitreversal2.o(. text)
    $v0                                      0x00000270   Number         0  arm_bitreversal2.o(. text)
    .ARM.Collect$$libinit$$00000000          0x00000330   Section        2  libinit.o(.ARM.Collect$$libinit$$00000000)
    .ARM.Collect$$libinit$$00000001          0x00000332   Section        4  libinit2.o(.ARM.Collect$$libinit$$00000001)
    .ARM.Collect$$libinit$$00000004          0x00000336   Section        0  libinit2.o(.ARM.Collect$$libinit$$00000004)
    .ARM.Collect$$libinit$$0000000A          0x00000336   Section        0  libinit2.o(.ARM.Collect$$libinit$$0000000A)
    .ARM.Collect$$libinit$$0000000C          0x00000336   Section        0  libinit2.o(.ARM.Collect$$libinit$$0000000C)
    .ARM.Collect$$libinit$$0000000E          0x00000336   Section        0  libinit2.o(.ARM.Collect$$libinit$$0000000E)
    .ARM.Collect$$libinit$$00000011          0x00000336   Section        0  libinit2.o(.ARM.Collect$$libinit$$00000011)
    .ARM.Collect$$libinit$$00000013          0x00000336   Section        0  libinit2.o(.ARM.Collect$$libinit$$00000013)
    .ARM.Collect$$libinit$$00000015          0x00000336   Section        0  libinit2.o(.ARM.Collect$$libinit$$00000015)
    .ARM.Collect$$libinit$$00000017          0x00000336   Section        0  libinit2.o(.ARM.Collect$$libinit$$00000017)
    .ARM.Collect$$libinit$$00000019          0x00000336   Section        0  libinit2.o(.ARM.Collect$$libinit$$00000019)
    .ARM.Collect$$libinit$$0000001B          0x00000336   Section        0  libinit2.o(.ARM.Collect$$libinit$$0000001B)
    .ARM.Collect$$libinit$$0000001D          0x00000336   Section        0  libinit2.o(.ARM.Collect$$libinit$$0000001D)
    .ARM.Collect$$libinit$$0000001F          0x00000336   Section        0  libinit2.o(.ARM.Collect$$libinit$$0000001F)
    .ARM.Collect$$libinit$$00000021          0x00000336   Section        0  libinit2.o(.ARM.Collect$$libinit$$00000021)
    .ARM.Collect$$libinit$$00000023          0x00000336   Section        0  libinit2.o(.ARM.Collect$$libinit$$00000023)
    .ARM.Collect$$libinit$$00000025          0x00000336   Section        0  libinit2.o(.ARM.Collect$$libinit$$00000025)
    .ARM.Collect$$libinit$$0000002C          0x00000336   Section        0  libinit2.o(.ARM.Collect$$libinit$$0000002C)
    .ARM.Collect$$libinit$$0000002E          0x00000336   Section        0  libinit2.o(.ARM.Collect$$libinit$$0000002E)
    .ARM.Collect$$libinit$$00000030          0x00000336   Section        0  libinit2.o(.ARM.Collect$$libinit$$00000030)
    .ARM.Collect$$libinit$$00000032          0x00000336   Section        0  libinit2.o(.ARM.Collect$$libinit$$00000032)
    .ARM.Collect$$libinit$$00000033          0x00000336   Section        2  libinit2.o(.ARM.Collect$$libinit$$00000033)
    .ARM.Collect$$libshutdown$$00000000      0x00000338   Section        2  libshutdown.o(.ARM.Collect$$libshutdown$$00000000)
    .ARM.Collect$$libshutdown$$00000002      0x0000033a   Section        0  libshutdown2.o(.ARM.Collect$$libshutdown$$00000002)
    .ARM.Collect$$libshutdown$$00000004      0x0000033a   Section        0  libshutdown2.o(.ARM.Collect$$libshutdown$$00000004)
    .ARM.Collect$$libshutdown$$00000006      0x0000033a   Section        0  libshutdown2.o(.ARM.Collect$$libshutdown$$00000006)
    .ARM.Collect$$libshutdown$$00000009      0x0000033a   Section        0  libshutdown2.o(.ARM.Collect$$libshutdown$$00000009)
    .ARM.Collect$$libshutdown$$0000000C      0x0000033a   Section        0  libshutdown2.o(.ARM.Collect$$libshutdown$$0000000C)
    .ARM.Collect$$libshutdown$$0000000E      0x0000033a   Section        0  libshutdown2.o(.ARM.Collect$$libshutdown$$0000000E)
    .ARM.Collect$$libshutdown$$00000011      0x0000033a   Section        0  libshutdown2.o(.ARM.Collect$$libshutdown$$00000011)
    .ARM.Collect$$libshutdown$$00000012      0x0000033a   Section        2  libshutdown2.o(.ARM.Collect$$libshutdown$$00000012)
    .ARM.Collect$$rtentry$$00000000          0x0000033c   Section        0  __rtentry.o(.ARM.Collect$$rtentry$$00000000)
    .ARM.Collect$$rtentry$$00000002          0x0000033c   Section        0  __rtentry2.o(.ARM.Collect$$rtentry$$00000002)
    .ARM.Collect$$rtentry$$00000004          0x0000033c   Section        6  __rtentry4.o(.ARM.Collect$$rtentry$$00000004)
    .ARM.Collect$$rtentry$$00000009          0x00000342   Section        0  __rtentry2.o(.ARM.Collect$$rtentry$$00000009)
    .ARM.Collect$$rtentry$$0000000A          0x00000342   Section        4  __rtentry2.o(.ARM.Collect$$rtentry$$0000000A)
    .ARM.Collect$$rtentry$$0000000C          0x00000346   Section        0  __rtentry2.o(.ARM.Collect$$rtentry$$0000000C)
    .ARM.Collect$$rtentry$$0000000D          0x00000346   Section        8  __rtentry2.o(.ARM.Collect$$rtentry$$0000000D)
    .ARM.Collect$$rtexit$$00000000           0x0000034e   Section        2  rtexit.o(.ARM.Collect$$rtexit$$00000000)
    .ARM.Collect$$rtexit$$00000002           0x00000350   Section        0  rtexit2.o(.ARM.Collect$$rtexit$$00000002)
    .ARM.Collect$$rtexit$$00000003           0x00000350   Section        4  rtexit2.o(.ARM.Collect$$rtexit$$00000003)
    .ARM.Collect$$rtexit$$00000004           0x00000354   Section        6  rtexit2.o(.ARM.Collect$$rtexit$$00000004)
    .text                                    0x0000035c   Section       60  startup_msp432e401y_uvision.o(.text)
    $v0                                      0x0000035c   Number         0  startup_msp432e401y_uvision.o(.text)
    .text                                    0x00000398   Section        0  heapauxi.o(.text)
    .text                                    0x0000039e   Section       74  sys_stackheap_outer.o(.text)
    .text                                    0x000003e8   Section        0  exit.o(.text)
    .text                                    0x000003fc   Section        8  libspace.o(.text)
    .text                                    0x00000404   Section        0  sys_exit.o(.text)
    .text                                    0x00000410   Section        2  use_no_semi.o(.text)
    .text                                    0x00000412   Section        0  indicate_semi.o(.text)
    i.ADC0SS2_IRQHandler                     0x00000414   Section        0  adc0_singleended_multichannel_timertrigger.o(i.ADC0SS2_IRQHandler)
    i.ADCSequenceStepConfigure               0x0000049c   Section        0  adc.o(i.ADCSequenceStepConfigure)
    i.ConfigureUART                          0x0000050c   Section        0  adc0_singleended_multichannel_timertrigger.o(i.ConfigureUART)
    i.SysCtlClockFreqSet                     0x0000056c   Section        0  sysctl.o(i.SysCtlClockFreqSet)
    i.SystemInit                             0x0000079c   Section        0  system_msp432e401y.o(i.SystemInit)
    i.TimerControlTrigger                    0x000007bc   Section        0  timer.o(i.TimerControlTrigger)
    i.UARTStdioConfig                        0x000007f0   Section        0  uartstdio.o(i.UARTStdioConfig)
    i.UARTprintf                             0x0000085c   Section        0  uartstdio.o(i.UARTprintf)
    i.UARTvprintf                            0x00000878   Section        0  uartstdio.o(i.UARTvprintf)
    i.UARTwrite                              0x00000ac8   Section        0  uartstdio.o(i.UARTwrite)
    i._SysCtlMemTimingGet                    0x00000b08   Section        0  sysctl.o(i._SysCtlMemTimingGet)
    _SysCtlMemTimingGet                      0x00000b09   Thumb Code    30  sysctl.o(i._SysCtlMemTimingGet)
    i.arm_cfft_q15                           0x00000b2c   Section        0  arm_cfft_q15.o(i.arm_cfft_q15)
    i.arm_cfft_radix4by2_inverse_q15         0x00000bdc   Section        0  arm_cfft_q15.o(i.arm_cfft_radix4by2_inverse_q15)
    i.arm_cfft_radix4by2_q15                 0x00000c96   Section        0  arm_cfft_q15.o(i.arm_cfft_radix4by2_q15)
    i.arm_cmplx_mag_q15                      0x00000d50   Section        0  arm_cmplx_mag_q15.o(i.arm_cmplx_mag_q15)
    i.arm_max_q15                            0x00000d7a   Section        0  arm_max_q15.o(i.arm_max_q15)
    i.arm_radix4_butterfly_inverse_q15       0x00000d9e   Section        0  arm_cfft_radix4_q15.o(i.arm_radix4_butterfly_inverse_q15)
    i.arm_radix4_butterfly_q15               0x00001130   Section        0  arm_cfft_radix4_q15.o(i.arm_radix4_butterfly_q15)
    i.arm_sqrt_q15                           0x000014c4   Section        0  arm_sqrt_q15.o(i.arm_sqrt_q15)
    i.main                                   0x00001590   Section        0  adc0_singleended_multichannel_timertrigger.o(i.main)
    x$fpl$dadd                               0x000019fc   Section      336  daddsub_clz.o(x$fpl$dadd)
    $v0                                      0x000019fc   Number         0  daddsub_clz.o(x$fpl$dadd)
    _dadd1                                   0x00001a0d   Thumb Code     0  daddsub_clz.o(x$fpl$dadd)
    x$fpl$dfix                               0x00001b4c   Section       94  dfix.o(x$fpl$dfix)
    $v0                                      0x00001b4c   Number         0  dfix.o(x$fpl$dfix)
    x$fpl$dflt                               0x00001baa   Section       46  dflt_clz.o(x$fpl$dflt)
    $v0                                      0x00001baa   Number         0  dflt_clz.o(x$fpl$dflt)
    x$fpl$dmul                               0x00001bd8   Section      340  dmul.o(x$fpl$dmul)
    $v0                                      0x00001bd8   Number         0  dmul.o(x$fpl$dmul)
    x$fpl$dnaninf                            0x00001d2c   Section      156  dnaninf.o(x$fpl$dnaninf)
    $v0                                      0x00001d2c   Number         0  dnaninf.o(x$fpl$dnaninf)
    x$fpl$dretinf                            0x00001dc8   Section       12  dretinf.o(x$fpl$dretinf)
    $v0                                      0x00001dc8   Number         0  dretinf.o(x$fpl$dretinf)
    x$fpl$dsub                               0x00001dd4   Section      468  daddsub_clz.o(x$fpl$dsub)
    $v0                                      0x00001dd4   Number         0  daddsub_clz.o(x$fpl$dsub)
    _dsub1                                   0x00001de5   Thumb Code     0  daddsub_clz.o(x$fpl$dsub)
    x$fpl$fpinit                             0x00001fa8   Section       10  fpinit.o(x$fpl$fpinit)
    $v0                                      0x00001fa8   Number         0  fpinit.o(x$fpl$fpinit)
    x$fpl$usenofp                            0x00001fb2   Section        0  usenofp.o(x$fpl$usenofp)
    .constdata                               0x00001fb4   Section       28  uartstdio.o(.constdata)
    g_pcHex                                  0x00001fb4   Data           4  uartstdio.o(.constdata)
    g_ui32UARTBase                           0x00001fb8   Data          12  uartstdio.o(.constdata)
    g_ui32UARTPeriph                         0x00001fc4   Data          12  uartstdio.o(.constdata)
    .constdata                               0x00001fd0   Section      528  sysctl.o(.constdata)
    g_pui32VCOFrequencies                    0x00001fd0   Data           8  sysctl.o(.constdata)
    g_pui32Xtals                             0x00001fd8   Data          40  sysctl.o(.constdata)
    g_pppui32XTALtoVCO                       0x00002000   Data         432  sysctl.o(.constdata)
    g_sXTALtoMEMTIM                          0x000021b0   Data          48  sysctl.o(.constdata)
    .constdata                               0x000021e0   Section       16  arm_const_structs.o(.constdata)
    .constdata                               0x000021f0   Section     3072  arm_common_tables.o(.constdata)
    .constdata                               0x00002df0   Section     1984  arm_common_tables.o(.constdata)
    .conststring                             0x000035b0   Section       17  uartstdio.o(.conststring)
    .data                                    0x20000000   Section       28  adc0_singleended_multichannel_timertrigger.o(.data)
    .data                                    0x2000001c   Section        4  system_msp432e401y.o(.data)
    .data                                    0x20000020   Section        5  uartstdio.o(.data)
    g_ui32Base                               0x20000020   Data           4  uartstdio.o(.data)
    bLastWasCR                               0x20000024   Data           1  uartstdio.o(.data)
    .bss                                     0x20000028   Section     8192  adc0_singleended_multichannel_timertrigger.o(.bss)
    dstBufferProcess                         0x20001028   Data        4096  adc0_singleended_multichannel_timertrigger.o(.bss)
    .bss                                     0x20002028   Section       96  libspace.o(.bss)
    HEAP                                     0x20002088   Section        0  startup_msp432e401y_uvision.o(HEAP)
    STACK                                    0x20002088   Section      512  startup_msp432e401y_uvision.o(STACK)
    Heap_Mem                                 0x20002088   Data           0  startup_msp432e401y_uvision.o(HEAP)
    Stack_Mem                                0x20002088   Data         512  startup_msp432e401y_uvision.o(STACK)
    __initial_sp                             0x20002288   Data           0  startup_msp432e401y_uvision.o(STACK)

    Global Symbols

    Symbol Name                              Value     Ov Type        Size  Object(Section)

    BuildAttributes$$THM_ISAv4$E$P$D$K$B$S$7EM$VFPi3$EXTD16$VFPS$VFMA$PE$A:L22UL41UL21$X:L11$S22US41US21$IEEE1$IW$USESV6$~STKCKD$USESV7$~SHL$OSPACE$ROPI$EBA8$UX$STANDARDLIB$REQ8$PRES8$EABIv2 0x00000000   Number         0  anon$$obj.o ABSOLUTE
    __ARM_use_no_argv                        0x00000000   Number         0  adc0_singleended_multichannel_timertrigger.o ABSOLUTE
    __Vectors                                0x00000000   Data           4  startup_msp432e401y_uvision.o(RESET)
    __ARM_exceptions_init                     - Undefined Weak Reference
    __alloca_initialize                       - Undefined Weak Reference
    __arm_fini_                               - Undefined Weak Reference
    __arm_preinit_                            - Undefined Weak Reference
    __cpp_initialize__aeabi_                  - Undefined Weak Reference
    __cxa_finalize                            - Undefined Weak Reference
    __rt_locale                               - Undefined Weak Reference
    __sigvec_lookup                           - Undefined Weak Reference
    _atexit_init                              - Undefined Weak Reference
    _call_atexit_fns                          - Undefined Weak Reference
    _clock_init                               - Undefined Weak Reference
    _fp_trap_init                             - Undefined Weak Reference
    _fp_trap_shutdown                         - Undefined Weak Reference
    _get_lc_collate                           - Undefined Weak Reference
    _get_lc_ctype                             - Undefined Weak Reference
    _get_lc_monetary                          - Undefined Weak Reference
    _get_lc_numeric                           - Undefined Weak Reference
    _get_lc_time                              - Undefined Weak Reference
    _getenv_init                              - Undefined Weak Reference
    _handle_redirection                       - Undefined Weak Reference
    _init_alloc                               - Undefined Weak Reference
    _init_user_alloc                          - Undefined Weak Reference
    _initio                                   - Undefined Weak Reference
    _rand_init                                - Undefined Weak Reference
    _signal_finish                            - Undefined Weak Reference
    _signal_init                              - Undefined Weak Reference
    _terminate_alloc                          - Undefined Weak Reference
    _terminate_user_alloc                     - Undefined Weak Reference
    _terminateio                              - Undefined Weak Reference
    __Vectors_End                            0x000001fc   Data           0  startup_msp432e401y_uvision.o(RESET)
    __Vectors_Size                           0x000001fc   Number         0  startup_msp432e401y_uvision.o ABSOLUTE
    __main                                   0x000001fd   Thumb Code     8  __main.o(!!!main)
    __scatterload                            0x00000205   Thumb Code     0  __scatter.o(!!!scatter)
    __scatterload_rt2                        0x00000205   Thumb Code    44  __scatter.o(!!!scatter)
    __scatterload_rt2_thumb_only             0x00000205   Thumb Code     0  __scatter.o(!!!scatter)
    __scatterload_null                       0x00000213   Thumb Code     0  __scatter.o(!!!scatter)
    __scatterload_copy                       0x00000239   Thumb Code    26  __scatter_copy.o(!!handler_copy)
    __scatterload_zeroinit                   0x00000255   Thumb Code    28  __scatter_zi.o(!!handler_zi)
    arm_bitreversal_32                       0x00000271   Thumb Code   106  arm_bitreversal2.o(. text)
    arm_bitreversal_16                       0x000002db   Thumb Code    86  arm_bitreversal2.o(. text)
    __rt_lib_init                            0x00000331   Thumb Code     0  libinit.o(.ARM.Collect$$libinit$$00000000)
    __rt_lib_init_fp_1                       0x00000333   Thumb Code     0  libinit2.o(.ARM.Collect$$libinit$$00000001)
    __rt_lib_init_alloca_1                   0x00000337   Thumb Code     0  libinit2.o(.ARM.Collect$$libinit$$0000002E)
    __rt_lib_init_argv_1                     0x00000337   Thumb Code     0  libinit2.o(.ARM.Collect$$libinit$$0000002C)
    __rt_lib_init_atexit_1                   0x00000337   Thumb Code     0  libinit2.o(.ARM.Collect$$libinit$$0000001B)
    __rt_lib_init_clock_1                    0x00000337   Thumb Code     0  libinit2.o(.ARM.Collect$$libinit$$00000021)
    __rt_lib_init_cpp_1                      0x00000337   Thumb Code     0  libinit2.o(.ARM.Collect$$libinit$$00000032)
    __rt_lib_init_exceptions_1               0x00000337   Thumb Code     0  libinit2.o(.ARM.Collect$$libinit$$00000030)
    __rt_lib_init_fp_trap_1                  0x00000337   Thumb Code     0  libinit2.o(.ARM.Collect$$libinit$$0000001F)
    __rt_lib_init_getenv_1                   0x00000337   Thumb Code     0  libinit2.o(.ARM.Collect$$libinit$$00000023)
    __rt_lib_init_heap_1                     0x00000337   Thumb Code     0  libinit2.o(.ARM.Collect$$libinit$$0000000A)
    __rt_lib_init_lc_collate_1               0x00000337   Thumb Code     0  libinit2.o(.ARM.Collect$$libinit$$00000011)
    __rt_lib_init_lc_ctype_1                 0x00000337   Thumb Code     0  libinit2.o(.ARM.Collect$$libinit$$00000013)
    __rt_lib_init_lc_monetary_1              0x00000337   Thumb Code     0  libinit2.o(.ARM.Collect$$libinit$$00000015)
    __rt_lib_init_lc_numeric_1               0x00000337   Thumb Code     0  libinit2.o(.ARM.Collect$$libinit$$00000017)
    __rt_lib_init_lc_time_1                  0x00000337   Thumb Code     0  libinit2.o(.ARM.Collect$$libinit$$00000019)
    __rt_lib_init_preinit_1                  0x00000337   Thumb Code     0  libinit2.o(.ARM.Collect$$libinit$$00000004)
    __rt_lib_init_rand_1                     0x00000337   Thumb Code     0  libinit2.o(.ARM.Collect$$libinit$$0000000E)
    __rt_lib_init_return                     0x00000337   Thumb Code     0  libinit2.o(.ARM.Collect$$libinit$$00000033)
    __rt_lib_init_signal_1                   0x00000337   Thumb Code     0  libinit2.o(.ARM.Collect$$libinit$$0000001D)
    __rt_lib_init_stdio_1                    0x00000337   Thumb Code     0  libinit2.o(.ARM.Collect$$libinit$$00000025)
    __rt_lib_init_user_alloc_1               0x00000337   Thumb Code     0  libinit2.o(.ARM.Collect$$libinit$$0000000C)
    __rt_lib_shutdown                        0x00000339   Thumb Code     0  libshutdown.o(.ARM.Collect$$libshutdown$$00000000)
    __rt_lib_shutdown_cpp_1                  0x0000033b   Thumb Code     0  libshutdown2.o(.ARM.Collect$$libshutdown$$00000004)
    __rt_lib_shutdown_fini_1                 0x0000033b   Thumb Code     0  libshutdown2.o(.ARM.Collect$$libshutdown$$00000002)
    __rt_lib_shutdown_fp_trap_1              0x0000033b   Thumb Code     0  libshutdown2.o(.ARM.Collect$$libshutdown$$00000009)
    __rt_lib_shutdown_heap_1                 0x0000033b   Thumb Code     0  libshutdown2.o(.ARM.Collect$$libshutdown$$00000011)
    __rt_lib_shutdown_return                 0x0000033b   Thumb Code     0  libshutdown2.o(.ARM.Collect$$libshutdown$$00000012)
    __rt_lib_shutdown_signal_1               0x0000033b   Thumb Code     0  libshutdown2.o(.ARM.Collect$$libshutdown$$0000000C)
    __rt_lib_shutdown_stdio_1                0x0000033b   Thumb Code     0  libshutdown2.o(.ARM.Collect$$libshutdown$$00000006)
    __rt_lib_shutdown_user_alloc_1           0x0000033b   Thumb Code     0  libshutdown2.o(.ARM.Collect$$libshutdown$$0000000E)
    __rt_entry                               0x0000033d   Thumb Code     0  __rtentry.o(.ARM.Collect$$rtentry$$00000000)
    __rt_entry_presh_1                       0x0000033d   Thumb Code     0  __rtentry2.o(.ARM.Collect$$rtentry$$00000002)
    __rt_entry_sh                            0x0000033d   Thumb Code     0  __rtentry4.o(.ARM.Collect$$rtentry$$00000004)
    __rt_entry_li                            0x00000343   Thumb Code     0  __rtentry2.o(.ARM.Collect$$rtentry$$0000000A)
    __rt_entry_postsh_1                      0x00000343   Thumb Code     0  __rtentry2.o(.ARM.Collect$$rtentry$$00000009)
    __rt_entry_main                          0x00000347   Thumb Code     0  __rtentry2.o(.ARM.Collect$$rtentry$$0000000D)
    __rt_entry_postli_1                      0x00000347   Thumb Code     0  __rtentry2.o(.ARM.Collect$$rtentry$$0000000C)
    __rt_exit                                0x0000034f   Thumb Code     0  rtexit.o(.ARM.Collect$$rtexit$$00000000)
    __rt_exit_ls                             0x00000351   Thumb Code     0  rtexit2.o(.ARM.Collect$$rtexit$$00000003)
    __rt_exit_prels_1                        0x00000351   Thumb Code     0  rtexit2.o(.ARM.Collect$$rtexit$$00000002)
    __rt_exit_exit                           0x00000355   Thumb Code     0  rtexit2.o(.ARM.Collect$$rtexit$$00000004)
    Reset_Handler                            0x0000035d   Thumb Code     8  startup_msp432e401y_uvision.o(.text)
    NMI_Handler                              0x00000365   Thumb Code     2  startup_msp432e401y_uvision.o(.text)
    HardFault_Handler                        0x00000367   Thumb Code     2  startup_msp432e401y_uvision.o(.text)
    MemManage_Handler                        0x00000369   Thumb Code     2  startup_msp432e401y_uvision.o(.text)
    BusFault_Handler                         0x0000036b   Thumb Code     2  startup_msp432e401y_uvision.o(.text)
    UsageFault_Handler                       0x0000036d   Thumb Code     2  startup_msp432e401y_uvision.o(.text)
    SVC_Handler                              0x0000036f   Thumb Code     2  startup_msp432e401y_uvision.o(.text)
    DebugMon_Handler                         0x00000371   Thumb Code     2  startup_msp432e401y_uvision.o(.text)
    PendSV_Handler                           0x00000373   Thumb Code     2  startup_msp432e401y_uvision.o(.text)
    SysTick_Handler                          0x00000375   Thumb Code     2  startup_msp432e401y_uvision.o(.text)
    ADC0SS0_IRQHandler                       0x00000377   Thumb Code     0  startup_msp432e401y_uvision.o(.text)
    ADC0SS1_IRQHandler                       0x00000377   Thumb Code     0  startup_msp432e401y_uvision.o(.text)
    ADC0SS3_IRQHandler                       0x00000377   Thumb Code     0  startup_msp432e401y_uvision.o(.text)
    ADC1SS0_IRQHandler                       0x00000377   Thumb Code     0  startup_msp432e401y_uvision.o(.text)
    ADC1SS1_IRQHandler                       0x00000377   Thumb Code     0  startup_msp432e401y_uvision.o(.text)
    ADC1SS2_IRQHandler                       0x00000377   Thumb Code     0  startup_msp432e401y_uvision.o(.text)
    ADC1SS3_IRQHandler                       0x00000377   Thumb Code     0  startup_msp432e401y_uvision.o(.text)
    AES0_IRQHandler                          0x00000377   Thumb Code     0  startup_msp432e401y_uvision.o(.text)
    CAN0_IRQHandler                          0x00000377   Thumb Code     0  startup_msp432e401y_uvision.o(.text)
    CAN1_IRQHandler                          0x00000377   Thumb Code     0  startup_msp432e401y_uvision.o(.text)
    COMP0_IRQHandler                         0x00000377   Thumb Code     0  startup_msp432e401y_uvision.o(.text)
    COMP1_IRQHandler                         0x00000377   Thumb Code     0  startup_msp432e401y_uvision.o(.text)
    COMP2_IRQHandler                         0x00000377   Thumb Code     0  startup_msp432e401y_uvision.o(.text)
    DES0_IRQHandler                          0x00000377   Thumb Code     0  startup_msp432e401y_uvision.o(.text)
    EMAC0_IRQHandler                         0x00000377   Thumb Code     0  startup_msp432e401y_uvision.o(.text)
    EPI0_IRQHandler                          0x00000377   Thumb Code     0  startup_msp432e401y_uvision.o(.text)
    FLASH_IRQHandler                         0x00000377   Thumb Code     0  startup_msp432e401y_uvision.o(.text)
    GPIOA_IRQHandler                         0x00000377   Thumb Code     0  startup_msp432e401y_uvision.o(.text)
    GPIOB_IRQHandler                         0x00000377   Thumb Code     0  startup_msp432e401y_uvision.o(.text)
    GPIOC_IRQHandler                         0x00000377   Thumb Code     0  startup_msp432e401y_uvision.o(.text)
    GPIOD_IRQHandler                         0x00000377   Thumb Code     0  startup_msp432e401y_uvision.o(.text)
    GPIOE_IRQHandler                         0x00000377   Thumb Code     0  startup_msp432e401y_uvision.o(.text)
    GPIOF_IRQHandler                         0x00000377   Thumb Code     0  startup_msp432e401y_uvision.o(.text)
    GPIOG_IRQHandler                         0x00000377   Thumb Code     0  startup_msp432e401y_uvision.o(.text)
    GPIOH_IRQHandler                         0x00000377   Thumb Code     0  startup_msp432e401y_uvision.o(.text)
    GPIOJ_IRQHandler                         0x00000377   Thumb Code     0  startup_msp432e401y_uvision.o(.text)
    GPIOK_IRQHandler                         0x00000377   Thumb Code     0  startup_msp432e401y_uvision.o(.text)
    GPIOL_IRQHandler                         0x00000377   Thumb Code     0  startup_msp432e401y_uvision.o(.text)
    GPIOM_IRQHandler                         0x00000377   Thumb Code     0  startup_msp432e401y_uvision.o(.text)
    GPION_IRQHandler                         0x00000377   Thumb Code     0  startup_msp432e401y_uvision.o(.text)
    GPIOP0_IRQHandler                        0x00000377   Thumb Code     0  startup_msp432e401y_uvision.o(.text)
    GPIOP1_IRQHandler                        0x00000377   Thumb Code     0  startup_msp432e401y_uvision.o(.text)
    GPIOP2_IRQHandler                        0x00000377   Thumb Code     0  startup_msp432e401y_uvision.o(.text)
    GPIOP3_IRQHandler                        0x00000377   Thumb Code     0  startup_msp432e401y_uvision.o(.text)
    GPIOP4_IRQHandler                        0x00000377   Thumb Code     0  startup_msp432e401y_uvision.o(.text)
    GPIOP5_IRQHandler                        0x00000377   Thumb Code     0  startup_msp432e401y_uvision.o(.text)
    GPIOP6_IRQHandler                        0x00000377   Thumb Code     0  startup_msp432e401y_uvision.o(.text)
    GPIOP7_IRQHandler                        0x00000377   Thumb Code     0  startup_msp432e401y_uvision.o(.text)
    GPIOQ0_IRQHandler                        0x00000377   Thumb Code     0  startup_msp432e401y_uvision.o(.text)
    GPIOQ1_IRQHandler                        0x00000377   Thumb Code     0  startup_msp432e401y_uvision.o(.text)
    GPIOQ2_IRQHandler                        0x00000377   Thumb Code     0  startup_msp432e401y_uvision.o(.text)
    GPIOQ3_IRQHandler                        0x00000377   Thumb Code     0  startup_msp432e401y_uvision.o(.text)
    GPIOQ4_IRQHandler                        0x00000377   Thumb Code     0  startup_msp432e401y_uvision.o(.text)
    GPIOQ5_IRQHandler                        0x00000377   Thumb Code     0  startup_msp432e401y_uvision.o(.text)
    GPIOQ6_IRQHandler                        0x00000377   Thumb Code     0  startup_msp432e401y_uvision.o(.text)
    GPIOQ7_IRQHandler                        0x00000377   Thumb Code     0  startup_msp432e401y_uvision.o(.text)
    HIBERNATE_IRQHandler                     0x00000377   Thumb Code     0  startup_msp432e401y_uvision.o(.text)
    I2C0_IRQHandler                          0x00000377   Thumb Code     0  startup_msp432e401y_uvision.o(.text)
    I2C1_IRQHandler                          0x00000377   Thumb Code     0  startup_msp432e401y_uvision.o(.text)
    I2C2_IRQHandler                          0x00000377   Thumb Code     0  startup_msp432e401y_uvision.o(.text)
    I2C3_IRQHandler                          0x00000377   Thumb Code     0  startup_msp432e401y_uvision.o(.text)
    I2C4_IRQHandler                          0x00000377   Thumb Code     0  startup_msp432e401y_uvision.o(.text)
    I2C5_IRQHandler                          0x00000377   Thumb Code     0  startup_msp432e401y_uvision.o(.text)
    I2C6_IRQHandler                          0x00000377   Thumb Code     0  startup_msp432e401y_uvision.o(.text)
    I2C7_IRQHandler                          0x00000377   Thumb Code     0  startup_msp432e401y_uvision.o(.text)
    I2C8_IRQHandler                          0x00000377   Thumb Code     0  startup_msp432e401y_uvision.o(.text)
    I2C9_IRQHandler                          0x00000377   Thumb Code     0  startup_msp432e401y_uvision.o(.text)
    PWM0_0_IRQHandler                        0x00000377   Thumb Code     0  startup_msp432e401y_uvision.o(.text)
    PWM0_1_IRQHandler                        0x00000377   Thumb Code     0  startup_msp432e401y_uvision.o(.text)
    PWM0_2_IRQHandler                        0x00000377   Thumb Code     0  startup_msp432e401y_uvision.o(.text)
    PWM0_3_IRQHandler                        0x00000377   Thumb Code     0  startup_msp432e401y_uvision.o(.text)
    PWM0_FAULT_IRQHandler                    0x00000377   Thumb Code     0  startup_msp432e401y_uvision.o(.text)
    QEI0_IRQHandler                          0x00000377   Thumb Code     0  startup_msp432e401y_uvision.o(.text)
    SHA0_IRQHandler                          0x00000377   Thumb Code     0  startup_msp432e401y_uvision.o(.text)
    SSI0_IRQHandler                          0x00000377   Thumb Code     0  startup_msp432e401y_uvision.o(.text)
    SSI1_IRQHandler                          0x00000377   Thumb Code     0  startup_msp432e401y_uvision.o(.text)
    SSI2_IRQHandler                          0x00000377   Thumb Code     0  startup_msp432e401y_uvision.o(.text)
    SSI3_IRQHandler                          0x00000377   Thumb Code     0  startup_msp432e401y_uvision.o(.text)
    SYSCTL_IRQHandler                        0x00000377   Thumb Code     0  startup_msp432e401y_uvision.o(.text)
    SYSEXC_IRQHandler                        0x00000377   Thumb Code     0  startup_msp432e401y_uvision.o(.text)
    TAMPER0_IRQHandler                       0x00000377   Thumb Code     0  startup_msp432e401y_uvision.o(.text)
    TIMER0A_IRQHandler                       0x00000377   Thumb Code     0  startup_msp432e401y_uvision.o(.text)
    TIMER0B_IRQHandler                       0x00000377   Thumb Code     0  startup_msp432e401y_uvision.o(.text)
    TIMER1A_IRQHandler                       0x00000377   Thumb Code     0  startup_msp432e401y_uvision.o(.text)
    TIMER1B_IRQHandler                       0x00000377   Thumb Code     0  startup_msp432e401y_uvision.o(.text)
    TIMER2A_IRQHandler                       0x00000377   Thumb Code     0  startup_msp432e401y_uvision.o(.text)
    TIMER2B_IRQHandler                       0x00000377   Thumb Code     0  startup_msp432e401y_uvision.o(.text)
    TIMER3A_IRQHandler                       0x00000377   Thumb Code     0  startup_msp432e401y_uvision.o(.text)
    TIMER3B_IRQHandler                       0x00000377   Thumb Code     0  startup_msp432e401y_uvision.o(.text)
    TIMER4A_IRQHandler                       0x00000377   Thumb Code     0  startup_msp432e401y_uvision.o(.text)
    TIMER4B_IRQHandler                       0x00000377   Thumb Code     0  startup_msp432e401y_uvision.o(.text)
    TIMER5A_IRQHandler                       0x00000377   Thumb Code     0  startup_msp432e401y_uvision.o(.text)
    TIMER5B_IRQHandler                       0x00000377   Thumb Code     0  startup_msp432e401y_uvision.o(.text)
    TIMER6A_IRQHandler                       0x00000377   Thumb Code     0  startup_msp432e401y_uvision.o(.text)
    TIMER6B_IRQHandler                       0x00000377   Thumb Code     0  startup_msp432e401y_uvision.o(.text)
    TIMER7A_IRQHandler                       0x00000377   Thumb Code     0  startup_msp432e401y_uvision.o(.text)
    TIMER7B_IRQHandler                       0x00000377   Thumb Code     0  startup_msp432e401y_uvision.o(.text)
    UART0_IRQHandler                         0x00000377   Thumb Code     0  startup_msp432e401y_uvision.o(.text)
    UART1_IRQHandler                         0x00000377   Thumb Code     0  startup_msp432e401y_uvision.o(.text)
    UART2_IRQHandler                         0x00000377   Thumb Code     0  startup_msp432e401y_uvision.o(.text)
    UART3_IRQHandler                         0x00000377   Thumb Code     0  startup_msp432e401y_uvision.o(.text)
    UART4_IRQHandler                         0x00000377   Thumb Code     0  startup_msp432e401y_uvision.o(.text)
    UART5_IRQHandler                         0x00000377   Thumb Code     0  startup_msp432e401y_uvision.o(.text)
    UART6_IRQHandler                         0x00000377   Thumb Code     0  startup_msp432e401y_uvision.o(.text)
    UART7_IRQHandler                         0x00000377   Thumb Code     0  startup_msp432e401y_uvision.o(.text)
    UDMAERR_IRQHandler                       0x00000377   Thumb Code     0  startup_msp432e401y_uvision.o(.text)
    UDMA_IRQHandler                          0x00000377   Thumb Code     0  startup_msp432e401y_uvision.o(.text)
    USB0_IRQHandler                          0x00000377   Thumb Code     0  startup_msp432e401y_uvision.o(.text)
    WATCHDOG_IRQHandler                      0x00000377   Thumb Code     0  startup_msp432e401y_uvision.o(.text)
    __user_initial_stackheap                 0x00000379   Thumb Code    10  startup_msp432e401y_uvision.o(.text)
    __use_two_region_memory                  0x00000399   Thumb Code     2  heapauxi.o(.text)
    __rt_heap_escrow$2region                 0x0000039b   Thumb Code     2  heapauxi.o(.text)
    __rt_heap_expand$2region                 0x0000039d   Thumb Code     2  heapauxi.o(.text)
    __user_setup_stackheap                   0x0000039f   Thumb Code    74  sys_stackheap_outer.o(.text)
    exit                                     0x000003e9   Thumb Code    18  exit.o(.text)
    __user_libspace                          0x000003fd   Thumb Code     8  libspace.o(.text)
    __user_perproc_libspace                  0x000003fd   Thumb Code     0  libspace.o(.text)
    __user_perthread_libspace                0x000003fd   Thumb Code     0  libspace.o(.text)
    _sys_exit                                0x00000405   Thumb Code     8  sys_exit.o(.text)
    __I$use$semihosting                      0x00000411   Thumb Code     0  use_no_semi.o(.text)
    __use_no_semihosting_swi                 0x00000411   Thumb Code     2  use_no_semi.o(.text)
    __semihosting_library_function           0x00000413   Thumb Code     0  indicate_semi.o(.text)
    ADC0SS2_IRQHandler                       0x00000415   Thumb Code   112  adc0_singleended_multichannel_timertrigger.o(i.ADC0SS2_IRQHandler)
    ADCSequenceStepConfigure                 0x0000049d   Thumb Code   112  adc.o(i.ADCSequenceStepConfigure)
    ConfigureUART                            0x0000050d   Thumb Code    82  adc0_singleended_multichannel_timertrigger.o(i.ConfigureUART)
    SysCtlClockFreqSet                       0x0000056d   Thumb Code   530  sysctl.o(i.SysCtlClockFreqSet)
    SystemInit                               0x0000079d   Thumb Code    20  system_msp432e401y.o(i.SystemInit)
    TimerControlTrigger                      0x000007bd   Thumb Code    50  timer.o(i.TimerControlTrigger)
    UARTStdioConfig                          0x000007f1   Thumb Code    96  uartstdio.o(i.UARTStdioConfig)
    UARTprintf                               0x0000085d   Thumb Code    26  uartstdio.o(i.UARTprintf)
    UARTvprintf                              0x00000879   Thumb Code   574  uartstdio.o(i.UARTvprintf)
    UARTwrite                                0x00000ac9   Thumb Code    58  uartstdio.o(i.UARTwrite)
    arm_cfft_q15                             0x00000b2d   Thumb Code   176  arm_cfft_q15.o(i.arm_cfft_q15)
    arm_cfft_radix4by2_inverse_q15           0x00000bdd   Thumb Code   186  arm_cfft_q15.o(i.arm_cfft_radix4by2_inverse_q15)
    arm_cfft_radix4by2_q15                   0x00000c97   Thumb Code   186  arm_cfft_q15.o(i.arm_cfft_radix4by2_q15)
    arm_cmplx_mag_q15                        0x00000d51   Thumb Code    42  arm_cmplx_mag_q15.o(i.arm_cmplx_mag_q15)
    arm_max_q15                              0x00000d7b   Thumb Code    36  arm_max_q15.o(i.arm_max_q15)
    arm_radix4_butterfly_inverse_q15         0x00000d9f   Thumb Code   914  arm_cfft_radix4_q15.o(i.arm_radix4_butterfly_inverse_q15)
    arm_radix4_butterfly_q15                 0x00001131   Thumb Code   914  arm_cfft_radix4_q15.o(i.arm_radix4_butterfly_q15)
    arm_sqrt_q15                             0x000014c5   Thumb Code   190  arm_sqrt_q15.o(i.arm_sqrt_q15)
    main                                     0x00001591   Thumb Code   822  adc0_singleended_multichannel_timertrigger.o(i.main)
    __aeabi_dadd                             0x000019fd   Thumb Code     0  daddsub_clz.o(x$fpl$dadd)
    _dadd                                    0x000019fd   Thumb Code   332  daddsub_clz.o(x$fpl$dadd)
    __aeabi_d2iz                             0x00001b4d   Thumb Code     0  dfix.o(x$fpl$dfix)
    _dfix                                    0x00001b4d   Thumb Code    94  dfix.o(x$fpl$dfix)
    __aeabi_i2d                              0x00001bab   Thumb Code     0  dflt_clz.o(x$fpl$dflt)
    _dflt                                    0x00001bab   Thumb Code    46  dflt_clz.o(x$fpl$dflt)
    __aeabi_dmul                             0x00001bd9   Thumb Code     0  dmul.o(x$fpl$dmul)
    _dmul                                    0x00001bd9   Thumb Code   332  dmul.o(x$fpl$dmul)
    __fpl_dnaninf                            0x00001d2d   Thumb Code   156  dnaninf.o(x$fpl$dnaninf)
    __fpl_dretinf                            0x00001dc9   Thumb Code    12  dretinf.o(x$fpl$dretinf)
    __aeabi_dsub                             0x00001dd5   Thumb Code     0  daddsub_clz.o(x$fpl$dsub)
    _dsub                                    0x00001dd5   Thumb Code   464  daddsub_clz.o(x$fpl$dsub)
    _fp_init                                 0x00001fa9   Thumb Code    10  fpinit.o(x$fpl$fpinit)
    __fplib_config_fpu_vfp                   0x00001fb1   Thumb Code     0  fpinit.o(x$fpl$fpinit)
    __fplib_config_pureend_doubles           0x00001fb1   Thumb Code     0  fpinit.o(x$fpl$fpinit)
    __I$use$fp                               0x00001fb2   Number         0  usenofp.o(x$fpl$usenofp)
    arm_cfft_sR_q15_len1024                  0x000021e0   Data          16  arm_const_structs.o(.constdata)
    twiddleCoef_1024_q15                     0x000021f0   Data        3072  arm_common_tables.o(.constdata)
    armBitRevIndexTable_fixed_1024           0x00002df0   Data        1984  arm_common_tables.o(.constdata)
    Region$$Table$$Base                      0x000035c4   Number         0  anon$$obj.o(Region$$Table)
    Region$$Table$$Limit                     0x000035e4   Number         0  anon$$obj.o(Region$$Table)
    setBufProcessReady                       0x20000000   Data           1  adc0_singleended_multichannel_timertrigger.o(.data)
    transferIndex                            0x20000004   Data           4  adc0_singleended_multichannel_timertrigger.o(.data)
    getADCValue                              0x20000008   Data           4  adc0_singleended_multichannel_timertrigger.o(.data)
    bgetConvStatus                           0x2000000c   Data           1  adc0_singleended_multichannel_timertrigger.o(.data)
    rmsBuff                                  0x20000010   Data           4  adc0_singleended_multichannel_timertrigger.o(.data)
    dcBuff                                   0x20000014   Data           4  adc0_singleended_multichannel_timertrigger.o(.data)
    rmsCalculation                           0x20000018   Data           4  adc0_singleended_multichannel_timertrigger.o(.data)
    SystemCoreClock                          0x2000001c   Data           4  system_msp432e401y.o(.data)
    fftOutput                                0x20000028   Data        4096  adc0_singleended_multichannel_timertrigger.o(.bss)
    __libspace_start                         0x20002028   Data          96  libspace.o(.bss)
    __temporary_stack_top$libspace           0x20002088   Data           0  libspace.o(.bss)



==============================================================================

Memory Map of the image

  Image Entry point : 0x000001fd

  Load Region LR_IROM1 (Base: 0x00000000, Size: 0x0000360c, Max: 0x00100000, ABSOLUTE)

    Execution Region ER_IROM1 (Exec base: 0x00000000, Load base: 0x00000000, Size: 0x000035e4, Max: 0x00100000, ABSOLUTE)

    Exec Addr    Load Addr    Size         Type   Attr      Idx    E Section Name        Object

    0x00000000   0x00000000   0x000001fc   Data   RO          277    RESET               startup_msp432e401y_uvision.o
    0x000001fc   0x000001fc   0x00000008   Code   RO         1928  * !!!main             c_w.l(__main.o)
    0x00000204   0x00000204   0x00000034   Code   RO         2110    !!!scatter          c_w.l(__scatter.o)
    0x00000238   0x00000238   0x0000001a   Code   RO         2112    !!handler_copy      c_w.l(__scatter_copy.o)
    0x00000252   0x00000252   0x00000002   PAD
    0x00000254   0x00000254   0x0000001c   Code   RO         2114    !!handler_zi        c_w.l(__scatter_zi.o)
    0x00000270   0x00000270   0x000000c0   Code   RO         1871    . text              arm_cortexM4lf_math.a(arm_bitreversal2.o)
    0x00000330   0x00000330   0x00000002   Code   RO         1978    .ARM.Collect$$libinit$$00000000  c_w.l(libinit.o)
    0x00000332   0x00000332   0x00000004   Code   RO         1984    .ARM.Collect$$libinit$$00000001  c_w.l(libinit2.o)
    0x00000336   0x00000336   0x00000000   Code   RO         1987    .ARM.Collect$$libinit$$00000004  c_w.l(libinit2.o)
    0x00000336   0x00000336   0x00000000   Code   RO         1990    .ARM.Collect$$libinit$$0000000A  c_w.l(libinit2.o)
    0x00000336   0x00000336   0x00000000   Code   RO         1992    .ARM.Collect$$libinit$$0000000C  c_w.l(libinit2.o)
    0x00000336   0x00000336   0x00000000   Code   RO         1994    .ARM.Collect$$libinit$$0000000E  c_w.l(libinit2.o)
    0x00000336   0x00000336   0x00000000   Code   RO         1997    .ARM.Collect$$libinit$$00000011  c_w.l(libinit2.o)
    0x00000336   0x00000336   0x00000000   Code   RO         1999    .ARM.Collect$$libinit$$00000013  c_w.l(libinit2.o)
    0x00000336   0x00000336   0x00000000   Code   RO         2001    .ARM.Collect$$libinit$$00000015  c_w.l(libinit2.o)
    0x00000336   0x00000336   0x00000000   Code   RO         2003    .ARM.Collect$$libinit$$00000017  c_w.l(libinit2.o)
    0x00000336   0x00000336   0x00000000   Code   RO         2005    .ARM.Collect$$libinit$$00000019  c_w.l(libinit2.o)
    0x00000336   0x00000336   0x00000000   Code   RO         2007    .ARM.Collect$$libinit$$0000001B  c_w.l(libinit2.o)
    0x00000336   0x00000336   0x00000000   Code   RO         2009    .ARM.Collect$$libinit$$0000001D  c_w.l(libinit2.o)
    0x00000336   0x00000336   0x00000000   Code   RO         2011    .ARM.Collect$$libinit$$0000001F  c_w.l(libinit2.o)
    0x00000336   0x00000336   0x00000000   Code   RO         2013    .ARM.Collect$$libinit$$00000021  c_w.l(libinit2.o)
    0x00000336   0x00000336   0x00000000   Code   RO         2015    .ARM.Collect$$libinit$$00000023  c_w.l(libinit2.o)
    0x00000336   0x00000336   0x00000000   Code   RO         2017    .ARM.Collect$$libinit$$00000025  c_w.l(libinit2.o)
    0x00000336   0x00000336   0x00000000   Code   RO         2021    .ARM.Collect$$libinit$$0000002C  c_w.l(libinit2.o)
    0x00000336   0x00000336   0x00000000   Code   RO         2023    .ARM.Collect$$libinit$$0000002E  c_w.l(libinit2.o)
    0x00000336   0x00000336   0x00000000   Code   RO         2025    .ARM.Collect$$libinit$$00000030  c_w.l(libinit2.o)
    0x00000336   0x00000336   0x00000000   Code   RO         2027    .ARM.Collect$$libinit$$00000032  c_w.l(libinit2.o)
    0x00000336   0x00000336   0x00000002   Code   RO         2028    .ARM.Collect$$libinit$$00000033  c_w.l(libinit2.o)
    0x00000338   0x00000338   0x00000002   Code   RO         2048    .ARM.Collect$$libshutdown$$00000000  c_w.l(libshutdown.o)
    0x0000033a   0x0000033a   0x00000000   Code   RO         2061    .ARM.Collect$$libshutdown$$00000002  c_w.l(libshutdown2.o)
    0x0000033a   0x0000033a   0x00000000   Code   RO         2063    .ARM.Collect$$libshutdown$$00000004  c_w.l(libshutdown2.o)
    0x0000033a   0x0000033a   0x00000000   Code   RO         2065    .ARM.Collect$$libshutdown$$00000006  c_w.l(libshutdown2.o)
    0x0000033a   0x0000033a   0x00000000   Code   RO         2068    .ARM.Collect$$libshutdown$$00000009  c_w.l(libshutdown2.o)
    0x0000033a   0x0000033a   0x00000000   Code   RO         2071    .ARM.Collect$$libshutdown$$0000000C  c_w.l(libshutdown2.o)
    0x0000033a   0x0000033a   0x00000000   Code   RO         2073    .ARM.Collect$$libshutdown$$0000000E  c_w.l(libshutdown2.o)
    0x0000033a   0x0000033a   0x00000000   Code   RO         2076    .ARM.Collect$$libshutdown$$00000011  c_w.l(libshutdown2.o)
    0x0000033a   0x0000033a   0x00000002   Code   RO         2077    .ARM.Collect$$libshutdown$$00000012  c_w.l(libshutdown2.o)
    0x0000033c   0x0000033c   0x00000000   Code   RO         1948    .ARM.Collect$$rtentry$$00000000  c_w.l(__rtentry.o)
    0x0000033c   0x0000033c   0x00000000   Code   RO         1955    .ARM.Collect$$rtentry$$00000002  c_w.l(__rtentry2.o)
    0x0000033c   0x0000033c   0x00000006   Code   RO         1967    .ARM.Collect$$rtentry$$00000004  c_w.l(__rtentry4.o)
    0x00000342   0x00000342   0x00000000   Code   RO         1957    .ARM.Collect$$rtentry$$00000009  c_w.l(__rtentry2.o)
    0x00000342   0x00000342   0x00000004   Code   RO         1958    .ARM.Collect$$rtentry$$0000000A  c_w.l(__rtentry2.o)
    0x00000346   0x00000346   0x00000000   Code   RO         1960    .ARM.Collect$$rtentry$$0000000C  c_w.l(__rtentry2.o)
    0x00000346   0x00000346   0x00000008   Code   RO         1961    .ARM.Collect$$rtentry$$0000000D  c_w.l(__rtentry2.o)
    0x0000034e   0x0000034e   0x00000002   Code   RO         1982    .ARM.Collect$$rtexit$$00000000  c_w.l(rtexit.o)
    0x00000350   0x00000350   0x00000000   Code   RO         2030    .ARM.Collect$$rtexit$$00000002  c_w.l(rtexit2.o)
    0x00000350   0x00000350   0x00000004   Code   RO         2031    .ARM.Collect$$rtexit$$00000003  c_w.l(rtexit2.o)
    0x00000354   0x00000354   0x00000006   Code   RO         2032    .ARM.Collect$$rtexit$$00000004  c_w.l(rtexit2.o)
    0x0000035a   0x0000035a   0x00000002   PAD
    0x0000035c   0x0000035c   0x0000003c   Code   RO          278    .text               startup_msp432e401y_uvision.o
    0x00000398   0x00000398   0x00000006   Code   RO         1926    .text               c_w.l(heapauxi.o)
    0x0000039e   0x0000039e   0x0000004a   Code   RO         1969    .text               c_w.l(sys_stackheap_outer.o)
    0x000003e8   0x000003e8   0x00000012   Code   RO         1971    .text               c_w.l(exit.o)
    0x000003fa   0x000003fa   0x00000002   PAD
    0x000003fc   0x000003fc   0x00000008   Code   RO         1979    .text               c_w.l(libspace.o)
    0x00000404   0x00000404   0x0000000c   Code   RO         2040    .text               c_w.l(sys_exit.o)
    0x00000410   0x00000410   0x00000002   Code   RO         2051    .text               c_w.l(use_no_semi.o)
    0x00000412   0x00000412   0x00000000   Code   RO         2053    .text               c_w.l(indicate_semi.o)
    0x00000412   0x00000412   0x00000002   PAD
    0x00000414   0x00000414   0x00000088   Code   RO            4    i.ADC0SS2_IRQHandler  adc0_singleended_multichannel_timertrigger.o
    0x0000049c   0x0000049c   0x00000070   Code   RO          492    i.ADCSequenceStepConfigure  msp432e4_driverlib.a(adc.o)
    0x0000050c   0x0000050c   0x00000060   Code   RO            5    i.ConfigureUART     adc0_singleended_multichannel_timertrigger.o
    0x0000056c   0x0000056c   0x00000230   Code   RO          769    i.SysCtlClockFreqSet  msp432e4_driverlib.a(sysctl.o)
    0x0000079c   0x0000079c   0x00000020   Code   RO          221    i.SystemInit        system_msp432e401y.o
    0x000007bc   0x000007bc   0x00000032   Code   RO         1071    i.TimerControlTrigger  msp432e4_driverlib.a(timer.o)
    0x000007ee   0x000007ee   0x00000002   PAD
    0x000007f0   0x000007f0   0x0000006c   Code   RO          285    i.UARTStdioConfig   uartstdio.o
    0x0000085c   0x0000085c   0x0000001a   Code   RO          288    i.UARTprintf        uartstdio.o
    0x00000876   0x00000876   0x00000002   PAD
    0x00000878   0x00000878   0x00000250   Code   RO          289    i.UARTvprintf       uartstdio.o
    0x00000ac8   0x00000ac8   0x00000040   Code   RO          290    i.UARTwrite         uartstdio.o
    0x00000b08   0x00000b08   0x00000024   Code   RO          812    i._SysCtlMemTimingGet  msp432e4_driverlib.a(sysctl.o)
    0x00000b2c   0x00000b2c   0x000000b0   Code   RO         1480    i.arm_cfft_q15      arm_cortexM4lf_math.a(arm_cfft_q15.o)
    0x00000bdc   0x00000bdc   0x000000ba   Code   RO         1481    i.arm_cfft_radix4by2_inverse_q15  arm_cortexM4lf_math.a(arm_cfft_q15.o)
    0x00000c96   0x00000c96   0x000000ba   Code   RO         1482    i.arm_cfft_radix4by2_q15  arm_cortexM4lf_math.a(arm_cfft_q15.o)
    0x00000d50   0x00000d50   0x0000002a   Code   RO         1414    i.arm_cmplx_mag_q15  arm_cortexM4lf_math.a(arm_cmplx_mag_q15.o)
    0x00000d7a   0x00000d7a   0x00000024   Code   RO         1447    i.arm_max_q15       arm_cortexM4lf_math.a(arm_max_q15.o)
    0x00000d9e   0x00000d9e   0x00000392   Code   RO         1830    i.arm_radix4_butterfly_inverse_q15  arm_cortexM4lf_math.a(arm_cfft_radix4_q15.o)
    0x00001130   0x00001130   0x00000392   Code   RO         1831    i.arm_radix4_butterfly_q15  arm_cortexM4lf_math.a(arm_cfft_radix4_q15.o)
    0x000014c2   0x000014c2   0x00000002   PAD
    0x000014c4   0x000014c4   0x000000cc   Code   RO         1792    i.arm_sqrt_q15      arm_cortexM4lf_math.a(arm_sqrt_q15.o)
    0x00001590   0x00001590   0x0000046c   Code   RO            6    i.main              adc0_singleended_multichannel_timertrigger.o
    0x000019fc   0x000019fc   0x00000150   Code   RO         1930    x$fpl$dadd          fz_wm.l(daddsub_clz.o)
    0x00001b4c   0x00001b4c   0x0000005e   Code   RO         1936    x$fpl$dfix          fz_wm.l(dfix.o)
    0x00001baa   0x00001baa   0x0000002e   Code   RO         1941    x$fpl$dflt          fz_wm.l(dflt_clz.o)
    0x00001bd8   0x00001bd8   0x00000154   Code   RO         1946    x$fpl$dmul          fz_wm.l(dmul.o)
    0x00001d2c   0x00001d2c   0x0000009c   Code   RO         1949    x$fpl$dnaninf       fz_wm.l(dnaninf.o)
    0x00001dc8   0x00001dc8   0x0000000c   Code   RO         1951    x$fpl$dretinf       fz_wm.l(dretinf.o)
    0x00001dd4   0x00001dd4   0x000001d4   Code   RO         1932    x$fpl$dsub          fz_wm.l(daddsub_clz.o)
    0x00001fa8   0x00001fa8   0x0000000a   Code   RO         2038    x$fpl$fpinit        fz_wm.l(fpinit.o)
    0x00001fb2   0x00001fb2   0x00000000   Code   RO         1953    x$fpl$usenofp       fz_wm.l(usenofp.o)
    0x00001fb2   0x00001fb2   0x00000002   PAD
    0x00001fb4   0x00001fb4   0x0000001c   Data   RO          291    .constdata          uartstdio.o
    0x00001fd0   0x00001fd0   0x00000210   Data   RO          813    .constdata          msp432e4_driverlib.a(sysctl.o)
    0x000021e0   0x000021e0   0x00000010   Data   RO         1325    .constdata          arm_cortexM4lf_math.a(arm_const_structs.o)
    0x000021f0   0x000021f0   0x00000c00   Data   RO         1679    .constdata          arm_cortexM4lf_math.a(arm_common_tables.o)
    0x00002df0   0x00002df0   0x000007c0   Data   RO         1706    .constdata          arm_cortexM4lf_math.a(arm_common_tables.o)
    0x000035b0   0x000035b0   0x00000011   Data   RO          292    .conststring        uartstdio.o
    0x000035c1   0x000035c1   0x00000003   PAD
    0x000035c4   0x000035c4   0x00000020   Data   RO         2108    Region$$Table       anon$$obj.o


    Execution Region RW_IRAM1 (Exec base: 0x20000000, Load base: 0x000035e4, Size: 0x00002288, Max: 0x00040000, ABSOLUTE)

    Exec Addr    Load Addr    Size         Type   Attr      Idx    E Section Name        Object

    0x20000000   0x000035e4   0x0000001c   Data   RW            8    .data               adc0_singleended_multichannel_timertrigger.o
    0x2000001c   0x00003600   0x00000004   Data   RW          222    .data               system_msp432e401y.o
    0x20000020   0x00003604   0x00000005   Data   RW          293    .data               uartstdio.o
    0x20000025   0x00003609   0x00000003   PAD
    0x20000028        -       0x00002000   Zero   RW            7    .bss                adc0_singleended_multichannel_timertrigger.o
    0x20002028        -       0x00000060   Zero   RW         1980    .bss                c_w.l(libspace.o)
    0x20002088        -       0x00000000   Zero   RW          276    HEAP                startup_msp432e401y_uvision.o
    0x20002088        -       0x00000200   Zero   RW          275    STACK               startup_msp432e401y_uvision.o


==============================================================================

Image component sizes


      Code (inc. data)   RO Data    RW Data    ZI Data      Debug   Object Name

      1364        348          0         28       8192      25634   adc0_singleended_multichannel_timertrigger.o
        60         22        508          0        512        940   startup_msp432e401y_uvision.o
        32         12          0          4          0        807   system_msp432e401y.o
       790         36         45          5          0       4916   uartstdio.o

    ----------------------------------------------------------------------
      2248        418        588         40       8704      32297   Object Totals
         0          0         32          0          0          0   (incl. Generated)
         2          0          3          3          0          0   (incl. Padding)

    ----------------------------------------------------------------------

      Code (inc. data)   RO Data    RW Data    ZI Data      Debug   Library Member Name

       192          0          0          0          0        628   arm_bitreversal2.o
       548          0          0          0          0      21053   arm_cfft_q15.o
      1828          0          0          0          0      24650   arm_cfft_radix4_q15.o
        42          0          0          0          0      17528   arm_cmplx_mag_q15.o
         0          0       5056          0          0      25103   arm_common_tables.o
         0          0         16          0          0      25102   arm_const_structs.o
        36          0          0          0          0      17850   arm_max_q15.o
       204         14          0          0          0      17731   arm_sqrt_q15.o
         8          0          0          0          0         68   __main.o
         0          0          0          0          0          0   __rtentry.o
        12          0          0          0          0          0   __rtentry2.o
         6          0          0          0          0          0   __rtentry4.o
        52          8          0          0          0          0   __scatter.o
        26          0          0          0          0          0   __scatter_copy.o
        28          0          0          0          0          0   __scatter_zi.o
        18          0          0          0          0         80   exit.o
         6          0          0          0          0        152   heapauxi.o
         0          0          0          0          0          0   indicate_semi.o
         2          0          0          0          0          0   libinit.o
         6          0          0          0          0          0   libinit2.o
         2          0          0          0          0          0   libshutdown.o
         2          0          0          0          0          0   libshutdown2.o
         8          4          0          0         96         68   libspace.o
         2          0          0          0          0          0   rtexit.o
        10          0          0          0          0          0   rtexit2.o
        12          4          0          0          0         68   sys_exit.o
        74          0          0          0          0         80   sys_stackheap_outer.o
         2          0          0          0          0         68   use_no_semi.o
       804         16          0          0          0        368   daddsub_clz.o
        94          4          0          0          0        140   dfix.o
        46          0          0          0          0        116   dflt_clz.o
       340         12          0          0          0        152   dmul.o
       156          4          0          0          0        140   dnaninf.o
        12          0          0          0          0        116   dretinf.o
        10          0          0          0          0        116   fpinit.o
         0          0          0          0          0          0   usenofp.o
       112          0          0          0          0       3875   adc.o
       596         36        528          0          0       4433   sysctl.o
        50          0          0          0          0        742   timer.o

    ----------------------------------------------------------------------
      5360        102       5600          0         96     160427   Library Totals
        14          0          0          0          0          0   (incl. Padding)

    ----------------------------------------------------------------------

      Code (inc. data)   RO Data    RW Data    ZI Data      Debug   Library Name

      2850         14       5072          0          0     149645   arm_cortexM4lf_math.a
       276         16          0          0         96        584   c_w.l
      1462         36          0          0          0       1148   fz_wm.l
       758         36        528          0          0       9050   msp432e4_driverlib.a

    ----------------------------------------------------------------------
      5360        102       5600          0         96     160427   Library Totals

    ----------------------------------------------------------------------

==============================================================================


      Code (inc. data)   RO Data    RW Data    ZI Data      Debug   

      7608        520       6188         40       8800     190268   Grand Totals
      7608        520       6188         40       8800     190268   ELF Image Totals
      7608        520       6188         40          0          0   ROM Totals

==============================================================================

    Total RO  Size (Code + RO Data)                13796 (  13.47kB)
    Total RW  Size (RW Data + ZI Data)              8840 (   8.63kB)
    Total ROM Size (Code + RO Data + RW Data)      13836 (  13.51kB)

==============================================================================

