Component: ARM Compiler 5.06 update 7 (build 960) Tool: armlink [4d3601]

==============================================================================

Section Cross References

    main.o(i.ADC0SS2_IRQHandler) refers to main.o(.data) for getADCValue
    main.o(i.ADC0SS2_IRQHandler) refers to main.o(.bss) for dstBufferNoneProcess
    main.o(i.ConfigureUART) refers to uartstdio.o(i.UARTStdioConfig) for UARTStdioConfig
    main.o(i.main) refers to sysctl.o(i.SysCtlClockFreqSet) for SysCtlClockFreqSet
    main.o(i.main) refers to main.o(i.ConfigureUART) for ConfigureUART
    main.o(i.main) refers to oled.o(i.OLED_Init) for OLED_Init
    main.o(i.main) refers to oled.o(i.OLED_Clear) for OLED_Clear
    main.o(i.main) refers to adc.o(i.ADCSequenceStepConfigure) for ADCSequenceStepConfigure
    main.o(i.main) refers to timer.o(i.TimerControlTrigger) for TimerControlTrigger
    main.o(i.main) refers to rt_memclr_w.o(.text) for __aeabi_memclr4
    main.o(i.main) refers to arm_cfft_q15.o(i.arm_cfft_q15) for arm_cfft_q15
    main.o(i.main) refers to arm_cmplx_mag_q15.o(i.arm_cmplx_mag_q15) for arm_cmplx_mag_q15
    main.o(i.main) refers to oled.o(i.delay_ms) for delay_ms
    main.o(i.main) refers to oled.o(i.OLED_Value_One_Page) for OLED_Value_One_Page
    main.o(i.main) refers to main.o(.data) for setBufProcessReady
    main.o(i.main) refers to main.o(.bss) for dstBufferProcess
    main.o(i.main) refers to arm_const_structs.o(.constdata) for arm_cfft_sR_q15_len4096
    system_msp432e401y.o(i.SystemCoreClockUpdate) refers to system_msp432e401y.o(.data) for SystemCoreClock
    system_msp432e401y.o(i.SystemInit) refers to system_msp432e401y.o(.data) for SystemCoreClock
    startup_msp432e401y_uvision.o(STACK) refers (Special) to heapauxi.o(.text) for __use_two_region_memory
    startup_msp432e401y_uvision.o(HEAP) refers (Special) to heapauxi.o(.text) for __use_two_region_memory
    startup_msp432e401y_uvision.o(RESET) refers (Special) to heapauxi.o(.text) for __use_two_region_memory
    startup_msp432e401y_uvision.o(RESET) refers to startup_msp432e401y_uvision.o(STACK) for __initial_sp
    startup_msp432e401y_uvision.o(RESET) refers to startup_msp432e401y_uvision.o(.text) for Reset_Handler
    startup_msp432e401y_uvision.o(RESET) refers to main.o(i.ADC0SS2_IRQHandler) for ADC0SS2_IRQHandler
    startup_msp432e401y_uvision.o(.text) refers (Special) to heapauxi.o(.text) for __use_two_region_memory
    startup_msp432e401y_uvision.o(.text) refers to system_msp432e401y.o(i.SystemInit) for SystemInit
    startup_msp432e401y_uvision.o(.text) refers to __main.o(!!!main) for __main
    startup_msp432e401y_uvision.o(.text) refers to startup_msp432e401y_uvision.o(HEAP) for Heap_Mem
    startup_msp432e401y_uvision.o(.text) refers to startup_msp432e401y_uvision.o(STACK) for Stack_Mem
    uartstdio.o(i.UARTStdioConfig) refers to uartstdio.o(.constdata) for g_ui32UARTPeriph
    uartstdio.o(i.UARTStdioConfig) refers to uartstdio.o(.data) for g_ui32Base
    uartstdio.o(i.UARTgetc) refers to uartstdio.o(.data) for g_ui32Base
    uartstdio.o(i.UARTgets) refers to uartstdio.o(i.UARTwrite) for UARTwrite
    uartstdio.o(i.UARTgets) refers to uartstdio.o(.data) for g_ui32Base
    uartstdio.o(i.UARTprintf) refers to uartstdio.o(i.UARTvprintf) for UARTvprintf
    uartstdio.o(i.UARTvprintf) refers to uartstdio.o(i.UARTwrite) for UARTwrite
    uartstdio.o(i.UARTvprintf) refers to uartstdio.o(.constdata) for g_pcHex
    uartstdio.o(i.UARTwrite) refers to uartstdio.o(.data) for g_ui32Base
    uartstdio.o(.constdata) refers to uartstdio.o(.conststring) for .conststring
    oled.o(i.OLED_Clear) refers to oled.o(i.OLED_WR_Byte) for OLED_WR_Byte
    oled.o(i.OLED_Clear) refers to oled.o(.bss) for OLED_GRAM
    oled.o(i.OLED_Display_Off) refers to oled.o(i.OLED_WR_Byte) for OLED_WR_Byte
    oled.o(i.OLED_Display_On) refers to oled.o(i.OLED_WR_Byte) for OLED_WR_Byte
    oled.o(i.OLED_DrawBMP) refers to oled.o(i.OLED_Set_Pos) for OLED_Set_Pos
    oled.o(i.OLED_DrawBMP) refers to oled.o(i.OLED_WR_Byte) for OLED_WR_Byte
    oled.o(i.OLED_DrawPoint) refers to oled.o(.bss) for OLED_GRAM
    oled.o(i.OLED_Init) refers to sysctl.o(i.SysCtlPeripheralReady) for SysCtlPeripheralReady
    oled.o(i.OLED_Init) refers to oled.o(i.delay_ms) for delay_ms
    oled.o(i.OLED_Init) refers to oled.o(i.OLED_WR_Byte) for OLED_WR_Byte
    oled.o(i.OLED_Init) refers to oled.o(i.OLED_Clear) for OLED_Clear
    oled.o(i.OLED_Init) refers to oled.o(i.OLED_Set_Pos) for OLED_Set_Pos
    oled.o(i.OLED_Set_Pos) refers to oled.o(i.OLED_WR_Byte) for OLED_WR_Byte
    oled.o(i.OLED_ShowCHinese) refers to oled.o(i.OLED_Set_Pos) for OLED_Set_Pos
    oled.o(i.OLED_ShowCHinese) refers to oled.o(i.OLED_WR_Byte) for OLED_WR_Byte
    oled.o(i.OLED_ShowCHinese) refers to oled.o(.constdata) for Hzk
    oled.o(i.OLED_ShowChar) refers to oled.o(i.OLED_Set_Pos) for OLED_Set_Pos
    oled.o(i.OLED_ShowChar) refers to oled.o(i.OLED_WR_Byte) for OLED_WR_Byte
[...]
    libinit2.o(.ARM.Collect$$libinit$$00000027) refers to argv_veneer.o(.emb_text) for __ARM_argv_veneer
    rtexit2.o(.ARM.Collect$$rtexit$$00000003) refers to libshutdown.o(.ARM.Collect$$libshutdown$$00000000) for __rt_lib_shutdown
    rtexit2.o(.ARM.Collect$$rtexit$$00000004) refers to sys_exit.o(.text) for _sys_exit
    rtexit2.o(.ARM.exidx) refers to rtexit2.o(.ARM.Collect$$rtexit$$00000001) for .ARM.Collect$$rtexit$$00000001
    rtexit2.o(.ARM.exidx) refers to rtexit2.o(.ARM.Collect$$rtexit$$00000003) for .ARM.Collect$$rtexit$$00000003
    rtexit2.o(.ARM.exidx) refers to rtexit2.o(.ARM.Collect$$rtexit$$00000004) for .ARM.Collect$$rtexit$$00000004
    argv_veneer.o(.emb_text) refers to no_argv.o(.text) for __ARM_get_argv
    sys_exit.o(.text) refers (Special) to use_no_semi.o(.text) for __I$use$semihosting
    sys_exit.o(.text) refers (Special) to indicate_semi.o(.text) for __semihosting_library_function
    _get_argv_nomalloc.o(.text) refers (Special) to hrguard.o(.text) for __heap_region$guard
    _get_argv_nomalloc.o(.text) refers to defsig_rtmem_outer.o(.text) for __rt_SIGRTMEM
    _get_argv_nomalloc.o(.text) refers to sys_command.o(.text) for _sys_command_string
    libshutdown.o(.ARM.Collect$$libshutdown$$00000000) refers (Special) to libshutdown2.o(.ARM.Collect$$libshutdown$$00000004) for __rt_lib_shutdown_cpp_1
    libshutdown.o(.ARM.Collect$$libshutdown$$00000000) refers (Special) to libshutdown2.o(.ARM.Collect$$libshutdown$$00000002) for __rt_lib_shutdown_fini_1
    libshutdown.o(.ARM.Collect$$libshutdown$$00000000) refers (Special) to libshutdown2.o(.ARM.Collect$$libshutdown$$00000009) for __rt_lib_shutdown_fp_trap_1
    libshutdown.o(.ARM.Collect$$libshutdown$$00000000) refers (Special) to libshutdown2.o(.ARM.Collect$$libshutdown$$00000011) for __rt_lib_shutdown_heap_1
    libshutdown.o(.ARM.Collect$$libshutdown$$00000000) refers (Special) to libshutdown2.o(.ARM.Collect$$libshutdown$$00000012) for __rt_lib_shutdown_return
    libshutdown.o(.ARM.Collect$$libshutdown$$00000000) refers (Special) to libshutdown2.o(.ARM.Collect$$libshutdown$$0000000C) for __rt_lib_shutdown_signal_1
    libshutdown.o(.ARM.Collect$$libshutdown$$00000000) refers (Special) to libshutdown2.o(.ARM.Collect$$libshutdown$$00000006) for __rt_lib_shutdown_stdio_1
    libshutdown.o(.ARM.Collect$$libshutdown$$00000000) refers (Special) to libshutdown2.o(.ARM.Collect$$libshutdown$$0000000E) for __rt_lib_shutdown_user_alloc_1
    sys_command.o(.text) refers (Special) to use_no_semi.o(.text) for __I$use$semihosting
    sys_command.o(.text) refers (Special) to indicate_semi.o(.text) for __semihosting_library_function
    defsig_rtmem_outer.o(.text) refers to defsig_rtmem_inner.o(.text) for __rt_SIGRTMEM_inner
    defsig_rtmem_outer.o(.text) refers to defsig_exit.o(.text) for __sig_exit
    defsig_rtmem_formal.o(.text) refers to rt_raise.o(.text) for __rt_raise
    rt_raise.o(.text) refers to __raise.o(.text) for __raise
    rt_raise.o(.text) refers to sys_exit.o(.text) for _sys_exit
    defsig_exit.o(.text) refers to sys_exit.o(.text) for _sys_exit
    defsig_rtmem_inner.o(.text) refers to defsig_general.o(.text) for __default_signal_display
    __raise.o(.text) refers to defsig.o(CL$$defsig) for __default_signal_handler
    defsig_general.o(.text) refers to sys_wrch.o(.text) for _ttywrch
    sys_wrch.o(.text) refers (Special) to use_no_semi.o(.text) for __I$use$semihosting
    sys_wrch.o(.text) refers (Special) to indicate_semi.o(.text) for __semihosting_library_function
    defsig.o(CL$$defsig) refers to defsig_rtmem_inner.o(.text) for __rt_SIGRTMEM_inner
    defsig_abrt_inner.o(.text) refers to defsig_general.o(.text) for __default_signal_display
    defsig_fpe_inner.o(.text) refers to defsig_general.o(.text) for __default_signal_display
    defsig_rtred_inner.o(.text) refers to defsig_general.o(.text) for __default_signal_display
    defsig_stak_inner.o(.text) refers to defsig_general.o(.text) for __default_signal_display
    defsig_pvfn_inner.o(.text) refers to defsig_general.o(.text) for __default_signal_display
    defsig_cppl_inner.o(.text) refers to defsig_general.o(.text) for __default_signal_display
    defsig_segv_inner.o(.text) refers to defsig_general.o(.text) for __default_signal_display
    defsig_other.o(.text) refers to defsig_general.o(.text) for __default_signal_display


==============================================================================

Removing Unused input sections from the image.

    Removing main.o(.rev16_text), (4 bytes).
    Removing main.o(.revsh_text), (4 bytes).
    Removing main.o(.rrx_text), (6 bytes).
    Removing system_msp432e401y.o(.rev16_text), (4 bytes).
    Removing system_msp432e401y.o(.revsh_text), (4 bytes).
    Removing system_msp432e401y.o(.rrx_text), (6 bytes).
    Removing system_msp432e401y.o(i.SystemCoreClockUpdate), (240 bytes).
    Removing uartstdio.o(.rev16_text), (4 bytes).
    Removing uartstdio.o(.revsh_text), (4 bytes).
    Removing uartstdio.o(.rrx_text), (6 bytes).
    Removing uartstdio.o(i.UARTgetc), (24 bytes).
    Removing uartstdio.o(i.UARTgets), (156 bytes).
    Removing uartstdio.o(i.UARTprintf), (26 bytes).
    Removing uartstdio.o(i.UARTvprintf), (592 bytes).
    Removing uartstdio.o(i.UARTwrite), (64 bytes).
    Removing oled.o(.rev16_text), (4 bytes).
    Removing oled.o(.revsh_text), (4 bytes).
    Removing oled.o(.rrx_text), (6 bytes).
    Removing oled.o(i.OLED_Display_Off), (28 bytes).
    Removing oled.o(i.OLED_Display_On), (28 bytes).
    Removing oled.o(i.OLED_DrawBMP), (118 bytes).
    Removing oled.o(i.OLED_DrawPoint), (104 bytes).
    Removing oled.o(i.OLED_ShowCHinese), (104 bytes).
    Removing oled.o(i.OLED_Value_Two_Page), (404 bytes).
    Removing oled.o(i.OLED_Wave_showing), (104 bytes).
    Removing adc.o(.rev16_text), (4 bytes).
    Removing adc.o(.revsh_text), (4 bytes).
    Removing adc.o(.rrx_text), (6 bytes).
    Removing adc.o(i.ADCBusy), (8 bytes).
    Removing adc.o(i.ADCClockConfigGet), (32 bytes).
    Removing adc.o(i.ADCClockConfigSet), (28 bytes).
    Removing adc.o(i.ADCComparatorConfigure), (10 bytes).
    Removing adc.o(i.ADCComparatorIntClear), (4 bytes).
    Removing adc.o(i.ADCComparatorIntDisable), (14 bytes).
    Removing adc.o(i.ADCComparatorIntEnable), (14 bytes).
    Removing adc.o(i.ADCComparatorIntStatus), (4 bytes).
    Removing adc.o(i.ADCComparatorRegionSet), (14 bytes).
    Removing adc.o(i.ADCComparatorReset), (28 bytes).
    Removing adc.o(i.ADCHardwareOversampleConfigure), (18 bytes).
    Removing adc.o(i.ADCIntClear), (8 bytes).
    Removing adc.o(i.ADCIntClearEx), (4 bytes).
    Removing adc.o(i.ADCIntDisable), (12 bytes).
    Removing adc.o(i.ADCIntDisableEx), (8 bytes).
    Removing adc.o(i.ADCIntEnable), (14 bytes).
    Removing adc.o(i.ADCIntEnableEx), (8 bytes).
    Removing adc.o(i.ADCIntRegister), (26 bytes).
    Removing adc.o(i.ADCIntStatus), (44 bytes).
    Removing adc.o(i.ADCIntStatusEx), (18 bytes).
    Removing adc.o(i.ADCIntUnregister), (22 bytes).
    Removing adc.o(i.ADCPhaseDelayGet), (4 bytes).
    Removing adc.o(i.ADCPhaseDelaySet), (4 bytes).
    Removing adc.o(i.ADCProcessorTrigger), (22 bytes).
    Removing adc.o(i.ADCReferenceGet), (8 bytes).
    Removing adc.o(i.ADCReferenceSet), (12 bytes).
    Removing adc.o(i.ADCSequenceConfigure), (38 bytes).
    Removing adc.o(i.ADCSequenceDMADisable), (14 bytes).
    Removing adc.o(i.ADCSequenceDMAEnable), (14 bytes).
    Removing adc.o(i.ADCSequenceDataGet), (28 bytes).
    Removing adc.o(i.ADCSequenceDisable), (12 bytes).
    Removing adc.o(i.ADCSequenceEnable), (12 bytes).
    Removing adc.o(i.ADCSequenceOverflow), (10 bytes).
    Removing adc.o(i.ADCSequenceOverflowClear), (8 bytes).
    Removing adc.o(i.ADCSequenceUnderflow), (10 bytes).
    Removing adc.o(i.ADCSequenceUnderflowClear), (8 bytes).
    Removing adc.o(i.ADCSoftwareOversampleConfigure), (48 bytes).
    Removing adc.o(i.ADCSoftwareOversampleDataGet), (76 bytes).
    Removing adc.o(i.ADCSoftwareOversampleStepConfigure), (128 bytes).
    Removing adc.o(i._ADCIntNumberGet), (24 bytes).
    Removing adc.o(.data), (6 bytes).
    Removing sysctl.o(.emb_text), (6 bytes).
    Removing sysctl.o(i.SysCtlAltClkConfig), (12 bytes).
    Removing sysctl.o(i.SysCtlClockOutConfig), (20 bytes).
    Removing sysctl.o(i.SysCtlDeepSleep), (32 bytes).
    Removing sysctl.o(i.SysCtlDeepSleepClockConfigSet), (64 bytes).
    Removing sysctl.o(i.SysCtlDeepSleepPowerSet), (12 bytes).
    Removing sysctl.o(i.SysCtlFlashSectorSizeGet), (20 bytes).
    Removing sysctl.o(i.SysCtlFlashSizeGet), (16 bytes).
    Removing sysctl.o(i.SysCtlIntClear), (12 bytes).
    Removing sysctl.o(i.SysCtlIntDisable), (16 bytes).
    Removing sysctl.o(i.SysCtlIntEnable), (16 bytes).
    Removing sysctl.o(i.SysCtlIntRegister), (20 bytes).
    Removing sysctl.o(i.SysCtlIntStatus), (16 bytes).
    Removing sysctl.o(i.SysCtlIntUnregister), (18 bytes).
    Removing sysctl.o(i.SysCtlLDODeepSleepGet), (12 bytes).
    Removing sysctl.o(i.SysCtlLDODeepSleepSet), (12 bytes).
    Removing sysctl.o(i.SysCtlMOSCConfigSet), (12 bytes).
    Removing sysctl.o(i.SysCtlNMIClear), (16 bytes).
    Removing sysctl.o(i.SysCtlNMIStatus), (12 bytes).
    Removing sysctl.o(i.SysCtlPIOSCCalibrate), (72 bytes).
    Removing sysctl.o(i.SysCtlPeripheralClockGating), (28 bytes).
    Removing sysctl.o(i.SysCtlPeripheralDeepSleepDisable), (40 bytes).
    Removing sysctl.o(i.SysCtlPeripheralDeepSleepEnable), (40 bytes).
    Removing sysctl.o(i.SysCtlPeripheralDisable), (40 bytes).
    Removing sysctl.o(i.SysCtlPeripheralEnable), (40 bytes).
    Removing sysctl.o(i.SysCtlPeripheralPowerOff), (40 bytes).
    Removing sysctl.o(i.SysCtlPeripheralPowerOn), (40 bytes).
    Removing sysctl.o(i.SysCtlPeripheralPresent), (44 bytes).
    Removing sysctl.o(i.SysCtlPeripheralReset), (60 bytes).
    Removing sysctl.o(i.SysCtlPeripheralSleepDisable), (40 bytes).
    Removing sysctl.o(i.SysCtlPeripheralSleepEnable), (40 bytes).
    Removing sysctl.o(i.SysCtlReset), (16 bytes).
    Removing sysctl.o(i.SysCtlResetBehaviorGet), (12 bytes).
    Removing sysctl.o(i.SysCtlResetBehaviorSet), (12 bytes).
    Removing sysctl.o(i.SysCtlResetCauseClear), (16 bytes).
    Removing sysctl.o(i.SysCtlResetCauseGet), (12 bytes).
    Removing sysctl.o(i.SysCtlSRAMSizeGet), (16 bytes).
    Removing sysctl.o(i.SysCtlSleep), (4 bytes).
    Removing sysctl.o(i.SysCtlSleepPowerSet), (12 bytes).
    Removing sysctl.o(i.SysCtlVCOGet), (88 bytes).
    Removing sysctl.o(i.SysCtlVoltageEventClear), (16 bytes).
    Removing sysctl.o(i.SysCtlVoltageEventConfig), (12 bytes).
    Removing sysctl.o(i.SysCtlVoltageEventStatus), (12 bytes).
    Removing timer.o(.rev16_text), (4 bytes).
    Removing timer.o(.revsh_text), (4 bytes).
    Removing timer.o(.rrx_text), (6 bytes).
    Removing timer.o(i.TimerADCEventGet), (4 bytes).
    Removing timer.o(i.TimerADCEventSet), (4 bytes).
    Removing timer.o(i.TimerClockSourceGet), (6 bytes).
    Removing timer.o(i.TimerClockSourceSet), (6 bytes).
    Removing timer.o(i.TimerConfigure), (52 bytes).
    Removing timer.o(i.TimerControlEvent), (18 bytes).
    Removing timer.o(i.TimerControlLevel), (22 bytes).
    Removing timer.o(i.TimerControlStall), (22 bytes).
    Removing timer.o(i.TimerControlWaitOnTrigger), (46 bytes).
    Removing timer.o(i.TimerDMAEventGet), (4 bytes).
    Removing timer.o(i.TimerDMAEventSet), (4 bytes).
    Removing timer.o(i.TimerDisable), (14 bytes).
    Removing timer.o(i.TimerEnable), (14 bytes).
    Removing timer.o(i.TimerIntClear), (4 bytes).
    Removing timer.o(i.TimerIntDisable), (8 bytes).
    Removing timer.o(i.TimerIntEnable), (8 bytes).
    Removing timer.o(i.TimerIntRegister), (26 bytes).
    Removing timer.o(i.TimerIntStatus), (10 bytes).
    Removing timer.o(i.TimerIntUnregister), (22 bytes).
    Removing timer.o(i.TimerLoadGet), (12 bytes).
    Removing timer.o(i.TimerLoadSet), (18 bytes).
    Removing timer.o(i.TimerMatchGet), (12 bytes).
    Removing timer.o(i.TimerMatchSet), (18 bytes).
    Removing timer.o(i.TimerPrescaleGet), (12 bytes).
    Removing timer.o(i.TimerPrescaleMatchGet), (12 bytes).
    Removing timer.o(i.TimerPrescaleMatchSet), (18 bytes).
    Removing timer.o(i.TimerPrescaleSet), (18 bytes).
    Removing timer.o(i.TimerRTCDisable), (10 bytes).
    Removing timer.o(i.TimerRTCEnable), (10 bytes).
    Removing timer.o(i.TimerSynchronize), (4 bytes).
    Removing timer.o(i.TimerUpdateMode), (38 bytes).
    Removing timer.o(i.TimerValueGet), (12 bytes).
    Removing timer.o(i._TimerIntNumberGet), (48 bytes).
    Removing timer.o(.constdata), (64 bytes).
    Removing arm_const_structs.o(.rev16_text), (4 bytes).
    Removing arm_const_structs.o(.revsh_text), (4 bytes).
    Removing arm_const_structs.o(.rrx_text), (6 bytes).
    Removing arm_const_structs.o(.constdata), (16 bytes).
    Removing arm_const_structs.o(.constdata), (16 bytes).
    Removing arm_const_structs.o(.constdata), (16 bytes).
    Removing arm_const_structs.o(.constdata), (16 bytes).
    Removing arm_const_structs.o(.constdata), (16 bytes).
    Removing arm_const_structs.o(.constdata), (16 bytes).
    Removing arm_const_structs.o(.constdata), (16 bytes).
    Removing arm_const_structs.o(.constdata), (16 bytes).
    Removing arm_const_structs.o(.constdata), (16 bytes).
    Removing arm_const_structs.o(.constdata), (16 bytes).
    Removing arm_const_structs.o(.constdata), (16 bytes).
    Removing arm_const_structs.o(.constdata), (16 bytes).
    Removing arm_const_structs.o(.constdata), (16 bytes).
    Removing arm_const_structs.o(.constdata), (16 bytes).
    Removing arm_const_structs.o(.constdata), (16 bytes).
    Removing arm_const_structs.o(.constdata), (16 bytes).
    Removing arm_const_structs.o(.constdata), (16 bytes).
    Removing arm_const_structs.o(.constdata), (16 bytes).
    Removing arm_const_structs.o(.constdata), (16 bytes).
    Removing arm_const_structs.o(.constdata), (16 bytes).
    Removing arm_const_structs.o(.constdata), (16 bytes).
    Removing arm_const_structs.o(.constdata), (16 bytes).
    Removing arm_const_structs.o(.constdata), (16 bytes).
    Removing arm_const_structs.o(.constdata), (16 bytes).
    Removing arm_const_structs.o(.constdata), (16 bytes).
    Removing arm_const_structs.o(.constdata), (16 bytes).
    Removing arm_const_structs.o(.constdata), (16 bytes).
    Removing arm_const_structs.o(.constdata), (16 bytes).
    Removing arm_const_structs.o(.constdata), (16 bytes).
    Removing arm_const_structs.o(.constdata), (16 bytes).
    Removing arm_const_structs.o(.constdata), (16 bytes).
    Removing arm_const_structs.o(.constdata), (16 bytes).
    Removing arm_const_structs.o(.constdata), (16 bytes).
    Removing arm_const_structs.o(.constdata), (16 bytes).
    Removing arm_const_structs.o(.constdata), (16 bytes).
    Removing arm_const_structs.o(.constdata), (24 bytes).
    Removing arm_const_structs.o(.constdata), (24 bytes).
    Removing arm_const_structs.o(.constdata), (24 bytes).
    Removing arm_const_structs.o(.constdata), (24 bytes).
    Removing arm_const_structs.o(.constdata), (24 bytes).
    Removing arm_const_structs.o(.constdata), (24 bytes).
    Removing arm_const_structs.o(.constdata), (24 bytes).
    Removing arm_const_structs.o(.constdata), (24 bytes).
    Removing arm_const_structs.o(.constdata), (24 bytes).
    Removing arm_const_structs.o(.constdata), (24 bytes).
    Removing arm_const_structs.o(.constdata), (24 bytes).
    Removing arm_const_structs.o(.constdata), (24 bytes).
    Removing arm_const_structs.o(.constdata), (24 bytes).
    Removing arm_const_structs.o(.constdata), (24 bytes).
    Removing arm_const_structs.o(.constdata), (24 bytes).
    Removing arm_const_structs.o(.constdata), (24 bytes).
    Removing arm_const_structs.o(.constdata), (24 bytes).
    Removing arm_const_structs.o(.constdata), (24 bytes).
    Removing arm_const_structs.o(.constdata), (24 bytes).
    Removing arm_const_structs.o(.constdata), (24 bytes).
    Removing arm_const_structs.o(.constdata), (24 bytes).
    Removing arm_const_structs.o(.constdata), (24 bytes).
    Removing arm_const_structs.o(.constdata), (24 bytes).
    Removing arm_const_structs.o(.constdata), (24 bytes).
    Removing arm_const_structs.o(.constdata), (24 bytes).
    Removing arm_const_structs.o(.constdata), (24 bytes).
    Removing arm_const_structs.o(.constdata), (24 bytes).
    Removing arm_const_structs.o(.constdata), (24 bytes).
    Removing arm_const_structs.o(.constdata), (24 bytes).
    Removing arm_const_structs.o(.constdata), (24 bytes).
    Removing arm_const_structs.o(.constdata), (24 bytes).
    Removing arm_const_structs.o(.constdata), (24 bytes).
    Removing arm_const_structs.o(.constdata), (24 bytes).
    Removing arm_const_structs.o(.constdata), (24 bytes).
    Removing arm_cmplx_mag_q15.o(.rev16_text), (4 bytes).
    Removing arm_cmplx_mag_q15.o(.revsh_text), (4 bytes).
    Removing arm_cmplx_mag_q15.o(.rrx_text), (6 bytes).
    Removing arm_cfft_q15.o(.rev16_text), (4 bytes).
    Removing arm_cfft_q15.o(.revsh_text), (4 bytes).
    Removing arm_cfft_q15.o(.rrx_text), (6 bytes).
    Removing cpu.o(.emb_text), (38 bytes).
    Removing interrupt.o(i.IntDisable), (92 bytes).
    Removing interrupt.o(i.IntEnable), (92 bytes).
    Removing interrupt.o(i.IntIsEnabled), (96 bytes).
    Removing interrupt.o(i.IntMasterDisable), (14 bytes).
    Removing interrupt.o(i.IntMasterEnable), (14 bytes).
    Removing interrupt.o(i.IntPendClear), (64 bytes).
    Removing interrupt.o(i.IntPendSet), (76 bytes).
    Removing interrupt.o(i.IntPriorityGet), (24 bytes).
    Removing interrupt.o(i.IntPriorityGroupingGet), (36 bytes).
    Removing interrupt.o(i.IntPriorityGroupingSet), (28 bytes).
    Removing interrupt.o(i.IntPriorityMaskGet), (4 bytes).
    Removing interrupt.o(i.IntPriorityMaskSet), (4 bytes).
    Removing interrupt.o(i.IntPrioritySet), (36 bytes).
    Removing interrupt.o(i.IntRegister), (48 bytes).
    Removing interrupt.o(i.IntTrigger), (12 bytes).
    Removing interrupt.o(i.IntUnregister), (20 bytes).
    Removing interrupt.o(i._IntDefaultHandler), (2 bytes).
    Removing interrupt.o(.constdata), (268 bytes).
    Removing interrupt.o(vtable), (620 bytes).
    Removing arm_common_tables.o(.rev16_text), (4 bytes).
    Removing arm_common_tables.o(.revsh_text), (4 bytes).
    Removing arm_common_tables.o(.rrx_text), (6 bytes).
    Removing arm_common_tables.o(.constdata), (2048 bytes).
    Removing arm_common_tables.o(.constdata), (256 bytes).
    Removing arm_common_tables.o(.constdata), (512 bytes).
    Removing arm_common_tables.o(.constdata), (1024 bytes).
    Removing arm_common_tables.o(.constdata), (2048 bytes).
    Removing arm_common_tables.o(.constdata), (4096 bytes).
    Removing arm_common_tables.o(.constdata), (8192 bytes).
    Removing arm_common_tables.o(.constdata), (16384 bytes).
    Removing arm_common_tables.o(.constdata), (32768 bytes).
    Removing arm_common_tables.o(.constdata), (65536 bytes).
    Removing arm_common_tables.o(.constdata), (128 bytes).
    Removing arm_common_tables.o(.constdata), (256 bytes).
    Removing arm_common_tables.o(.constdata), (512 bytes).
    Removing arm_common_tables.o(.constdata), (1024 bytes).
    Removing arm_common_tables.o(.constdata), (2048 bytes).
    Removing arm_common_tables.o(.constdata), (4096 bytes).
    Removing arm_common_tables.o(.constdata), (8192 bytes).
    Removing arm_common_tables.o(.constdata), (16384 bytes).
    Removing arm_common_tables.o(.constdata), (32768 bytes).
    Removing arm_common_tables.o(.constdata), (96 bytes).
    Removing arm_common_tables.o(.constdata), (192 bytes).
    Removing arm_common_tables.o(.constdata), (384 bytes).
    Removing arm_common_tables.o(.constdata), (768 bytes).
    Removing arm_common_tables.o(.constdata), (1536 bytes).
    Removing arm_common_tables.o(.constdata), (3072 bytes).
    Removing arm_common_tables.o(.constdata), (6144 bytes).
    Removing arm_common_tables.o(.constdata), (12288 bytes).
    Removing arm_common_tables.o(.constdata), (24576 bytes).
    Removing arm_common_tables.o(.constdata), (48 bytes).
    Removing arm_common_tables.o(.constdata), (96 bytes).
    Removing arm_common_tables.o(.constdata), (192 bytes).
    Removing arm_common_tables.o(.constdata), (384 bytes).
    Removing arm_common_tables.o(.constdata), (768 bytes).
    Removing arm_common_tables.o(.constdata), (1536 bytes).
    Removing arm_common_tables.o(.constdata), (3072 bytes).
    Removing arm_common_tables.o(.constdata), (6144 bytes).
    Removing arm_common_tables.o(.constdata), (24 bytes).
    Removing arm_common_tables.o(.constdata), (48 bytes).
    Removing arm_common_tables.o(.constdata), (112 bytes).
    Removing arm_common_tables.o(.constdata), (224 bytes).
    Removing arm_common_tables.o(.constdata), (480 bytes).
    Removing arm_common_tables.o(.constdata), (960 bytes).
    Removing arm_common_tables.o(.constdata), (1984 bytes).
    Removing arm_common_tables.o(.constdata), (3968 bytes).
    Removing arm_common_tables.o(.constdata), (8064 bytes).
    Removing arm_common_tables.o(.constdata), (40 bytes).
    Removing arm_common_tables.o(.constdata), (96 bytes).
    Removing arm_common_tables.o(.constdata), (112 bytes).
    Removing arm_common_tables.o(.constdata), (416 bytes).
    Removing arm_common_tables.o(.constdata), (880 bytes).
    Removing arm_common_tables.o(.constdata), (896 bytes).
    Removing arm_common_tables.o(.constdata), (3600 bytes).
    Removing arm_common_tables.o(.constdata), (7616 bytes).
    Removing arm_common_tables.o(.constdata), (8064 bytes).
    Removing arm_common_tables.o(.constdata), (24 bytes).
    Removing arm_common_tables.o(.constdata), (48 bytes).
    Removing arm_common_tables.o(.constdata), (112 bytes).
    Removing arm_common_tables.o(.constdata), (224 bytes).
    Removing arm_common_tables.o(.constdata), (480 bytes).
    Removing arm_common_tables.o(.constdata), (960 bytes).
    Removing arm_common_tables.o(.constdata), (1984 bytes).
    Removing arm_common_tables.o(.constdata), (3968 bytes).
    Removing arm_common_tables.o(.constdata), (256 bytes).
    Removing arm_common_tables.o(.constdata), (512 bytes).
    Removing arm_common_tables.o(.constdata), (1024 bytes).
    Removing arm_common_tables.o(.constdata), (2048 bytes).
    Removing arm_common_tables.o(.constdata), (4096 bytes).
    Removing arm_common_tables.o(.constdata), (8192 bytes).
    Removing arm_common_tables.o(.constdata), (16384 bytes).
    Removing arm_common_tables.o(.constdata), (32768 bytes).
    Removing arm_common_tables.o(.constdata), (128 bytes).
    Removing arm_common_tables.o(.constdata), (256 bytes).
    Removing arm_common_tables.o(.constdata), (512 bytes).
    Removing arm_common_tables.o(.constdata), (1024 bytes).
    Removing arm_common_tables.o(.constdata), (2048 bytes).
    Removing arm_common_tables.o(.constdata), (4096 bytes).
    Removing arm_common_tables.o(.constdata), (8192 bytes).
    Removing arm_common_tables.o(.constdata), (16384 bytes).
    Removing arm_common_tables.o(.constdata), (32768 bytes).
    Removing arm_common_tables.o(.constdata), (32768 bytes).
    Removing arm_common_tables.o(.constdata), (32768 bytes).
    Removing arm_common_tables.o(.constdata), (32768 bytes).
    Removing arm_common_tables.o(.constdata), (16384 bytes).
    Removing arm_common_tables.o(.constdata), (16384 bytes).
    Removing arm_common_tables.o(.constdata), (1024 bytes).
    Removing arm_common_tables.o(.constdata), (512 bytes).
    Removing arm_common_tables.o(.constdata), (4096 bytes).
    Removing arm_common_tables.o(.constdata), (2048 bytes).
    Removing arm_common_tables.o(.constdata), (16384 bytes).
    Removing arm_common_tables.o(.constdata), (8192 bytes).
    Removing arm_common_tables.o(.constdata), (65536 bytes).
    Removing arm_common_tables.o(.constdata), (32768 bytes).
    Removing arm_common_tables.o(.constdata), (512 bytes).
    Removing arm_common_tables.o(.constdata), (256 bytes).
    Removing arm_common_tables.o(.constdata), (2048 bytes).
    Removing arm_common_tables.o(.constdata), (1024 bytes).
    Removing arm_common_tables.o(.constdata), (8192 bytes).
    Removing arm_common_tables.o(.constdata), (4096 bytes).
    Removing arm_common_tables.o(.constdata), (32768 bytes).
    Removing arm_common_tables.o(.constdata), (16384 bytes).
    Removing arm_common_tables.o(.constdata), (1024 bytes).
    Removing arm_common_tables.o(.constdata), (512 bytes).
    Removing arm_common_tables.o(.constdata), (4096 bytes).
    Removing arm_common_tables.o(.constdata), (2048 bytes).
    Removing arm_common_tables.o(.constdata), (16384 bytes).
    Removing arm_common_tables.o(.constdata), (8192 bytes).
    Removing arm_common_tables.o(.constdata), (65536 bytes).
    Removing arm_common_tables.o(.constdata), (32768 bytes).
    Removing arm_common_tables.o(.constdata), (128 bytes).
    Removing arm_common_tables.o(.constdata), (256 bytes).
    Removing arm_common_tables.o(.constdata), (2052 bytes).
    Removing arm_common_tables.o(.constdata), (2052 bytes).
    Removing arm_common_tables.o(.constdata), (1026 bytes).
    Removing arm_sqrt_q15.o(.rev16_text), (4 bytes).
    Removing arm_sqrt_q15.o(.revsh_text), (4 bytes).
    Removing arm_sqrt_q15.o(.rrx_text), (6 bytes).
    Removing arm_cfft_radix4_q15.o(.rev16_text), (4 bytes).
    Removing arm_cfft_radix4_q15.o(.revsh_text), (4 bytes).
    Removing arm_cfft_radix4_q15.o(.rrx_text), (6 bytes).
    Removing arm_cfft_radix4_q15.o(i.arm_cfft_radix4_q15), (54 bytes).
    Removing arm_bitreversal.o(.rev16_text), (4 bytes).
    Removing arm_bitreversal.o(.revsh_text), (4 bytes).
    Removing arm_bitreversal.o(.rrx_text), (6 bytes).
    Removing arm_bitreversal.o(i.arm_bitreversal_f32), (170 bytes).
    Removing arm_bitreversal.o(i.arm_bitreversal_q15), (100 bytes).
    Removing arm_bitreversal.o(i.arm_bitreversal_q31), (164 bytes).

376 unused section(s) (total 906772 bytes) removed from the image.

==============================================================================

Image Symbol Table

    Local Symbols

    Symbol Name                              Value     Ov Type        Size  Object(Section)

    RESET                                    0x00000000   Section      508  startup_msp432e401y_uvision.o(RESET)
    ../clib/angel/boardlib.s                 0x00000000   Number         0  boardshut.o ABSOLUTE
    ../clib/angel/boardlib.s                 0x00000000   Number         0  boardinit1.o ABSOLUTE
    ../clib/angel/boardlib.s                 0x00000000   Number         0  boardinit2.o ABSOLUTE
    ../clib/angel/boardlib.s                 0x00000000   Number         0  boardinit3.o ABSOLUTE
    ../clib/angel/dczerorl2.s                0x00000000   Number         0  __dczerorl2.o ABSOLUTE
    ../clib/angel/handlers.s                 0x00000000   Number         0  __scatter_zi.o ABSOLUTE
    ../clib/angel/kernel.s                   0x00000000   Number         0  rtexit2.o ABSOLUTE
    ../clib/angel/kernel.s                   0x00000000   Number         0  rtexit.o ABSOLUTE
    ../clib/angel/kernel.s                   0x00000000   Number         0  __rtentry.o ABSOLUTE
    ../clib/angel/kernel.s                   0x00000000   Number         0  __rtentry2.o ABSOLUTE
    ../clib/angel/kernel.s                   0x00000000   Number         0  __rtentry4.o ABSOLUTE
    ../clib/angel/rt.s                       0x00000000   Number         0  rt_raise.o ABSOLUTE
    ../clib/angel/scatter.s                  0x00000000   Number         0  __scatter.o ABSOLUTE
    ../clib/angel/startup.s                  0x00000000   Number         0  __main.o ABSOLUTE
    ../clib/angel/sys.s                      0x00000000   Number         0  use_no_semi.o ABSOLUTE
    ../clib/angel/sys.s                      0x00000000   Number         0  libspace.o ABSOLUTE
    ../clib/angel/sys.s                      0x00000000   Number         0  indicate_semi.o ABSOLUTE
    ../clib/angel/sys.s                      0x00000000   Number         0  sys_stackheap_outer.o ABSOLUTE
    ../clib/angel/sysapp.c                   0x00000000   Number         0  sys_wrch.o ABSOLUTE
    ../clib/angel/sysapp.c                   0x00000000   Number         0  sys_command.o ABSOLUTE
    ../clib/angel/sysapp.c                   0x00000000   Number         0  sys_exit.o ABSOLUTE
    ../clib/armsys.c                         0x00000000   Number         0  argv_veneer.o ABSOLUTE
    ../clib/armsys.c                         0x00000000   Number         0  no_argv.o ABSOLUTE
    ../clib/armsys.c                         0x00000000   Number         0  _get_argv_nomalloc.o ABSOLUTE
    ../clib/armsys.c                         0x00000000   Number         0  argv_veneer.o ABSOLUTE
    ../clib/heapalloc.c                      0x00000000   Number         0  hrguard.o ABSOLUTE
    ../clib/heapaux.c                        0x00000000   Number         0  heapauxi.o ABSOLUTE
    ../clib/libinit.s                        0x00000000   Number         0  libshutdown2.o ABSOLUTE
    ../clib/libinit.s                        0x00000000   Number         0  libinit.o ABSOLUTE
    ../clib/libinit.s                        0x00000000   Number         0  libshutdown.o ABSOLUTE
    ../clib/libinit.s                        0x00000000   Number         0  libinit2.o ABSOLUTE
    ../clib/memcpset.s                       0x00000000   Number         0  rt_memclr_w.o ABSOLUTE
    ../clib/signal.c                         0x00000000   Number         0  defsig_segv_inner.o ABSOLUTE
    ../clib/signal.c                         0x00000000   Number         0  defsig_general.o ABSOLUTE
    ../clib/signal.c                         0x00000000   Number         0  __raise.o ABSOLUTE
    ../clib/signal.c                         0x00000000   Number         0  defsig_rtmem_inner.o ABSOLUTE
    ../clib/signal.c                         0x00000000   Number         0  defsig_exit.o ABSOLUTE
    ../clib/signal.c                         0x00000000   Number         0  defsig_other.o ABSOLUTE
    ../clib/signal.c                         0x00000000   Number         0  defsig_rtmem_formal.o ABSOLUTE
    ../clib/signal.c                         0x00000000   Number         0  defsig_abrt_inner.o ABSOLUTE
    ../clib/signal.c                         0x00000000   Number         0  defsig_fpe_inner.o ABSOLUTE
    ../clib/signal.c                         0x00000000   Number         0  defsig_rtred_inner.o ABSOLUTE
    ../clib/signal.c                         0x00000000   Number         0  defsig_stak_inner.o ABSOLUTE
    ../clib/signal.c                         0x00000000   Number         0  defsig_rtmem_outer.o ABSOLUTE
    ../clib/signal.c                         0x00000000   Number         0  defsig_pvfn_inner.o ABSOLUTE
    ../clib/signal.c                         0x00000000   Number         0  defsig_cppl_inner.o ABSOLUTE
    ../clib/signal.s                         0x00000000   Number         0  defsig.o ABSOLUTE
    ../clib/stdlib.c                         0x00000000   Number         0  exit.o ABSOLUTE
    ../fplib/fpinit.s                        0x00000000   Number         0  fpinit.o ABSOLUTE
    ..\\lib\\oled.c                          0x00000000   Number         0  oled.o ABSOLUTE
    ..\\main.c                               0x00000000   Number         0  main.o ABSOLUTE
    ..\\system_msp432e401y.c                 0x00000000   Number         0  system_msp432e401y.o ABSOLUTE
    ..\\uartstdio.c                          0x00000000   Number         0  uartstdio.o ABSOLUTE
    ..\lib\oled.c                            0x00000000   Number         0  oled.o ABSOLUTE
    ..\main.c                                0x00000000   Number         0  main.o ABSOLUTE
    ..\system_msp432e401y.c                  0x00000000   Number         0  system_msp432e401y.o ABSOLUTE
    ..\uartstdio.c                           0x00000000   Number         0  uartstdio.o ABSOLUTE
    dc.s                                     0x00000000   Number         0  dc.o ABSOLUTE
    source/third_party/CMSIS/DSP_Lib/Source/CommonTables/arm_common_tables.c 0x00000000   Number         0  arm_common_tables.o ABSOLUTE
    source/third_party/CMSIS/DSP_Lib/Source/CommonTables/arm_common_tables.c 0x00000000   Number         0  arm_common_tables.o ABSOLUTE
    source/third_party/CMSIS/DSP_Lib/Source/CommonTables/arm_const_structs.c 0x00000000   Number         0  arm_const_structs.o ABSOLUTE
    source/third_party/CMSIS/DSP_Lib/Source/CommonTables/arm_const_structs.c 0x00000000   Number         0  arm_const_structs.o ABSOLUTE
    source/third_party/CMSIS/DSP_Lib/Source/ComplexMathFunctions/arm_cmplx_mag_q15.c 0x00000000   Number         0  arm_cmplx_mag_q15.o ABSOLUTE
    source/third_party/CMSIS/DSP_Lib/Source/ComplexMathFunctions/arm_cmplx_mag_q15.c 0x00000000   Number         0  arm_cmplx_mag_q15.o ABSOLUTE
    source/third_party/CMSIS/DSP_Lib/Source/FastMathFunctions/arm_sqrt_q15.c 0x00000000   Number         0  arm_sqrt_q15.o ABSOLUTE
    source/third_party/CMSIS/DSP_Lib/Source/FastMathFunctions/arm_sqrt_q15.c 0x00000000   Number         0  arm_sqrt_q15.o ABSOLUTE
    source/third_party/CMSIS/DSP_Lib/Source/TransformFunctions/arm_bitreversal.c 0x00000000   Number         0  arm_bitreversal.o ABSOLUTE
    source/third_party/CMSIS/DSP_Lib/Source/TransformFunctions/arm_bitreversal.c 0x00000000   Number         0  arm_bitreversal.o ABSOLUTE
    source/third_party/CMSIS/DSP_Lib/Source/TransformFunctions/arm_bitreversal2.S 0x00000000   Number         0  arm_bitreversal2.o ABSOLUTE
    source/third_party/CMSIS/DSP_Lib/Source/TransformFunctions/arm_cfft_q15.c 0x00000000   Number         0  arm_cfft_q15.o ABSOLUTE
    source/third_party/CMSIS/DSP_Lib/Source/TransformFunctions/arm_cfft_q15.c 0x00000000   Number         0  arm_cfft_q15.o ABSOLUTE
    source/third_party/CMSIS/DSP_Lib/Source/TransformFunctions/arm_cfft_radix4_q15.c 0x00000000   Number         0  arm_cfft_radix4_q15.o ABSOLUTE
    source/third_party/CMSIS/DSP_Lib/Source/TransformFunctions/arm_cfft_radix4_q15.c 0x00000000   Number         0  arm_cfft_radix4_q15.o ABSOLUTE
    source/ti/devices/msp432e4/driverlib/adc.c 0x00000000   Number         0  adc.o ABSOLUTE
    source/ti/devices/msp432e4/driverlib/adc.c 0x00000000   Number         0  adc.o ABSOLUTE
    source/ti/devices/msp432e4/driverlib/cpu.c 0x00000000   Number         0  cpu.o ABSOLUTE
    source/ti/devices/msp432e4/driverlib/cpu.c 0x00000000   Number         0  cpu.o ABSOLUTE
    source/ti/devices/msp432e4/driverlib/interrupt.c 0x00000000   Number         0  interrupt.o ABSOLUTE
    source/ti/devices/msp432e4/driverlib/sysctl.c 0x00000000   Number         0  sysctl.o ABSOLUTE
    source/ti/devices/msp432e4/driverlib/sysctl.c 0x00000000   Number         0  sysctl.o ABSOLUTE
    source/ti/devices/msp432e4/driverlib/timer.c 0x00000000   Number         0  timer.o ABSOLUTE
    source/ti/devices/msp432e4/driverlib/timer.c 0x00000000   Number         0  timer.o ABSOLUTE
    startup_msp432e401y_uvision.s            0x00000000   Number         0  startup_msp432e401y_uvision.o ABSOLUTE
    !!!main                                  0x000001fc   Section        8  __main.o(!!!main)
    !!!scatter                               0x00000204   Section       52  __scatter.o(!!!scatter)
    !!dczerorl2                              0x00000238   Section       90  __dczerorl2.o(!!dczerorl2)
    !!handler_zi                             0x00000294   Section       28  __scatter_zi.o(!!handler_zi)
    . text                                   0x000002b0   Section      192  arm_bitreversal2.o(. text)
    $v0                                      0x000002b0   Number         0  arm_bitreversal2.o(. text)
    .ARM.Collect$$libinit$$00000000          0x00000370   Section        2  libinit.o(.ARM.Collect$$libinit$$00000000)
    .ARM.Collect$$libinit$$00000001          0x00000372   Section        4  libinit2.o(.ARM.Collect$$libinit$$00000001)
    .ARM.Collect$$libinit$$00000004          0x00000376   Section        0  libinit2.o(.ARM.Collect$$libinit$$00000004)
    .ARM.Collect$$libinit$$0000000A          0x00000376   Section        0  libinit2.o(.ARM.Collect$$libinit$$0000000A)
    .ARM.Collect$$libinit$$0000000C          0x00000376   Section        0  libinit2.o(.ARM.Collect$$libinit$$0000000C)
    .ARM.Collect$$libinit$$0000000E          0x00000376   Section        0  libinit2.o(.ARM.Collect$$libinit$$0000000E)
    .ARM.Collect$$libinit$$00000011          0x00000376   Section        0  libinit2.o(.ARM.Collect$$libinit$$00000011)
    .ARM.Collect$$libinit$$00000013          0x00000376   Section        0  libinit2.o(.ARM.Collect$$libinit$$00000013)
    .ARM.Collect$$libinit$$00000015          0x00000376   Section        0  libinit2.o(.ARM.Collect$$libinit$$00000015)
    .ARM.Collect$$libinit$$00000017          0x00000376   Section        0  libinit2.o(.ARM.Collect$$libinit$$00000017)
    .ARM.Collect$$libinit$$00000019          0x00000376   Section        0  libinit2.o(.ARM.Collect$$libinit$$00000019)
    .ARM.Collect$$libinit$$0000001B          0x00000376   Section        0  libinit2.o(.ARM.Collect$$libinit$$0000001B)
    .ARM.Collect$$libinit$$0000001D          0x00000376   Section        0  libinit2.o(.ARM.Collect$$libinit$$0000001D)
    .ARM.Collect$$libinit$$0000001F          0x00000376   Section        0  libinit2.o(.ARM.Collect$$libinit$$0000001F)
    .ARM.Collect$$libinit$$00000021          0x00000376   Section        0  libinit2.o(.ARM.Collect$$libinit$$00000021)
    .ARM.Collect$$libinit$$00000023          0x00000376   Section        0  libinit2.o(.ARM.Collect$$libinit$$00000023)
    .ARM.Collect$$libinit$$00000025          0x00000376   Section        0  libinit2.o(.ARM.Collect$$libinit$$00000025)
    .ARM.Collect$$libinit$$0000002C          0x00000376   Section        0  libinit2.o(.ARM.Collect$$libinit$$0000002C)
    .ARM.Collect$$libinit$$0000002E          0x00000376   Section        0  libinit2.o(.ARM.Collect$$libinit$$0000002E)
    .ARM.Collect$$libinit$$00000030          0x00000376   Section        0  libinit2.o(.ARM.Collect$$libinit$$00000030)
    .ARM.Collect$$libinit$$00000032          0x00000376   Section        0  libinit2.o(.ARM.Collect$$libinit$$00000032)
    .ARM.Collect$$libinit$$00000033          0x00000376   Section        2  libinit2.o(.ARM.Collect$$libinit$$00000033)
    .ARM.Collect$$libshutdown$$00000000      0x00000378   Section        2  libshutdown.o(.ARM.Collect$$libshutdown$$00000000)
    .ARM.Collect$$libshutdown$$00000002      0x0000037a   Section        0  libshutdown2.o(.ARM.Collect$$libshutdown$$00000002)
    .ARM.Collect$$libshutdown$$00000004      0x0000037a   Section        0  libshutdown2.o(.ARM.Collect$$libshutdown$$00000004)
    .ARM.Collect$$libshutdown$$00000006      0x0000037a   Section        0  libshutdown2.o(.ARM.Collect$$libshutdown$$00000006)
    .ARM.Collect$$libshutdown$$00000009      0x0000037a   Section        0  libshutdown2.o(.ARM.Collect$$libshutdown$$00000009)
    .ARM.Collect$$libshutdown$$0000000C      0x0000037a   Section        0  libshutdown2.o(.ARM.Collect$$libshutdown$$0000000C)
    .ARM.Collect$$libshutdown$$0000000E      0x0000037a   Section        0  libshutdown2.o(.ARM.Collect$$libshutdown$$0000000E)
    .ARM.Collect$$libshutdown$$00000011      0x0000037a   Section        0  libshutdown2.o(.ARM.Collect$$libshutdown$$00000011)
    .ARM.Collect$$libshutdown$$00000012      0x0000037a   Section        2  libshutdown2.o(.ARM.Collect$$libshutdown$$00000012)
    .ARM.Collect$$rtentry$$00000000          0x0000037c   Section        0  __rtentry.o(.ARM.Collect$$rtentry$$00000000)
    .ARM.Collect$$rtentry$$00000002          0x0000037c   Section        0  __rtentry2.o(.ARM.Collect$$rtentry$$00000002)
    .ARM.Collect$$rtentry$$00000004          0x0000037c   Section        6  __rtentry4.o(.ARM.Collect$$rtentry$$00000004)
    .ARM.Collect$$rtentry$$00000009          0x00000382   Section        0  __rtentry2.o(.ARM.Collect$$rtentry$$00000009)
    .ARM.Collect$$rtentry$$0000000A          0x00000382   Section        4  __rtentry2.o(.ARM.Collect$$rtentry$$0000000A)
    .ARM.Collect$$rtentry$$0000000C          0x00000386   Section        0  __rtentry2.o(.ARM.Collect$$rtentry$$0000000C)
    .ARM.Collect$$rtentry$$0000000D          0x00000386   Section        8  __rtentry2.o(.ARM.Collect$$rtentry$$0000000D)
    .ARM.Collect$$rtexit$$00000000           0x0000038e   Section        2  rtexit.o(.ARM.Collect$$rtexit$$00000000)
    .ARM.Collect$$rtexit$$00000002           0x00000390   Section        0  rtexit2.o(.ARM.Collect$$rtexit$$00000002)
    .ARM.Collect$$rtexit$$00000003           0x00000390   Section        4  rtexit2.o(.ARM.Collect$$rtexit$$00000003)
    .ARM.Collect$$rtexit$$00000004           0x00000394   Section        6  rtexit2.o(.ARM.Collect$$rtexit$$00000004)
    .text                                    0x0000039c   Section       60  startup_msp432e401y_uvision.o(.text)
    $v0                                      0x0000039c   Number         0  startup_msp432e401y_uvision.o(.text)
    .text                                    0x000003d8   Section       78  rt_memclr_w.o(.text)
    .text                                    0x00000426   Section        0  heapauxi.o(.text)
    .text                                    0x0000042c   Section       74  sys_stackheap_outer.o(.text)
    .text                                    0x00000476   Section        0  exit.o(.text)
    .text                                    0x00000488   Section        8  libspace.o(.text)
    .text                                    0x00000490   Section        0  sys_exit.o(.text)
    .text                                    0x0000049c   Section        2  use_no_semi.o(.text)
    .text                                    0x0000049e   Section        0  indicate_semi.o(.text)
    i.ADC0SS2_IRQHandler                     0x000004a0   Section        0  main.o(i.ADC0SS2_IRQHandler)
    i.ADCSequenceStepConfigure               0x00000534   Section        0  adc.o(i.ADCSequenceStepConfigure)
    i.ConfigureUART                          0x000005a4   Section        0  main.o(i.ConfigureUART)
    i.OLED_Clear                             0x00000604   Section        0  oled.o(i.OLED_Clear)
    i.OLED_Init                              0x00000668   Section        0  oled.o(i.OLED_Init)
    i.OLED_Set_Pos                           0x0000092c   Section        0  oled.o(i.OLED_Set_Pos)
    i.OLED_ShowChar                          0x0000095c   Section        0  oled.o(i.OLED_ShowChar)
    i.OLED_ShowNum                           0x000009cc   Section        0  oled.o(i.OLED_ShowNum)
    i.OLED_ShowString                        0x00000a50   Section        0  oled.o(i.OLED_ShowString)
    i.OLED_Value_One_Page                    0x00000a88   Section        0  oled.o(i.OLED_Value_One_Page)
    i.OLED_WR_Byte                           0x00000c5c   Section        0  oled.o(i.OLED_WR_Byte)
    i.SysCtlClockFreqSet                     0x00000d18   Section        0  sysctl.o(i.SysCtlClockFreqSet)
    i.SysCtlPeripheralReady                  0x00000f48   Section        0  sysctl.o(i.SysCtlPeripheralReady)
    i.SystemInit                             0x00000f74   Section        0  system_msp432e401y.o(i.SystemInit)
    i.TimerControlTrigger                    0x00000f94   Section        0  timer.o(i.TimerControlTrigger)
    i.UARTStdioConfig                        0x00000fc8   Section        0  uartstdio.o(i.UARTStdioConfig)
    i._SysCtlMemTimingGet                    0x00001034   Section        0  sysctl.o(i._SysCtlMemTimingGet)
    _SysCtlMemTimingGet                      0x00001035   Thumb Code    30  sysctl.o(i._SysCtlMemTimingGet)
    i.arm_cfft_q15                           0x00001058   Section        0  arm_cfft_q15.o(i.arm_cfft_q15)
    i.arm_cfft_radix4by2_inverse_q15         0x00001108   Section        0  arm_cfft_q15.o(i.arm_cfft_radix4by2_inverse_q15)
    i.arm_cfft_radix4by2_q15                 0x000011c2   Section        0  arm_cfft_q15.o(i.arm_cfft_radix4by2_q15)
    i.arm_cmplx_mag_q15                      0x0000127c   Section        0  arm_cmplx_mag_q15.o(i.arm_cmplx_mag_q15)
    i.arm_radix4_butterfly_inverse_q15       0x000012a6   Section        0  arm_cfft_radix4_q15.o(i.arm_radix4_butterfly_inverse_q15)
    i.arm_radix4_butterfly_q15               0x00001638   Section        0  arm_cfft_radix4_q15.o(i.arm_radix4_butterfly_q15)
    i.arm_sqrt_q15                           0x000019cc   Section        0  arm_sqrt_q15.o(i.arm_sqrt_q15)
    i.delay_ms                               0x00001a98   Section        0  oled.o(i.delay_ms)
    i.main                                   0x00001ab0   Section        0  main.o(i.main)
    i.oled_pow                               0x00001da8   Section        0  oled.o(i.oled_pow)
    x$fpl$fpinit                             0x00001dbe   Section       10  fpinit.o(x$fpl$fpinit)
    $v0                                      0x00001dbe   Number         0  fpinit.o(x$fpl$fpinit)
    .constdata                               0x00001dc8   Section       28  uartstdio.o(.constdata)
    g_pcHex                                  0x00001dc8   Data           4  uartstdio.o(.constdata)
    g_ui32UARTBase                           0x00001dcc   Data          12  uartstdio.o(.constdata)
    g_ui32UARTPeriph                         0x00001dd8   Data          12  uartstdio.o(.constdata)
    .constdata                               0x00001de4   Section     4504  oled.o(.constdata)
    .constdata                               0x00002f7c   Section      528  sysctl.o(.constdata)
    g_pui32VCOFrequencies                    0x00002f7c   Data           8  sysctl.o(.constdata)
    g_pui32Xtals                             0x00002f84   Data          40  sysctl.o(.constdata)
    g_pppui32XTALtoVCO                       0x00002fac   Data         432  sysctl.o(.constdata)
    g_sXTALtoMEMTIM                          0x0000315c   Data          48  sysctl.o(.constdata)
    .constdata                               0x0000318c   Section       16  arm_const_structs.o(.constdata)
    .constdata                               0x0000319c   Section    12288  arm_common_tables.o(.constdata)
    .constdata                               0x0000619c   Section     8064  arm_common_tables.o(.constdata)
    .conststring                             0x0000811c   Section       17  uartstdio.o(.conststring)
    .data                                    0x20000000   Section       40  main.o(.data)
    .data                                    0x20000028   Section        4  system_msp432e401y.o(.data)
    .data                                    0x2000002c   Section        5  uartstdio.o(.data)
    g_ui32Base                               0x2000002c   Data           4  uartstdio.o(.data)
    bLastWasCR                               0x20000030   Data           1  uartstdio.o(.data)
    .data                                    0x20000034   Section      512  oled.o(.data)
    .bss                                     0x20000234   Section    49152  main.o(.bss)
    dstBufferProcess                         0x20004234   Data       16384  main.o(.bss)
    dstBufferNoneProcess                     0x20008234   Data       16384  main.o(.bss)
    .bss                                     0x2000c234   Section     1016  oled.o(.bss)
    .bss                                     0x2000c62c   Section       96  libspace.o(.bss)
    HEAP                                     0x2000c690   Section        0  startup_msp432e401y_uvision.o(HEAP)
    STACK                                    0x2000c690   Section      512  startup_msp432e401y_uvision.o(STACK)
    Heap_Mem                                 0x2000c690   Data           0  startup_msp432e401y_uvision.o(HEAP)
    Stack_Mem                                0x2000c690   Data         512  startup_msp432e401y_uvision.o(STACK)
    __initial_sp                             0x2000c890   Data           0  startup_msp432e401y_uvision.o(STACK)

    Global Symbols

    Symbol Name                              Value     Ov Type        Size  Object(Section)

    BuildAttributes$$THM_ISAv4$E$P$D$K$B$S$7EM$VFPi3$EXTD16$VFPS$VFMA$PE$A:L22UL41UL21$X:L11$S22US41US21$IEEE1$IW$USESV6$~STKCKD$USESV7$~SHL$OSPACE$ROPI$EBA8$UX$STANDARDLIB$REQ8$PRES8$EABIv2 0x00000000   Number         0  anon$$obj.o ABSOLUTE
    __ARM_use_no_argv                        0x00000000   Number         0  main.o ABSOLUTE
    __Vectors                                0x00000000   Data           4  startup_msp432e401y_uvision.o(RESET)
    __ARM_exceptions_init                     - Undefined Weak Reference
    __alloca_initialize                       - Undefined Weak Reference
    __arm_fini_                               - Undefined Weak Reference
    __arm_preinit_                            - Undefined Weak Reference
    __cpp_initialize__aeabi_                  - Undefined Weak Reference
    __cxa_finalize                            - Undefined Weak Reference
    __rt_locale                               - Undefined Weak Reference
    __sigvec_lookup                           - Undefined Weak Reference
    _atexit_init                              - Undefined Weak Reference
    _call_atexit_fns                          - Undefined Weak Reference
    _clock_init                               - Undefined Weak Reference
    _fp_trap_init                             - Undefined Weak Reference
    _fp_trap_shutdown                         - Undefined Weak Reference
    _get_lc_collate                           - Undefined Weak Reference
    _get_lc_ctype                             - Undefined Weak Reference
    _get_lc_monetary                          - Undefined Weak Reference
    _get_lc_numeric                           - Undefined Weak Reference
    _get_lc_time                              - Undefined Weak Reference
    _getenv_init                              - Undefined Weak Reference
    _handle_redirection                       - Undefined Weak Reference
    _init_alloc                               - Undefined Weak Reference
    _init_user_alloc                          - Undefined Weak Reference
    _initio                                   - Undefined Weak Reference
    _rand_init                                - Undefined Weak Reference
    _signal_finish                            - Undefined Weak Reference
    _signal_init                              - Undefined Weak Reference
    _terminate_alloc                          - Undefined Weak Reference
    _terminate_user_alloc                     - Undefined Weak Reference
    _terminateio                              - Undefined Weak Reference
    __Vectors_End                            0x000001fc   Data           0  startup_msp432e401y_uvision.o(RESET)
    __Vectors_Size                           0x000001fc   Number         0  startup_msp432e401y_uvision.o ABSOLUTE
    __main                                   0x000001fd   Thumb Code     8  __main.o(!!!main)
    __scatterload                            0x00000205   Thumb Code     0  __scatter.o(!!!scatter)
    __scatterload_rt2                        0x00000205   Thumb Code    44  __scatter.o(!!!scatter)
    __scatterload_rt2_thumb_only             0x00000205   Thumb Code     0  __scatter.o(!!!scatter)
    __scatterload_null                       0x00000213   Thumb Code     0  __scatter.o(!!!scatter)
    __decompress                             0x00000239   Thumb Code    90  __dczerorl2.o(!!dczerorl2)
    __decompress1                            0x00000239   Thumb Code     0  __dczerorl2.o(!!dczerorl2)
    __scatterload_zeroinit                   0x00000295   Thumb Code    28  __scatter_zi.o(!!handler_zi)
    arm_bitreversal_32                       0x000002b1   Thumb Code   106  arm_bitreversal2.o(. text)
    arm_bitreversal_16                       0x0000031b   Thumb Code    86  arm_bitreversal2.o(. text)
    __rt_lib_init                            0x00000371   Thumb Code     0  libinit.o(.ARM.Collect$$libinit$$00000000)
    __rt_lib_init_fp_1                       0x00000373   Thumb Code     0  libinit2.o(.ARM.Collect$$libinit$$00000001)
    __rt_lib_init_alloca_1                   0x00000377   Thumb Code     0  libinit2.o(.ARM.Collect$$libinit$$0000002E)
    __rt_lib_init_argv_1                     0x00000377   Thumb Code     0  libinit2.o(.ARM.Collect$$libinit$$0000002C)
    __rt_lib_init_atexit_1                   0x00000377   Thumb Code     0  libinit2.o(.ARM.Collect$$libinit$$0000001B)
    __rt_lib_init_clock_1                    0x00000377   Thumb Code     0  libinit2.o(.ARM.Collect$$libinit$$00000021)
    __rt_lib_init_cpp_1                      0x00000377   Thumb Code     0  libinit2.o(.ARM.Collect$$libinit$$00000032)
    __rt_lib_init_exceptions_1               0x00000377   Thumb Code     0  libinit2.o(.ARM.Collect$$libinit$$00000030)
    __rt_lib_init_fp_trap_1                  0x00000377   Thumb Code     0  libinit2.o(.ARM.Collect$$libinit$$0000001F)
    __rt_lib_init_getenv_1                   0x00000377   Thumb Code     0  libinit2.o(.ARM.Collect$$libinit$$00000023)
    __rt_lib_init_heap_1                     0x00000377   Thumb Code     0  libinit2.o(.ARM.Collect$$libinit$$0000000A)
    __rt_lib_init_lc_collate_1               0x00000377   Thumb Code     0  libinit2.o(.ARM.Collect$$libinit$$00000011)
    __rt_lib_init_lc_ctype_1                 0x00000377   Thumb Code     0  libinit2.o(.ARM.Collect$$libinit$$00000013)
    __rt_lib_init_lc_monetary_1              0x00000377   Thumb Code     0  libinit2.o(.ARM.Collect$$libinit$$00000015)
    __rt_lib_init_lc_numeric_1               0x00000377   Thumb Code     0  libinit2.o(.ARM.Collect$$libinit$$00000017)
    __rt_lib_init_lc_time_1                  0x00000377   Thumb Code     0  libinit2.o(.ARM.Collect$$libinit$$00000019)
    __rt_lib_init_preinit_1                  0x00000377   Thumb Code     0  libinit2.o(.ARM.Collect$$libinit$$00000004)
    __rt_lib_init_rand_1                     0x00000377   Thumb Code     0  libinit2.o(.ARM.Collect$$libinit$$0000000E)
    __rt_lib_init_return                     0x00000377   Thumb Code     0  libinit2.o(.ARM.Collect$$libinit$$00000033)
    __rt_lib_init_signal_1                   0x00000377   Thumb Code     0  libinit2.o(.ARM.Collect$$libinit$$0000001D)
    __rt_lib_init_stdio_1                    0x00000377   Thumb Code     0  libinit2.o(.ARM.Collect$$libinit$$00000025)
    __rt_lib_init_user_alloc_1               0x00000377   Thumb Code     0  libinit2.o(.ARM.Collect$$libinit$$0000000C)
    __rt_lib_shutdown                        0x00000379   Thumb Code     0  libshutdown.o(.ARM.Collect$$libshutdown$$00000000)
    __rt_lib_shutdown_cpp_1                  0x0000037b   Thumb Code     0  libshutdown2.o(.ARM.Collect$$libshutdown$$00000004)
    __rt_lib_shutdown_fini_1                 0x0000037b   Thumb Code     0  libshutdown2.o(.ARM.Collect$$libshutdown$$00000002)
    __rt_lib_shutdown_fp_trap_1              0x0000037b   Thumb Code     0  libshutdown2.o(.ARM.Collect$$libshutdown$$00000009)
    __rt_lib_shutdown_heap_1                 0x0000037b   Thumb Code     0  libshutdown2.o(.ARM.Collect$$libshutdown$$00000011)
    __rt_lib_shutdown_return                 0x0000037b   Thumb Code     0  libshutdown2.o(.ARM.Collect$$libshutdown$$00000012)
    __rt_lib_shutdown_signal_1               0x0000037b   Thumb Code     0  libshutdown2.o(.ARM.Collect$$libshutdown$$0000000C)
    __rt_lib_shutdown_stdio_1                0x0000037b   Thumb Code     0  libshutdown2.o(.ARM.Collect$$libshutdown$$00000006)
    __rt_lib_shutdown_user_alloc_1           0x0000037b   Thumb Code     0  libshutdown2.o(.ARM.Collect$$libshutdown$$0000000E)
    __rt_entry                               0x0000037d   Thumb Code     0  __rtentry.o(.ARM.Collect$$rtentry$$00000000)
    __rt_entry_presh_1                       0x0000037d   Thumb Code     0  __rtentry2.o(.ARM.Collect$$rtentry$$00000002)
    __rt_entry_sh                            0x0000037d   Thumb Code     0  __rtentry4.o(.ARM.Collect$$rtentry$$00000004)
    __rt_entry_li                            0x00000383   Thumb Code     0  __rtentry2.o(.ARM.Collect$$rtentry$$0000000A)
    __rt_entry_postsh_1                      0x00000383   Thumb Code     0  __rtentry2.o(.ARM.Collect$$rtentry$$00000009)
    __rt_entry_main                          0x00000387   Thumb Code     0  __rtentry2.o(.ARM.Collect$$rtentry$$0000000D)
    __rt_entry_postli_1                      0x00000387   Thumb Code     0  __rtentry2.o(.ARM.Collect$$rtentry$$0000000C)
    __rt_exit                                0x0000038f   Thumb Code     0  rtexit.o(.ARM.Collect$$rtexit$$00000000)
    __rt_exit_ls                             0x00000391   Thumb Code     0  rtexit2.o(.ARM.Collect$$rtexit$$00000003)
    __rt_exit_prels_1                        0x00000391   Thumb Code     0  rtexit2.o(.ARM.Collect$$rtexit$$00000002)
    __rt_exit_exit                           0x00000395   Thumb Code     0  rtexit2.o(.ARM.Collect$$rtexit$$00000004)
    Reset_Handler                            0x0000039d   Thumb Code     8  startup_msp432e401y_uvision.o(.text)
    NMI_Handler                              0x000003a5   Thumb Code     2  startup_msp432e401y_uvision.o(.text)
    HardFault_Handler                        0x000003a7   Thumb Code     2  startup_msp432e401y_uvision.o(.text)
    MemManage_Handler                        0x000003a9   Thumb Code     2  startup_msp432e401y_uvision.o(.text)
    BusFault_Handler                         0x000003ab   Thumb Code     2  startup_msp432e401y_uvision.o(.text)
    UsageFault_Handler                       0x000003ad   Thumb Code     2  startup_msp432e401y_uvision.o(.text)
    SVC_Handler                              0x000003af   Thumb Code     2  startup_msp432e401y_uvision.o(.text)
    DebugMon_Handler                         0x000003b1   Thumb Code     2  startup_msp432e401y_uvision.o(.text)
    PendSV_Handler                           0x000003b3   Thumb Code     2  startup_msp432e401y_uvision.o(.text)
    SysTick_Handler                          0x000003b5   Thumb Code     2  startup_msp432e401y_uvision.o(.text)
    ADC0SS0_IRQHandler                       0x000003b7   Thumb Code     0  startup_msp432e401y_uvision.o(.text)
    ADC0SS1_IRQHandler                       0x000003b7   Thumb Code     0  startup_msp432e401y_uvision.o(.text)
    ADC0SS3_IRQHandler                       0x000003b7   Thumb Code     0  startup_msp432e401y_uvision.o(.text)
    ADC1SS0_IRQHandler                       0x000003b7   Thumb Code     0  startup_msp432e401y_uvision.o(.text)
    ADC1SS1_IRQHandler                       0x000003b7   Thumb Code     0  startup_msp432e401y_uvision.o(.text)
    ADC1SS2_IRQHandler                       0x000003b7   Thumb Code     0  startup_msp432e401y_uvision.o(.text)
    ADC1SS3_IRQHandler                       0x000003b7   Thumb Code     0  startup_msp432e401y_uvision.o(.text)
    AES0_IRQHandler                          0x000003b7   Thumb Code     0  startup_msp432e401y_uvision.o(.text)
    CAN0_IRQHandler                          0x000003b7   Thumb Code     0  startup_msp432e401y_uvision.o(.text)
    CAN1_IRQHandler                          0x000003b7   Thumb Code     0  startup_msp432e401y_uvision.o(.text)
    COMP0_IRQHandler                         0x000003b7   Thumb Code     0  startup_msp432e401y_uvision.o(.text)
    COMP1_IRQHandler                         0x000003b7   Thumb Code     0  startup_msp432e401y_uvision.o(.text)
    COMP2_IRQHandler                         0x000003b7   Thumb Code     0  startup_msp432e401y_uvision.o(.text)
    DES0_IRQHandler                          0x000003b7   Thumb Code     0  startup_msp432e401y_uvision.o(.text)
    EMAC0_IRQHandler                         0x000003b7   Thumb Code     0  startup_msp432e401y_uvision.o(.text)
    EPI0_IRQHandler                          0x000003b7   Thumb Code     0  startup_msp432e401y_uvision.o(.text)
    FLASH_IRQHandler                         0x000003b7   Thumb Code     0  startup_msp432e401y_uvision.o(.text)
    GPIOA_IRQHandler                         0x000003b7   Thumb Code     0  startup_msp432e401y_uvision.o(.text)
    GPIOB_IRQHandler                         0x000003b7   Thumb Code     0  startup_msp432e401y_uvision.o(.text)
    GPIOC_IRQHandler                         0x000003b7   Thumb Code     0  startup_msp432e401y_uvision.o(.text)
    GPIOD_IRQHandler                         0x000003b7   Thumb Code     0  startup_msp432e401y_uvision.o(.text)
    GPIOE_IRQHandler                         0x000003b7   Thumb Code     0  startup_msp432e401y_uvision.o(.text)
    GPIOF_IRQHandler                         0x000003b7   Thumb Code     0  startup_msp432e401y_uvision.o(.text)
    GPIOG_IRQHandler                         0x000003b7   Thumb Code     0  startup_msp432e401y_uvision.o(.text)
    GPIOH_IRQHandler                         0x000003b7   Thumb Code     0  startup_msp432e401y_uvision.o(.text)
    GPIOJ_IRQHandler                         0x000003b7   Thumb Code     0  startup_msp432e401y_uvision.o(.text)
    GPIOK_IRQHandler                         0x000003b7   Thumb Code     0  startup_msp432e401y_uvision.o(.text)
    GPIOL_IRQHandler                         0x000003b7   Thumb Code     0  startup_msp432e401y_uvision.o(.text)
    GPIOM_IRQHandler                         0x000003b7   Thumb Code     0  startup_msp432e401y_uvision.o(.text)
    GPION_IRQHandler                         0x000003b7   Thumb Code     0  startup_msp432e401y_uvision.o(.text)
    GPIOP0_IRQHandler                        0x000003b7   Thumb Code     0  startup_msp432e401y_uvision.o(.text)
    GPIOP1_IRQHandler                        0x000003b7   Thumb Code     0  startup_msp432e401y_uvision.o(.text)
    GPIOP2_IRQHandler                        0x000003b7   Thumb Code     0  startup_msp432e401y_uvision.o(.text)
    GPIOP3_IRQHandler                        0x000003b7   Thumb Code     0  startup_msp432e401y_uvision.o(.text)
    GPIOP4_IRQHandler                        0x000003b7   Thumb Code     0  startup_msp432e401y_uvision.o(.text)
    GPIOP5_IRQHandler                        0x000003b7   Thumb Code     0  startup_msp432e401y_uvision.o(.text)
    GPIOP6_IRQHandler                        0x000003b7   Thumb Code     0  startup_msp432e401y_uvision.o(.text)
    GPIOP7_IRQHandler                        0x000003b7   Thumb Code     0  startup_msp432e401y_uvision.o(.text)
    GPIOQ0_IRQHandler                        0x000003b7   Thumb Code     0  startup_msp432e401y_uvision.o(.text)
    GPIOQ1_IRQHandler                        0x000003b7   Thumb Code     0  startup_msp432e401y_uvision.o(.text)
    GPIOQ2_IRQHandler                        0x000003b7   Thumb Code     0  startup_msp432e401y_uvision.o(.text)
    GPIOQ3_IRQHandler                        0x000003b7   Thumb Code     0  startup_msp432e401y_uvision.o(.text)
    GPIOQ4_IRQHandler                        0x000003b7   Thumb Code     0  startup_msp432e401y_uvision.o(.text)
    GPIOQ5_IRQHandler                        0x000003b7   Thumb Code     0  startup_msp432e401y_uvision.o(.text)
    GPIOQ6_IRQHandler                        0x000003b7   Thumb Code     0  startup_msp432e401y_uvision.o(.text)
    GPIOQ7_IRQHandler                        0x000003b7   Thumb Code     0  startup_msp432e401y_uvision.o(.text)
    HIBERNATE_IRQHandler                     0x000003b7   Thumb Code     0  startup_msp432e401y_uvision.o(.text)
    I2C0_IRQHandler                          0x000003b7   Thumb Code     0  startup_msp432e401y_uvision.o(.text)
    I2C1_IRQHandler                          0x000003b7   Thumb Code     0  startup_msp432e401y_uvision.o(.text)
    I2C2_IRQHandler                          0x000003b7   Thumb Code     0  startup_msp432e401y_uvision.o(.text)
    I2C3_IRQHandler                          0x000003b7   Thumb Code     0  startup_msp432e401y_uvision.o(.text)
    I2C4_IRQHandler                          0x000003b7   Thumb Code     0  startup_msp432e401y_uvision.o(.text)
    I2C5_IRQHandler                          0x000003b7   Thumb Code     0  startup_msp432e401y_uvision.o(.text)
    I2C6_IRQHandler                          0x000003b7   Thumb Code     0  startup_msp432e401y_uvision.o(.text)
    I2C7_IRQHandler                          0x000003b7   Thumb Code     0  startup_msp432e401y_uvision.o(.text)
    I2C8_IRQHandler                          0x000003b7   Thumb Code     0  startup_msp432e401y_uvision.o(.text)
    I2C9_IRQHandler                          0x000003b7   Thumb Code     0  startup_msp432e401y_uvision.o(.text)
    PWM0_0_IRQHandler                        0x000003b7   Thumb Code     0  startup_msp432e401y_uvision.o(.text)
    PWM0_1_IRQHandler                        0x000003b7   Thumb Code     0  startup_msp432e401y_uvision.o(.text)
    PWM0_2_IRQHandler                        0x000003b7   Thumb Code     0  startup_msp432e401y_uvision.o(.text)
    PWM0_3_IRQHandler                        0x000003b7   Thumb Code     0  startup_msp432e401y_uvision.o(.text)
    PWM0_FAULT_IRQHandler                    0x000003b7   Thumb Code     0  startup_msp432e401y_uvision.o(.text)
    QEI0_IRQHandler                          0x000003b7   Thumb Code     0  startup_msp432e401y_uvision.o(.text)
    SHA0_IRQHandler                          0x000003b7   Thumb Code     0  startup_msp432e401y_uvision.o(.text)
    SSI0_IRQHandler                          0x000003b7   Thumb Code     0  startup_msp432e401y_uvision.o(.text)
    SSI1_IRQHandler                          0x000003b7   Thumb Code     0  startup_msp432e401y_uvision.o(.text)
    SSI2_IRQHandler                          0x000003b7   Thumb Code     0  startup_msp432e401y_uvision.o(.text)
    SSI3_IRQHandler                          0x000003b7   Thumb Code     0  startup_msp432e401y_uvision.o(.text)
    SYSCTL_IRQHandler                        0x000003b7   Thumb Code     0  startup_msp432e401y_uvision.o(.text)
    SYSEXC_IRQHandler                        0x000003b7   Thumb Code     0  startup_msp432e401y_uvision.o(.text)
    TAMPER0_IRQHandler                       0x000003b7   Thumb Code     0  startup_msp432e401y_uvision.o(.text)
    TIMER0A_IRQHandler                       0x000003b7   Thumb Code     0  startup_msp432e401y_uvision.o(.text)
    TIMER0B_IRQHandler                       0x000003b7   Thumb Code     0  startup_msp432e401y_uvision.o(.text)
    TIMER1A_IRQHandler                       0x000003b7   Thumb Code     0  startup_msp432e401y_uvision.o(.text)
    TIMER1B_IRQHandler                       0x000003b7   Thumb Code     0  startup_msp432e401y_uvision.o(.text)
    TIMER2A_IRQHandler                       0x000003b7   Thumb Code     0  startup_msp432e401y_uvision.o(.text)
    TIMER2B_IRQHandler                       0x000003b7   Thumb Code     0  startup_msp432e401y_uvision.o(.text)
    TIMER3A_IRQHandler                       0x000003b7   Thumb Code     0  startup_msp432e401y_uvision.o(.text)
    TIMER3B_IRQHandler                       0x000003b7   Thumb Code     0  startup_msp432e401y_uvision.o(.text)
    TIMER4A_IRQHandler                       0x000003b7   Thumb Code     0  startup_msp432e401y_uvision.o(.text)
    TIMER4B_IRQHandler                       0x000003b7   Thumb Code     0  startup_msp432e401y_uvision.o(.text)
    TIMER5A_IRQHandler                       0x000003b7   Thumb Code     0  startup_msp432e401y_uvision.o(.text)
    TIMER5B_IRQHandler                       0x000003b7   Thumb Code     0  startup_msp432e401y_uvision.o(.text)
    TIMER6A_IRQHandler                       0x000003b7   Thumb Code     0  startup_msp432e401y_uvision.o(.text)
    TIMER6B_IRQHandler                       0x000003b7   Thumb Code     0  startup_msp432e401y_uvision.o(.text)
    TIMER7A_IRQHandler                       0x000003b7   Thumb Code     0  startup_msp432e401y_uvision.o(.text)
    TIMER7B_IRQHandler                       0x000003b7   Thumb Code     0  startup_msp432e401y_uvision.o(.text)
    UART0_IRQHandler                         0x000003b7   Thumb Code     0  startup_msp432e401y_uvision.o(.text)
    UART1_IRQHandler                         0x000003b7   Thumb Code     0  startup_msp432e401y_uvision.o(.text)
    UART2_IRQHandler                         0x000003b7   Thumb Code     0  startup_msp432e401y_uvision.o(.text)
    UART3_IRQHandler                         0x000003b7   Thumb Code     0  startup_msp432e401y_uvision.o(.text)
    UART4_IRQHandler                         0x000003b7   Thumb Code     0  startup_msp432e401y_uvision.o(.text)
    UART5_IRQHandler                         0x000003b7   Thumb Code     0  startup_msp432e401y_uvision.o(.text)
    UART6_IRQHandler                         0x000003b7   Thumb Code     0  startup_msp432e401y_uvision.o(.text)
    UART7_IRQHandler                         0x000003b7   Thumb Code     0  startup_msp432e401y_uvision.o(.text)
    UDMAERR_IRQHandler                       0x000003b7   Thumb Code     0  startup_msp432e401y_uvision.o(.text)
    UDMA_IRQHandler                          0x000003b7   Thumb Code     0  startup_msp432e401y_uvision.o(.text)
    USB0_IRQHandler                          0x000003b7   Thumb Code     0  startup_msp432e401y_uvision.o(.text)
    WATCHDOG_IRQHandler                      0x000003b7   Thumb Code     0  startup_msp432e401y_uvision.o(.text)
    __user_initial_stackheap                 0x000003b9   Thumb Code    10  startup_msp432e401y_uvision.o(.text)
    __aeabi_memclr4                          0x000003d9   Thumb Code     0  rt_memclr_w.o(.text)
    __aeabi_memclr8                          0x000003d9   Thumb Code     0  rt_memclr_w.o(.text)
    __rt_memclr_w                            0x000003d9   Thumb Code    78  rt_memclr_w.o(.text)
    _memset_w                                0x000003dd   Thumb Code     0  rt_memclr_w.o(.text)
    __use_two_region_memory                  0x00000427   Thumb Code     2  heapauxi.o(.text)
    __rt_heap_escrow$2region                 0x00000429   Thumb Code     2  heapauxi.o(.text)
    __rt_heap_expand$2region                 0x0000042b   Thumb Code     2  heapauxi.o(.text)
    __user_setup_stackheap                   0x0000042d   Thumb Code    74  sys_stackheap_outer.o(.text)
    exit                                     0x00000477   Thumb Code    18  exit.o(.text)
    __user_libspace                          0x00000489   Thumb Code     8  libspace.o(.text)
    __user_perproc_libspace                  0x00000489   Thumb Code     0  libspace.o(.text)
    __user_perthread_libspace                0x00000489   Thumb Code     0  libspace.o(.text)
    _sys_exit                                0x00000491   Thumb Code     8  sys_exit.o(.text)
    __I$use$semihosting                      0x0000049d   Thumb Code     0  use_no_semi.o(.text)
    __use_no_semihosting_swi                 0x0000049d   Thumb Code     2  use_no_semi.o(.text)
    __semihosting_library_function           0x0000049f   Thumb Code     0  indicate_semi.o(.text)
    ADC0SS2_IRQHandler                       0x000004a1   Thumb Code   124  main.o(i.ADC0SS2_IRQHandler)
    ADCSequenceStepConfigure                 0x00000535   Thumb Code   112  adc.o(i.ADCSequenceStepConfigure)
    ConfigureUART                            0x000005a5   Thumb Code    82  main.o(i.ConfigureUART)
    OLED_Clear                               0x00000605   Thumb Code    94  oled.o(i.OLED_Clear)
    OLED_Init                                0x00000669   Thumb Code   692  oled.o(i.OLED_Init)
    OLED_Set_Pos                             0x0000092d   Thumb Code    46  oled.o(i.OLED_Set_Pos)
    OLED_ShowChar                            0x0000095d   Thumb Code   106  oled.o(i.OLED_ShowChar)
    OLED_ShowNum                             0x000009cd   Thumb Code   132  oled.o(i.OLED_ShowNum)
    OLED_ShowString                          0x00000a51   Thumb Code    54  oled.o(i.OLED_ShowString)
    OLED_Value_One_Page                      0x00000a89   Thumb Code   416  oled.o(i.OLED_Value_One_Page)
    OLED_WR_Byte                             0x00000c5d   Thumb Code   180  oled.o(i.OLED_WR_Byte)
    SysCtlClockFreqSet                       0x00000d19   Thumb Code   530  sysctl.o(i.SysCtlClockFreqSet)
    SysCtlPeripheralReady                    0x00000f49   Thumb Code    40  sysctl.o(i.SysCtlPeripheralReady)
    SystemInit                               0x00000f75   Thumb Code    20  system_msp432e401y.o(i.SystemInit)
    TimerControlTrigger                      0x00000f95   Thumb Code    50  timer.o(i.TimerControlTrigger)
    UARTStdioConfig                          0x00000fc9   Thumb Code    96  uartstdio.o(i.UARTStdioConfig)
    arm_cfft_q15                             0x00001059   Thumb Code   176  arm_cfft_q15.o(i.arm_cfft_q15)
    arm_cfft_radix4by2_inverse_q15           0x00001109   Thumb Code   186  arm_cfft_q15.o(i.arm_cfft_radix4by2_inverse_q15)
    arm_cfft_radix4by2_q15                   0x000011c3   Thumb Code   186  arm_cfft_q15.o(i.arm_cfft_radix4by2_q15)
    arm_cmplx_mag_q15                        0x0000127d   Thumb Code    42  arm_cmplx_mag_q15.o(i.arm_cmplx_mag_q15)
    arm_radix4_butterfly_inverse_q15         0x000012a7   Thumb Code   914  arm_cfft_radix4_q15.o(i.arm_radix4_butterfly_inverse_q15)
    arm_radix4_butterfly_q15                 0x00001639   Thumb Code   914  arm_cfft_radix4_q15.o(i.arm_radix4_butterfly_q15)
    arm_sqrt_q15                             0x000019cd   Thumb Code   190  arm_sqrt_q15.o(i.arm_sqrt_q15)
    delay_ms                                 0x00001a99   Thumb Code    24  oled.o(i.delay_ms)
    main                                     0x00001ab1   Thumb Code   696  main.o(i.main)
    oled_pow                                 0x00001da9   Thumb Code    22  oled.o(i.oled_pow)
    _fp_init                                 0x00001dbf   Thumb Code    10  fpinit.o(x$fpl$fpinit)
    __fplib_config_fpu_vfp                   0x00001dc7   Thumb Code     0  fpinit.o(x$fpl$fpinit)
    __fplib_config_pureend_doubles           0x00001dc7   Thumb Code     0  fpinit.o(x$fpl$fpinit)
    F6x8                                     0x00001de4   Data         552  oled.o(.constdata)
    F8X16                                    0x0000200c   Data        1520  oled.o(.constdata)
    Hzk                                      0x000025fc   Data        2432  oled.o(.constdata)
    arm_cfft_sR_q15_len4096                  0x0000318c   Data          16  arm_const_structs.o(.constdata)
    twiddleCoef_4096_q15                     0x0000319c   Data       12288  arm_common_tables.o(.constdata)
    armBitRevIndexTable_fixed_4096           0x0000619c   Data        8064  arm_common_tables.o(.constdata)
    Region$$Table$$Base                      0x00008130   Number         0  anon$$obj.o(Region$$Table)
    Region$$Table$$Limit                     0x00008150   Number         0  anon$$obj.o(Region$$Table)
    setBufDisplayReady                       0x20000000   Data           1  main.o(.data)
    setClearDisplayReady                     0x20000001   Data           1  main.o(.data)
    current_tick                             0x20000004   Data           4  main.o(.data)
    current_sec                              0x20000008   Data           4  main.o(.data)
    current_page                             0x2000000c   Data           4  main.o(.data)
    setBufProcessReady                       0x20000010   Data           1  main.o(.data)
    transferIndex                            0x20000014   Data           4  main.o(.data)
    getADCValue                              0x20000018   Data           4  main.o(.data)
    rmsBuff                                  0x2000001c   Data           4  main.o(.data)
    dcBuff                                   0x20000020   Data           4  main.o(.data)
    rmsCalculation                           0x20000024   Data           4  main.o(.data)
    SystemCoreClock                          0x20000028   Data           4  system_msp432e401y.o(.data)
    middle_number                            0x20000034   Data           4  oled.o(.data)
    AD_DATA                                  0x20000038   Data         508  oled.o(.data)
    fftOutput                                0x20000234   Data       16384  main.o(.bss)
    OLED_GRAM                                0x2000c234   Data        1016  oled.o(.bss)
    __libspace_start                         0x2000c62c   Data          96  libspace.o(.bss)
    __temporary_stack_top$libspace           0x2000c68c   Data           0  libspace.o(.bss)



==============================================================================

Memory Map of the image

  Image Entry point : 0x000001fd

  Load Region LR_IROM1 (Base: 0x00000000, Size: 0x00008384, Max: 0x00100000, ABSOLUTE, COMPRESSED[0x00008210])

    Execution Region ER_IROM1 (Exec base: 0x00000000, Load base: 0x00000000, Size: 0x00008150, Max: 0x00100000, ABSOLUTE)

    Exec Addr    Load Addr    Size         Type   Attr      Idx    E Section Name        Object

    0x00000000   0x00000000   0x000001fc   Data   RO          281    RESET               startup_msp432e401y_uvision.o
    0x000001fc   0x000001fc   0x00000008   Code   RO         2032  * !!!main             c_w.l(__main.o)
    0x00000204   0x00000204   0x00000034   Code   RO         2193    !!!scatter          c_w.l(__scatter.o)
    0x00000238   0x00000238   0x0000005a   Code   RO         2191    !!dczerorl2         c_w.l(__dczerorl2.o)
    0x00000292   0x00000292   0x00000002   PAD
    0x00000294   0x00000294   0x0000001c   Code   RO         2195    !!handler_zi        c_w.l(__scatter_zi.o)
    0x000002b0   0x000002b0   0x000000c0   Code   RO         1973    . text              arm_cortexM4lf_math.a(arm_bitreversal2.o)
    0x00000370   0x00000370   0x00000002   Code   RO         2059    .ARM.Collect$$libinit$$00000000  c_w.l(libinit.o)
    0x00000372   0x00000372   0x00000004   Code   RO         2065    .ARM.Collect$$libinit$$00000001  c_w.l(libinit2.o)
    0x00000376   0x00000376   0x00000000   Code   RO         2068    .ARM.Collect$$libinit$$00000004  c_w.l(libinit2.o)
    0x00000376   0x00000376   0x00000000   Code   RO         2071    .ARM.Collect$$libinit$$0000000A  c_w.l(libinit2.o)
    0x00000376   0x00000376   0x00000000   Code   RO         2073    .ARM.Collect$$libinit$$0000000C  c_w.l(libinit2.o)
    0x00000376   0x00000376   0x00000000   Code   RO         2075    .ARM.Collect$$libinit$$0000000E  c_w.l(libinit2.o)
    0x00000376   0x00000376   0x00000000   Code   RO         2078    .ARM.Collect$$libinit$$00000011  c_w.l(libinit2.o)
    0x00000376   0x00000376   0x00000000   Code   RO         2080    .ARM.Collect$$libinit$$00000013  c_w.l(libinit2.o)
    0x00000376   0x00000376   0x00000000   Code   RO         2082    .ARM.Collect$$libinit$$00000015  c_w.l(libinit2.o)
    0x00000376   0x00000376   0x00000000   Code   RO         2084    .ARM.Collect$$libinit$$00000017  c_w.l(libinit2.o)
    0x00000376   0x00000376   0x00000000   Code   RO         2086    .ARM.Collect$$libinit$$00000019  c_w.l(libinit2.o)
    0x00000376   0x00000376   0x00000000   Code   RO         2088    .ARM.Collect$$libinit$$0000001B  c_w.l(libinit2.o)
    0x00000376   0x00000376   0x00000000   Code   RO         2090    .ARM.Collect$$libinit$$0000001D  c_w.l(libinit2.o)
    0x00000376   0x00000376   0x00000000   Code   RO         2092    .ARM.Collect$$libinit$$0000001F  c_w.l(libinit2.o)
    0x00000376   0x00000376   0x00000000   Code   RO         2094    .ARM.Collect$$libinit$$00000021  c_w.l(libinit2.o)
    0x00000376   0x00000376   0x00000000   Code   RO         2096    .ARM.Collect$$libinit$$00000023  c_w.l(libinit2.o)
    0x00000376   0x00000376   0x00000000   Code   RO         2098    .ARM.Collect$$libinit$$00000025  c_w.l(libinit2.o)
    0x00000376   0x00000376   0x00000000   Code   RO         2102    .ARM.Collect$$libinit$$0000002C  c_w.l(libinit2.o)
    0x00000376   0x00000376   0x00000000   Code   RO         2104    .ARM.Collect$$libinit$$0000002E  c_w.l(libinit2.o)
    0x00000376   0x00000376   0x00000000   Code   RO         2106    .ARM.Collect$$libinit$$00000030  c_w.l(libinit2.o)
    0x00000376   0x00000376   0x00000000   Code   RO         2108    .ARM.Collect$$libinit$$00000032  c_w.l(libinit2.o)
    0x00000376   0x00000376   0x00000002   Code   RO         2109    .ARM.Collect$$libinit$$00000033  c_w.l(libinit2.o)
    0x00000378   0x00000378   0x00000002   Code   RO         2129    .ARM.Collect$$libshutdown$$00000000  c_w.l(libshutdown.o)
    0x0000037a   0x0000037a   0x00000000   Code   RO         2142    .ARM.Collect$$libshutdown$$00000002  c_w.l(libshutdown2.o)
    0x0000037a   0x0000037a   0x00000000   Code   RO         2144    .ARM.Collect$$libshutdown$$00000004  c_w.l(libshutdown2.o)
    0x0000037a   0x0000037a   0x00000000   Code   RO         2146    .ARM.Collect$$libshutdown$$00000006  c_w.l(libshutdown2.o)
    0x0000037a   0x0000037a   0x00000000   Code   RO         2149    .ARM.Collect$$libshutdown$$00000009  c_w.l(libshutdown2.o)
    0x0000037a   0x0000037a   0x00000000   Code   RO         2152    .ARM.Collect$$libshutdown$$0000000C  c_w.l(libshutdown2.o)
    0x0000037a   0x0000037a   0x00000000   Code   RO         2154    .ARM.Collect$$libshutdown$$0000000E  c_w.l(libshutdown2.o)
    0x0000037a   0x0000037a   0x00000000   Code   RO         2157    .ARM.Collect$$libshutdown$$00000011  c_w.l(libshutdown2.o)
    0x0000037a   0x0000037a   0x00000002   Code   RO         2158    .ARM.Collect$$libshutdown$$00000012  c_w.l(libshutdown2.o)
    0x0000037c   0x0000037c   0x00000000   Code   RO         2034    .ARM.Collect$$rtentry$$00000000  c_w.l(__rtentry.o)
    0x0000037c   0x0000037c   0x00000000   Code   RO         2036    .ARM.Collect$$rtentry$$00000002  c_w.l(__rtentry2.o)
    0x0000037c   0x0000037c   0x00000006   Code   RO         2048    .ARM.Collect$$rtentry$$00000004  c_w.l(__rtentry4.o)
    0x00000382   0x00000382   0x00000000   Code   RO         2038    .ARM.Collect$$rtentry$$00000009  c_w.l(__rtentry2.o)
    0x00000382   0x00000382   0x00000004   Code   RO         2039    .ARM.Collect$$rtentry$$0000000A  c_w.l(__rtentry2.o)
    0x00000386   0x00000386   0x00000000   Code   RO         2041    .ARM.Collect$$rtentry$$0000000C  c_w.l(__rtentry2.o)
    0x00000386   0x00000386   0x00000008   Code   RO         2042    .ARM.Collect$$rtentry$$0000000D  c_w.l(__rtentry2.o)
    0x0000038e   0x0000038e   0x00000002   Code   RO         2063    .ARM.Collect$$rtexit$$00000000  c_w.l(rtexit.o)
    0x00000390   0x00000390   0x00000000   Code   RO         2111    .ARM.Collect$$rtexit$$00000002  c_w.l(rtexit2.o)
    0x00000390   0x00000390   0x00000004   Code   RO         2112    .ARM.Collect$$rtexit$$00000003  c_w.l(rtexit2.o)
    0x00000394   0x00000394   0x00000006   Code   RO         2113    .ARM.Collect$$rtexit$$00000004  c_w.l(rtexit2.o)
    0x0000039a   0x0000039a   0x00000002   PAD
    0x0000039c   0x0000039c   0x0000003c   Code   RO          282    .text               startup_msp432e401y_uvision.o
    0x000003d8   0x000003d8   0x0000004e   Code   RO         2028    .text               c_w.l(rt_memclr_w.o)
    0x00000426   0x00000426   0x00000006   Code   RO         2030    .text               c_w.l(heapauxi.o)
    0x0000042c   0x0000042c   0x0000004a   Code   RO         2050    .text               c_w.l(sys_stackheap_outer.o)
    0x00000476   0x00000476   0x00000012   Code   RO         2052    .text               c_w.l(exit.o)
    0x00000488   0x00000488   0x00000008   Code   RO         2060    .text               c_w.l(libspace.o)
    0x00000490   0x00000490   0x0000000c   Code   RO         2121    .text               c_w.l(sys_exit.o)
    0x0000049c   0x0000049c   0x00000002   Code   RO         2132    .text               c_w.l(use_no_semi.o)
    0x0000049e   0x0000049e   0x00000000   Code   RO         2134    .text               c_w.l(indicate_semi.o)
    0x0000049e   0x0000049e   0x00000002   PAD
    0x000004a0   0x000004a0   0x00000094   Code   RO            4    i.ADC0SS2_IRQHandler  main.o
    0x00000534   0x00000534   0x00000070   Code   RO          627    i.ADCSequenceStepConfigure  msp432e4_driverlib.a(adc.o)
    0x000005a4   0x000005a4   0x00000060   Code   RO            5    i.ConfigureUART     main.o
    0x00000604   0x00000604   0x00000064   Code   RO          462    i.OLED_Clear        oled.o
    0x00000668   0x00000668   0x000002c4   Code   RO          467    i.OLED_Init         oled.o
    0x0000092c   0x0000092c   0x0000002e   Code   RO          468    i.OLED_Set_Pos      oled.o
    0x0000095a   0x0000095a   0x00000002   PAD
    0x0000095c   0x0000095c   0x00000070   Code   RO          470    i.OLED_ShowChar     oled.o
    0x000009cc   0x000009cc   0x00000084   Code   RO          471    i.OLED_ShowNum      oled.o
    0x00000a50   0x00000a50   0x00000036   Code   RO          472    i.OLED_ShowString   oled.o
    0x00000a86   0x00000a86   0x00000002   PAD
    0x00000a88   0x00000a88   0x000001d4   Code   RO          473    i.OLED_Value_One_Page  oled.o
    0x00000c5c   0x00000c5c   0x000000bc   Code   RO          475    i.OLED_WR_Byte      oled.o
    0x00000d18   0x00000d18   0x00000230   Code   RO          904    i.SysCtlClockFreqSet  msp432e4_driverlib.a(sysctl.o)
    0x00000f48   0x00000f48   0x0000002c   Code   RO          931    i.SysCtlPeripheralReady  msp432e4_driverlib.a(sysctl.o)
    0x00000f74   0x00000f74   0x00000020   Code   RO          225    i.SystemInit        system_msp432e401y.o
    0x00000f94   0x00000f94   0x00000032   Code   RO         1206    i.TimerControlTrigger  msp432e4_driverlib.a(timer.o)
    0x00000fc6   0x00000fc6   0x00000002   PAD
    0x00000fc8   0x00000fc8   0x0000006c   Code   RO          289    i.UARTStdioConfig   uartstdio.o
    0x00001034   0x00001034   0x00000024   Code   RO          947    i._SysCtlMemTimingGet  msp432e4_driverlib.a(sysctl.o)
    0x00001058   0x00001058   0x000000b0   Code   RO         1582    i.arm_cfft_q15      arm_cortexM4lf_math.a(arm_cfft_q15.o)
    0x00001108   0x00001108   0x000000ba   Code   RO         1583    i.arm_cfft_radix4by2_inverse_q15  arm_cortexM4lf_math.a(arm_cfft_q15.o)
    0x000011c2   0x000011c2   0x000000ba   Code   RO         1584    i.arm_cfft_radix4by2_q15  arm_cortexM4lf_math.a(arm_cfft_q15.o)
    0x0000127c   0x0000127c   0x0000002a   Code   RO         1549    i.arm_cmplx_mag_q15  arm_cortexM4lf_math.a(arm_cmplx_mag_q15.o)
    0x000012a6   0x000012a6   0x00000392   Code   RO         1932    i.arm_radix4_butterfly_inverse_q15  arm_cortexM4lf_math.a(arm_cfft_radix4_q15.o)
    0x00001638   0x00001638   0x00000392   Code   RO         1933    i.arm_radix4_butterfly_q15  arm_cortexM4lf_math.a(arm_cfft_radix4_q15.o)
    0x000019ca   0x000019ca   0x00000002   PAD
    0x000019cc   0x000019cc   0x000000cc   Code   RO         1894    i.arm_sqrt_q15      arm_cortexM4lf_math.a(arm_sqrt_q15.o)
    0x00001a98   0x00001a98   0x00000018   Code   RO          477    i.delay_ms          oled.o
    0x00001ab0   0x00001ab0   0x000002f8   Code   RO            6    i.main              main.o
    0x00001da8   0x00001da8   0x00000016   Code   RO          478    i.oled_pow          oled.o
    0x00001dbe   0x00001dbe   0x0000000a   Code   RO         2119    x$fpl$fpinit        fz_wm.l(fpinit.o)
    0x00001dc8   0x00001dc8   0x0000001c   Data   RO          295    .constdata          uartstdio.o
    0x00001de4   0x00001de4   0x00001198   Data   RO          480    .constdata          oled.o
    0x00002f7c   0x00002f7c   0x00000210   Data   RO          948    .constdata          msp432e4_driverlib.a(sysctl.o)
    0x0000318c   0x0000318c   0x00000010   Data   RO         1462    .constdata          arm_cortexM4lf_math.a(arm_const_structs.o)
    0x0000319c   0x0000319c   0x00003000   Data   RO         1783    .constdata          arm_cortexM4lf_math.a(arm_common_tables.o)
    0x0000619c   0x0000619c   0x00001f80   Data   RO         1810    .constdata          arm_cortexM4lf_math.a(arm_common_tables.o)
    0x0000811c   0x0000811c   0x00000011   Data   RO          296    .conststring        uartstdio.o
    0x0000812d   0x0000812d   0x00000003   PAD
    0x00008130   0x00008130   0x00000020   Data   RO         2189    Region$$Table       anon$$obj.o


    Execution Region RW_IRAM1 (Exec base: 0x20000000, Load base: 0x00008150, Size: 0x0000c890, Max: 0x00040000, ABSOLUTE, COMPRESSED[0x000000c0])

    Exec Addr    Load Addr    Size         Type   Attr      Idx    E Section Name        Object

    0x20000000   COMPRESSED   0x00000028   Data   RW            8    .data               main.o
    0x20000028   COMPRESSED   0x00000004   Data   RW          226    .data               system_msp432e401y.o
    0x2000002c   COMPRESSED   0x00000005   Data   RW          297    .data               uartstdio.o
    0x20000031   COMPRESSED   0x00000003   PAD
    0x20000034   COMPRESSED   0x00000200   Data   RW          481    .data               oled.o
    0x20000234        -       0x0000c000   Zero   RW            7    .bss                main.o
    0x2000c234        -       0x000003f8   Zero   RW          479    .bss                oled.o
    0x2000c62c        -       0x00000060   Zero   RW         2061    .bss                c_w.l(libspace.o)
    0x2000c68c   COMPRESSED   0x00000004   PAD
    0x2000c690        -       0x00000000   Zero   RW          280    HEAP                startup_msp432e401y_uvision.o
    0x2000c690        -       0x00000200   Zero   RW          279    STACK               startup_msp432e401y_uvision.o


==============================================================================

Image component sizes


      Code (inc. data)   RO Data    RW Data    ZI Data      Debug   Object Name

      1004        102          0         40      49152      25429   main.o
      1854         88       4504        512       1016       9829   oled.o
        60         22        508          0        512        940   startup_msp432e401y_uvision.o
        32         12          0          4          0        811   system_msp432e401y.o
       108         12         45          5          0       2333   uartstdio.o

    ----------------------------------------------------------------------
      3062        236       5092        564      50680      39342   Object Totals
         0          0         32          0          0          0   (incl. Generated)
         4          0          3          3          0          0   (incl. Padding)

    ----------------------------------------------------------------------

      Code (inc. data)   RO Data    RW Data    ZI Data      Debug   Library Member Name

       192          0          0          0          0        628   arm_bitreversal2.o
       548          0          0          0          0      21053   arm_cfft_q15.o
      1828          0          0          0          0      24650   arm_cfft_radix4_q15.o
        42          0          0          0          0      17528   arm_cmplx_mag_q15.o
         0          0      20352          0          0      25103   arm_common_tables.o
         0          0         16          0          0      25102   arm_const_structs.o
       204         14          0          0          0      17731   arm_sqrt_q15.o
        90          0          0          0          0          0   __dczerorl2.o
         8          0          0          0          0         68   __main.o
         0          0          0          0          0          0   __rtentry.o
        12          0          0          0          0          0   __rtentry2.o
         6          0          0          0          0          0   __rtentry4.o
        52          8          0          0          0          0   __scatter.o
        28          0          0          0          0          0   __scatter_zi.o
        18          0          0          0          0         80   exit.o
         6          0          0          0          0        152   heapauxi.o
         0          0          0          0          0          0   indicate_semi.o
         2          0          0          0          0          0   libinit.o
         6          0          0          0          0          0   libinit2.o
         2          0          0          0          0          0   libshutdown.o
         2          0          0          0          0          0   libshutdown2.o
         8          4          0          0         96         68   libspace.o
        78          0          0          0          0         80   rt_memclr_w.o
         2          0          0          0          0          0   rtexit.o
        10          0          0          0          0          0   rtexit2.o
        12          4          0          0          0         68   sys_exit.o
        74          0          0          0          0         80   sys_stackheap_outer.o
         2          0          0          0          0         68   use_no_semi.o
        10          0          0          0          0        116   fpinit.o
       112          0          0          0          0       3875   adc.o
       640         40        528          0          0       5085   sysctl.o
        50          0          0          0          0        742   timer.o

    ----------------------------------------------------------------------
      4054         70      20896          0        100     142277   Library Totals
        10          0          0          0          4          0   (incl. Padding)

    ----------------------------------------------------------------------

      Code (inc. data)   RO Data    RW Data    ZI Data      Debug   Library Name

      2814         14      20368          0          0     131795   arm_cortexM4lf_math.a
       418         16          0          0         96        664   c_w.l
        10          0          0          0          0        116   fz_wm.l
       802         40        528          0          0       9702   msp432e4_driverlib.a

    ----------------------------------------------------------------------
      4054         70      20896          0        100     142277   Library Totals

    ----------------------------------------------------------------------

==============================================================================


      Code (inc. data)   RO Data    RW Data    ZI Data      Debug   

      7116        306      25988        564      50780     179211   Grand Totals
      7116        306      25988        192      50780     179211   ELF Image Totals (compressed)
      7116        306      25988        192          0          0   ROM Totals

==============================================================================

    Total RO  Size (Code + RO Data)                33104 (  32.33kB)
    Total RW  Size (RW Data + ZI Data)             51344 (  50.14kB)
    Total ROM Size (Code + RO Data + RW Data)      33296 (  32.52kB)

==============================================================================

